

 GDI

 Start     Length     Name                   Class
 0000:0000 00000H     _TEXT                  CODE          ; placeholder
 0000:0000 00000H     _DATA                  DATA          ; placeholder

 Origin   Group
 0001:0   _TEXT
 0002:0   _INIT
 0003:0   _FONTINQ
 0004:0   _FONTINQ2
 0005:0   _FONTLOAD
 0006:0   _FONTRES
 0007:0   _MISC
 0008:0   _FONTSYNTH
 0009:0   _FONTSIMS
 000A:0   _RGCREATE
 000B:0   _RGOUT
 000C:0   _FLOODFILL
 000D:0   _METAFILE
 000E:0   _STRETCHBLT
 000F:0   _GDISIM
 0010:0   _RECT
 0011:0   _ELLIPSE
 0012:0   _PIEARC
 0013:0   _POLYGON
 0014:0   _POLYHELP
 0015:0   _PIXDDA
 0016:0   _OUTMAN
 0017:0   _SORT
 0018:0   _DOTMATRIX
 0019:0   _SPOOL
 001A:0   _SPOOL2
 001B:0   _SPOOL3
 001C:0   _VECTFONT
 001D:0   _TRIG
 001E:0   _VECTSIM
 001F:0   DGROUP

  Address         Publics by Value

 0000:0001       __acrtused
 0000:0006       PLOCALHEAP
 0000:0008       pAtomTable
 0000:000A       pStackTop
 0000:000C       pStackMin
 0000:000E       pStackBot
 0001:0000       CREATECOMPATIBLEDC
 0001:0046       CREATECOMPATEXIT
 0001:0052       CREATEDC
 0001:0056       CREATEIC
 0001:0058       INTERNALCREATEDC
 0001:00C7       CREATEDC10
 0001:00DB       CREATEDC15
 0001:00E8       CREATEDC20
 0001:00EB       CREATEDC30
 0001:018C       CREATEDC40
 0001:01E5       CREATEDC45
 0001:01F2       CREATEDC50
 0001:01FF       CREATEDC60
 0001:0218       CREATEDC70
 0001:021A       CREATEDCEXIT
 0001:0227       GETLOG
 0001:022E       GETLOG10
 0001:023D       GETLOG20
 0001:027F       GETLOG30
 0001:0282       GETLOG40
 0001:028C       GETLOG50
 0001:02CC       GETPHYS
 0001:02F1       GETPHYS10
 0001:02F5       GETPHYS15
 0001:02F8       GETPHYS20
 0001:030C       GETPHYS25
 0001:0313       GETPHYS30
 0001:0321       GETPHYS35
 0001:033B       GETPHYS40
 0001:034A       GETPHYS50
 0001:0365       GETPHYS60
 0001:039D       GETPHYS65
 0001:03B3       GETPHYS70
 0001:03CA       GETPHYS80
 0001:03CD       GETPHYS100
 0001:03D2       GETPHYS130
 0001:040D       GETPHYS140
 0001:042E       GETPHYS150
 0001:0433       GETPHYS160
 0001:0453       GETPHYS170
 0001:0456       GETPHYS200
 0001:0477       GETPHYS300
 0001:0495       GETPHYS310
 0001:04B0       GETPHYS320
 0001:04B1       DELETEMETASTUFF
 0001:04C4       DELETEMETASTUFF1
 0001:04C5       MYADDATOM
 0001:04CD       MYDELETEATOM
 0001:04D5       RETACHAIN
 0001:04E9       RETACHAIN1
 0001:04E9       RETATOMS
 0001:0500       FREEHANDLES
 0001:0501       FREEHANDLES1
 0001:050D       FREEHANDLES2
 0001:0511       MYALLOC
 0001:051E       SAVEDC
 0001:05DF       RESTOREDC
 0001:0690       SAVEVISRGN
 0001:06E3       RESTOREVISRGN
 0001:073F       INVALIDATECLIP
 0001:0750       DELETEDC
 0001:08F4       CREATEPENINDIRECT
 0001:0916       CREATEPEN
 0001:0943       CREATEBRUSHINDIRECT
 0001:0A07       CREATESOLIDBRUSH
 0001:0A2A       CREATEHATCHBRUSH
 0001:0A4E       CREATEPATTERNBRUSH
 0001:0A81       CREATEFONTINDIRECT
 0001:0AAE       CREATEFONT
 0001:0B17       CREATEBITMAPINDIRECT
 0001:0C13       CREATEBITMAP
 0001:0C7E       CREATECOMPATIBLEBITMAP
 0001:0C81       CREATEDISCARDABLEBITMAP
 0001:0C83       COMPATIBLEBITMAP
 0001:0D2D       SETBITMAPDIMENSION
 0001:0D71       GETBITMAPDIMENSION
 0001:0DAF       SETDCORG
 0001:0E58       SETWINDOWEXT
 0001:0E60       SETVIEWPORTEXT
 0001:0E66       SETWINVIEWEXT
 0001:0EFD       SCALEVIEWPORTEXT
 0001:0F08       SCALEWINDOWEXT
 0001:0F11       SCALEEXT
 0001:0F93       GETNEARESTCOLOR
 0001:0FEC       SETBKCOLOR
 0001:1069       SETTEXTCOLOR
 0001:1116       SELECTCLIPRGN
 0001:11B7       SELECTVISRGN
 0001:120F       INTERSECTVISRECT
 0001:1212       EXCLUDEVISRECT
 0001:1218       INTERSECTCLIPRECT
 0001:121F       EXCLUDECLIPRECT
 0001:1226       RECTSTUFF
 0001:12FE       COMPUTECLIPRGN
 0001:134C       GETCLIPBOX
 0001:13AB       RGNTYPE
 0001:13C6       COPYRGNNEW
 0001:13DE       FARCOPYRGNNEW
 0001:13F9       CINVALIDATECLIP
 0001:1418       DELETEOBJECT
 0001:146E       SANCTIONBITMAP
 0001:14D6       SELECTOBJECT
 0001:15D1       SELECTBITMAP
 0001:16E0       UNLOCKDC
 0001:16E3       LOCKDC
 0001:16E5       LOCKUNLOCK
 0001:1821       VALIDATEHANDLE
 0001:1872       HOWLONGISIT
 0001:187E       FARHOWLONGISIT
 0001:1894       FARGDIFIXEDALLOC
 0001:189B       FARGDILOCALALLOC
 0001:18A3       GDILOCALALLOC
 0001:18B4       GDIFIXEDALLOC
 0001:18BA       GDIGLOBALALLOC
 0001:18D2       FARGDIGLOBALALLOC
 0001:18F6       GDILOCKDATASEG
 0001:1907       FARGDILOCKDATASEG
 0001:1928       GDIUNLOCKDATASEG
 0001:1939       FARGDIUNLOCKDATASEG
 0001:195A       LOCALDISPOSE
 0001:196F       GETRGNBOX
 0001:19BF       INQUIREVISRGN
 0001:19FD       GDIINITAPP
 0001:1A28       TRIPLEEXTEND
 0001:1A49       TRIPLEADD
 0001:1A79       TRIPLESUB
 0001:1AA9       TRIPLELEFTSHIFT
 0001:1ACC       TRIPLEMUL
 0001:1B3C       GETPBRUSH
 0001:1CEB       GETPPEN
 0001:1E7A       SETBRUSHORG
 0001:1EC0       UNREALIZEOBJECT
 0001:1F24       UNREALIZEOBJECTERROR
 0001:1F28       RGOFFSET
 0001:1F96       INREGION
 0001:2017       FARINREGION
 0001:203A       PTINRECT
 0001:2089       INTERSECTRECT
 0001:2144       RGNWALK
 0001:225B       BITBLTBODY
 0001:253D       BLTOUTPUT
 0001:25D9       PATBLT
 0001:2625       BITBLT
 0001:265F       STRETCHBLT
 0001:27D3       TEXTOUT
 0001:297E       TEXTOUTPUT
 0001:29D4       GETTEXTEXTENT
 0001:29FB       GETCONTINUINGTEXTEXTENT
 0001:2A23       GETOVERALLTEXTEXTENT
 0001:2BC9       GETBASICEXTENT
 0001:2C6E       CREATERECTRGNINDIRECT
 0001:2C8C       OFFSETRGN
 0001:2CD4       OFFSETCLIPRGN
 0001:2D5B       OFFSETVISRGN
 0001:2DB4       PTVISIBLE
 0001:2E1A       RECTVISIBLE
 0001:2F05       EQUALRGN
 0001:2F86       GETPFONT
 0001:3146       MULDIV
 0001:31AB       MAKEISO
 0001:3239       DEATH
 0001:3270       RESURRECTION
 0001:32BC       SEARCHENV
 0001:32CD       SANSCOLON
 0001:3349       GETSTOCKOBJECT
 0001:335F       GETDEVICECAPS
 0001:33A9       GETBITMAPBITS
 0001:33AC       SETBITMAPBITS
 0001:33AE       BITMAPBITS
 0001:344A       GETBKCOLOR
 0001:344D       GETTEXTCOLOR
 0001:3450       GETROP2
 0001:3453       GETPOLYFILLMODE
 0001:3456       GETSTRETCHBLTMODE
 0001:3459       GETMAPMODE
 0001:345C       GETBKMODE
 0001:345F       GETRELABS
 0001:3462       GETWINDOWORG
 0001:3465       GETVIEWPORTORG
 0001:3468       GETDCORG
 0001:346B       GETBRUSHORG
 0001:346E       GETWINDOWEXT
 0001:3471       GETVIEWPORTEXT
 0001:3474       GETCURRENTPOSITION
 0001:3476       GSV
 0001:34BA       MOVETO
 0001:3510       ALTMOVETO
 0001:3536       WORDSET
 0001:358F       SETROP2
 0001:3596       SETPOLYFILLMODE
 0001:359D       SETSTRETCHBLTMODE
 0001:35A4       SETBKMODE
 0001:35AB       SETRELABS
 0001:35B2       SETTRANSLATE
 0001:35C5       SETUNITARY
 0001:35DE       SETMAPMODE
 0001:368A       OFFSETWINDOWORG
 0001:3692       OFFSETVIEWPORTORG
 0001:3698       OFFSETORG
 0001:36ED       SETWINDOWORG
 0001:3748       SETVIEWPORTORG
 0001:37B0       DPTOLP
 0001:37B5       LPTODP
 0001:37B8       DPXLATE
 0001:3804       FARLPTOSP
 0001:3809       FARSPTOLP
 0001:380C       FARSPXLATE
 0001:3834       SPTOLP
 0001:3839       LPTOSP
 0001:3858       FARLC2DC
 0001:386E       LC2DC
 0001:3964       FARDC2LC
 0001:397A       DC2LC
 0001:3B8C       SLOWPROLOGUE
 0001:3B92       SLOWPROLOGUEALT
 0001:3BB4       CHECKMETAFILE
 0001:3C14       ALTRECORDMETA
 0001:3C1D       ALTRECORDMETAAX
 0001:3C90       RECORDMETA
 0001:3CE0       MERGESCAN
 0001:3D6E       MERGERGN
 0001:3F88       COMBINERGN
 0001:40E7       RGCOPY
 0001:4117       RGRECT
 0001:411A       RGRECTALT
 0001:411C       RGRECTBODY
 0001:41AD       RGNEW
 0001:41C9       CREATERECTRGN
 0001:4201       SETRECTRGN
 0001:4230       ITOA
 0001:4269       WALKSTOCK
 0001:42B1       __ldiv
 0001:4362       __lmul
 0001:43D4       __lrem
 0001:4488       __lshl
 0001:44A0       _chkstk
 0001:44A0       __chkstk
 0001:44A0       chkstk
 0001:44CA       __astkovr
 0001:44CD       __cintDIV
 0001:44D0       __fptrap
 0001:44D9       _TEXT_NEARFRAME
 0001:451B       _TEXT_FARFRAMEX
 0001:451C       _TEXT_FARFRAME
 0001:4569       __ulmul
 0002:0000       GDIINIT
 0002:0195       INITFONTS
 0003:0000       GETTEXTFACE
 0003:00A1       XTRANS
 0003:00EA       YTRANS
 0003:0133       ENUMFONTS
 0003:04AE       ENUMERATEFONT
 0003:078E       ENUMCALLBACK
 0004:0000       GETTEXTMETRICS
 0005:0000       LOADPFONTHANDLER
 0005:0225       LOADPFONT
 0005:02CE       MAPFONT
 0005:0918       FINDPFONT
 0005:0D1A       GETATOM
 0005:0D49       FONTFIT
 0006:0000       SCANPFI
 0006:0253       DELETEFONT
 0006:028A       DELETEFONTBYDEVICE
 0006:02AC       ADDFONTRESOURCE
 0006:05A4       ADDNEXTFONT
 0006:0695       REMOVEFONTRESOURCE
 0006:07A3       COMPACTPFT
 0006:08E4       DECREMENTFONTRESOURCE
 0006:098B       INCREMENTFONTRESOURCE
 0006:09D1       FONTRESOURCEINDEX
 0007:0000       SETDCSTUFF
 0007:0021       ESCAPE
 0007:0236       NEXTBANDCODE
 0007:0425       QUERYABORT
 0007:0474       GETENVIRONMENT
 0007:04E1       SETENVIRONMENT
 0007:05C4       GETOBJECT
 0007:069F       ENUMOBJECTS
 0007:072B       ENUMOBJCALLBACK
 0008:0000       SYNTHFONT
 0008:0112       LOADSYNTHFONT
 0008:048E       SYNTHSCALE
 0008:053F       BLOAT
 0009:0000       SETTEXTCHARACTEREXTRA
 0009:0098       GETTEXTCHARACTEREXTRA
 0009:00E3       SETTEXTJUSTIFICATION
 0009:0197       SETMAPPERFLAGS
 0009:01C9       TEXTSIMULATIONS
 000A:0000       CREATEELLIPTICRGN
 000A:004F       CREATEELLIPTICRGNINDIRECT
 000A:007B       CREATEPOLYGONRGN
 000B:0000       FILLRGN
 000B:0085       PAINTRGN
 000B:00F7       INVERTRGN
 000B:0166       FILLINVERTRGN
 000B:0307       FRAMERGN
 000B:0913       XORLIST
 000B:0ACB       PTINREGION
 000C:0000       MERGE
 000C:0155       GETDOWN
 000C:0226       EXTEND
 000C:04C8       FLOODFILL
 000C:0605       COLOUROVER
 000C:0659       SCAN
 000C:07B3       PUSHX
 000C:0839       INSCAN
 000C:0888       SCANLR
 000D:0000       GETMETAFILE
 000D:00CB       DELETEBANDINGMETAFILE
 000D:0131       DELETEMETAFILE
 000D:0164       PLAYMETAFILE
 000D:02D2       GETEVENT
 000D:04A4       PLAYEVENT
 000D:09DB       ADDTOHANDLETABLE
 000D:0A10       RECORDPARMS
 000D:0BB5       ATTEMPTWRITE
 000D:0C69       MARKMETAFILE
 000D:0CD1       RECORDOTHER
 000D:1290       RECORDOBJECT
 000D:139A       PROBESIZE
 000D:1475       ADDTOTABLE
 000D:1562       CREATEMETAFILE
 000D:1631       CLOSEMETAFILE
 000D:17D2       COPYMETAFILE
 000D:1927       GETMETAFILEBITS
 000D:1996       SETMETAFILEBITS
 000D:19C2       CALLMETAFUNCTION
 000D:19F0       GETPMETAFILE
 000E:0000       LOCKBITMAP
 000E:006E       UNLOCKBITMAP
 000E:008C       REALSTRETCHBLT
 000E:06CD       BLTCOLUMNS
 000E:0726       BLTROWS
 000E:0779       INTEGERMULTIPLE
 000E:08C0       BLTTHROUGHRGN
 000E:08FA       BLTROWS2
 000E:099D       BLTOUT
 000E:0A23       STRETCHX
 000E:0AB0       INITBITMAP
 000F:0000       POLYGON
 000F:0062       POLYGONGUTS
 000F:0164       ELLIPSE
 000F:01CD       ROUNDRECT
 000F:022E       PIE
 000F:0295       ARC
 0010:0000       CLIPTEST
 0010:0050       GETVECTORPEN
 0010:00C5       OEMOUTPUT
 0010:010D       RECTANGLE
 0010:067B       SCANINTERSECT
 0010:0814       OEMPATBLT
 0010:086C       SMARTBLT
 0010:08BB       SCANFIX
 0010:0988       SCANOUT
 0010:0B03       ADDSCANLIST
 0010:0B90       UNIONRECTRGN
 0011:0000       ELLIPSEGUTS
 0011:0B77       COMBINEELLIPSEBORDER
 0012:0000       PIETRANSFORM
 0012:0072       GETTOPINTERSECTION
 0012:00E6       CALCULATEPENWIDTHS
 0012:012C       PIEARCISITSPECIAL
 0012:017C       PIEARCSPECIALCASE
 0012:02D8       NEWWALL
 0012:0399       UPDATEWALL
 0012:03E5       PIEARC
 0012:0EA9       GETPIECASE
 0012:0F13       PIESWITCH1
 0012:14CA       PIESWITCH2
 0013:0000       INTSORT
 0013:00B3       STRSORT
 0013:01A5       COUNTWALLS
 0013:0228       POLYGONGUTS2
 0013:0942       UNWIND
 0014:0000       INITWALLS
 0014:013C       INITWALLPREV
 0015:0000       LINEDDA
 0015:0003       STRETCHDDA
 0015:0005       INNERLINEDDA
 0015:0157       SETPIXEL
 0015:0222       GETPIXEL
 0016:0000       CLIPLINE
 0016:021F       ROTATESTYLEMASK
 0016:03F6       POLYLINEGUTSALT
 0016:03F9       POLYLINEGUTS
 0016:03FB       POLYLINEGUTSBODY
 0016:05B1       CHEAPCLIP
 0016:06D9       PIXTOLINE
 0016:07A3       LINETO
 0016:082B       POLYLINE
 0016:08E0       WIDELINE
 0016:0A55       GETCAP
 0016:0B86       POLYLINETOPOLYGON
 0017:0000       CREATEPQ
 0017:0072       MINPQ
 0017:0091       EXTRACTPQ
 0017:00AF       GETMIN
 0017:01F1       SIZEPQ
 0017:027D       DELETEPQ
 0017:029A       INSERTPQ
 0017:03D5       SWAP
 0018:0000       DMTRANSPOSE
 0018:00A2       DMBITBLT
 0018:00A7       DMSTRBLT
 0018:00AC       DMCOLORINFO
 0018:00B1       DMPIXEL
 0018:00B6       DMOUTPUT
 0018:00BB       DMREALIZEOBJECT
 0018:00C0       DMENUMDFONTS
 0018:00C6       DMENUMOBJ
 0018:00CB       DMSCANLR
 0018:00CE       BRUTE
 0019:0000       COPY
 0019:0024       OPENJOB
 0019:01BD       STARTSPOOLPAGE
 0019:03B2       WRITESPOOL
 0019:04F4       WRITEFILE
 0019:0589       WRITEDIALOG
 0019:0719       ENDSPOOLPAGE
 0019:086A       CLOSEJOB
 0019:0933       DELETEJOB
 0019:0A05       FREEALL
 0019:0A6B       GETSPOOLTEMPDRIVE
 0019:0AD2       FINDPORT
 0019:0B1B       GETSPOOLJOB
 0019:0BDA       QUERYJOB
 0019:0C2C       LSTRNCPY
 0019:0C65       ISJOBVALID
 0019:0C84       LOADSPOOLER
 001A:0000       SETUPPORTTABLE
 001A:02E6       FINDPRINTERNAMES
 001A:037C       FINDALLPORTS
 001A:041C       REMOVECOLON
 001A:0478       OUTOFDISKHANDLER
 001B:0000       WRITEPORT
 001B:0147       OPENPORT
 001B:01DA       CLOSEPORT
 001B:0215       RESETPORT
 001B:0248       SPOOLSETDCB
 001B:03E1       ATOI
 001C:0000       VECTTEXTOUTPUT
 001C:0567       VECTTEXTEXTENT
 001C:0922       NEXTCHARORG
 001C:0A18       PLACEVECTCHAR
 001C:0F99       NORMALIZEANGLE
 001C:0FC0       CALCBOUNDINGPOLY
 001C:120D       ROTBOUNDINGRECT
 001C:12FC       CONSTRAINORIENTATION
 001C:1329       LBMOVETO
 001C:138A       LBLINETO
 001D:00B6       RSIN
 001D:00DE       RCOS
 001E:0000       INITVECTOR
 001E:0134       VECTORSCAN
 001E:02BA       DUMPLINE
 001E:0347       DONEVECTOR
 001F:0004       rsrvptrs
 001F:0010       DISPLAYATOM
 001F:0012       NULLPORTATOM
 001F:0014       HSTATICBITMAP
 001F:0016       STOCKOBJ
 001F:0034       HBOGUSPEN
 001F:0036       HBOGUSBRUSH
 001F:0038       OBJECTCOUNT
 001F:003C       METAFUNCTION
 001F:0104       HGDIMODULE
 001F:0106       TEMPDRIVE
 001F:0108       HSCREENDC
 001F:010A       HLDEVHEAD
 001F:0111       METAPREFIX
 001F:011A       HATCHDIR
 001F:012C       NUM_PF_INSTANCES
 001F:012E       NUM_PHYS_FONTS
 001F:0130       NUM_RESOURCES
 001F:0132       SIZE_PF_INST_TAB
 001F:0134       SIZE_PFONT_TAB
 001F:0136       SIZE_RES_TAB
 001F:0138       PFI_READ_LOCKEDOUT
 001F:013A       PFI_WRITE_LOCKEDOUT
 001F:013C       PFT_READ_LOCKEDOUT
 001F:013E       PFT_WRITE_LOCKEDOUT
 001F:0140       RT_READ_LOCKEDOUT
 001F:0142       RT_WRITE_LOCKEDOUT
 001F:021E       GLOBALMOVABLE
 001F:0220       GLOBALMOVABLENONSHARED
 001F:0222       GLOBALFIXED
 001F:0224       LOCALMOVABLE
 001F:0226       LOCALFIXEDZEROED
 001F:0228       LOCALMOVABLEZEROED
 001F:022A       GLOBALDISCARDABLEMODIFY
 001F:0302       SP_INIT
 001F:0304       SP_HWND
 001F:0306       SP_NOLOAD
 001F:0308       LISTEDPORTCNT
 001F:030A       DISKAVAIL
 001F:030E       NO_SPOOLER_SYSTEM
 001F:0380       __aaltstkovr
 001F:0390       OPENCOM
 001F:0390       _edata
 001F:0394       PF_INST_TAB
 001F:0396       MESSAGEBOX
 001F:039A       RES_TABLE
 001F:039C       SENDMESSAGE
 001F:03A0       FIRSTFONTHANDLE
 001F:03A2       PORTS
 001F:03CA       MAXPRINTER
 001F:03CC       GETCURTIME
 001F:03D0       CLOSECOM
 001F:03D4       POSTMESSAGE
 001F:03D8       WRITECOM
 001F:03DC       GETCOMSTATE
 001F:03E0       GETCOMERROR
 001F:03E4       ESCAPECOMFUNCTION
 001F:03E8       READCOM
 001F:03EC       FLUSHCOM
 001F:03F0       SETCOMSTATE
 001F:03F4       PFONT_TABLE

Program entry point at 0002:0000