
LINK : warning L4021: no stack segment

 IBMDOS

 Start     Length     Name                   Class
 0001:0000 00000H     FIRSTCODE              CODE
 0001:0000 06B42H     CODE                   CODE
 0001:6B42 00000H     ENDCODE                CODE
 0002:0000 001C6H     START                  DATA
 0002:01C6 00B54H     CONSTANTS              DATA
 0002:0D1A 0179AH     DATA                   DATA
 0002:24B4 00500H     TABLE                  DATA
 0002:29B4 00000H     INTERRMSG              DATA
 0002:29B4 01FE9H     LASTDATA               DATA
 0002:499E 00000H     ENDDATA                DATA
 0003:0000 0070CH     TASKAREA               PTDADATA
 0004:0000 00056H     RING3CODE              RING3CODE
 0005:0000 028E5H     INITCODE               INITCODE
 0006:0000 00050H     DOSCALLS               DCMDATA
 0006:0050 0000BH     DCM_NAMESEGH           DCMDATA
 0006:005B 0067EH     DCM_NAMESEG            DCMDATA
 0006:06D9 0001EH     DCM_NAMEEND            DCMDATA
 0006:06F7 00000H     DCM_ENTRYSEGH          DCMDATA
 0006:06F7 00186H     DCM_ENTRYSEG           DCMDATA
 0006:087D 00006H     DCM_ENTRYEND           DCMDATA
 0007:0000 03288H     GDTSTART               HIGHDATA
 0007:3288 00388H     GDTSEG                 HIGHDATA
 0007:3610 00000H     GDTEND                 HIGHDATA
 0007:3610 00AE2H     HIGHDATA               HIGHDATA
 0008:0000 0BF9EH     HIGHCODE               HIGHCODE
 0008:BF9E 00000H     ENDHIGHCODE            HIGHCODE
 0009:0000 099B7H     HIGH2CODE              HIGH2CODE
 0009:99B8 00000H     ENDHIGH2CODE           HIGH2CODE

 Origin   Group
 0006:0   DOSMTE
 0001:0   DOSCODE
 0008:0   DOSHIGHCODE
 0007:0   DOSHIGHDATA
 0002:0   DOSGROUP
 0009:0   DOSHIGH2CODE
 0004:0   DOSRING3CODE
 0005:0   DOSINITCODE
 0003:0   TASKGROUP

  Address         Publics by Value

 0000:0001  Abs  SwapSelLstNum
 0000:0004  Abs  RmSelLstNum
 0000:000A  Abs  Bmp_SegSize
 0000:000E  Abs  SchedTCB_size
 0000:0013  Abs  DivMesLen
 0000:0024  Abs  MaxCall
 0000:002C  Abs  TSSLEN
 0000:005F  Abs  HeaderLen
 0000:006B  Abs  MaxCom
 0000:0071  Abs  PTDAsizeP
 0000:0100  Abs  TEMPBUFLEN
 0000:018B  Abs  size_strp_release
 0000:0386  Abs  PTDAsizeW
 0000:0400  Abs  IDTLEN
 0000:070C  Abs  PTDAsizeB
 0001:0000       IntErrNull
 0001:0013       hy_IntErrNull
 0001:0035       IntErr
 0001:004B       hy_IntErr
 0001:007F       hy_UsrErr
 0001:0083       UsrErr
 0001:00AE       ErrPrnt
 0001:00D4       hy_WrtToScrn
 0001:00D8       WrtToScrn
 0001:00E6       ByteToScrnDM
 0001:0131       hy_StrLen
 0001:0135       StrLen
 0001:0143       hy_DStrLen
 0001:0147       DStrLen
 0001:0151       Str$Len
 0001:0165       hy_XCHGP
 0001:0169       XCHGP
 0001:0170       hy_HexToAscii
 0001:0174       HexToAscii
 0001:018D       PopFlags
 0001:018E       hy_SysServWake
 0001:0198       SysServQueueEvent
 0001:01E6       hy_SysServChkDaemon
 0001:0208       hy_w_Beep
 0001:020C       w_Beep
 0001:027C       $Std_Con_Input_No_Echo
 0001:028B       $Std_Con_String_Output
 0001:0294       Cons_String_Output
 0001:02F6       $Std_Con_String_Input
 0001:0336       GETCH
 0001:03E9       KILNEW
 0001:03FC       CTRLZ
 0001:0435       BACKSP
 0001:04F3       TWOESC
 0001:04FF       COPYLIN
 0001:0505       COPYSTR
 0001:050A       COPYONE
 0001:054D       SKIPONE
 0001:0563       SKIPSTR
 0001:062F       REEDIT
 0001:0643       EXITINS
 0001:0643       ENTERINS
 0001:064B       CRLF
 0001:0655       $Raw_Con_IO
 0001:0687       $Raw_Con_Input
 0001:06A2       RAWOUT
 0001:06B4       RAWOUT2
 0001:06CB       $Std_Con_Input
 0001:06D6       $Std_Con_Output
 0001:06D8       OUT
 0001:075A       TAB
 0001:077E       BUFOUT
 0001:0793       $Std_Aux_Input
 0001:07B0       $Std_Aux_Output
 0001:07B6       $Std_Printer_Output
 0001:07CA       $Std_Con_Input_Status
 0001:07D4       $Std_Con_Input_Flush
 0001:080C       DskStatChk
 0001:0873       StatChk
 0001:08C0       PrintToggle
 0001:08FA       InputChk
 0001:0921       CNTCHAND
 0001:0991       IntCharIO
 0001:09CC       DivOv
 0001:09E8       CheckPause3xBox
 0001:0A07       TogglePause3xBox
 0001:0A25       RMCharHard
 0001:0A36       hy_TestDBCSLOW
 0001:0A3A       TestDBCSLOW
 0001:0A4A       hy_FindChar
 0001:0A4E       FindChar
 0001:0A70       hy_DevDeInstall
 0001:0A74       DevDeInstall
 0001:0A93       hy_DevIOCall2
 0001:0A97       DevIOCall2
 0001:0B8D       AllocReqPacket
 0001:0B91       hy_AllocReqPacketWait
 0001:0B95       AllocReqPacketWait
 0001:0BD5       hy_FreeReqPacket
 0001:0BD9       FreeReqPacket
 0001:0C17       hy_Dev_FuncLev
 0001:0C1B       Dev_FuncLev
 0001:0C2C       hy_SetRead
 0001:0C30       SetRead
 0001:0C67       hy_SetWrite
 0001:0C6B       SetWrite
 0001:0C77       hy_InitResDevice
 0001:0C7B       InitResDevice
 0001:0C7F       InitDevice
 0001:0CBC       hy_DeviceHelpRM
 0001:0CC1       hy_DeviceHelpDM
 0001:0D32       ie_devhlp0
 0001:0DA5       PostTrace
 0001:0E1C       SchedAddr
 0001:0E25       PullRequest
 0001:0E4D       PullParticular
 0001:0E8F       PushRequest
 0001:0EC5       SortRequest
 0001:0F25       QueueFlush
 0001:0F36       QueueWrite
 0001:0F62       QueueRead
 0001:0F94       GetDOSVar
 0001:0FB1       dh_YieldTC
 0001:0FC6       dh_ROMCritSection
 0001:0FD0       hy_ROMCritSection
 0001:0FD4       ROMCritSection
 0001:0FEE       ie_devhlp1
 0001:0FF6       ie_devhlp2
 0001:0FF7       SendEventTab
 0001:1003       dh_SendEvent
 0001:107F       ie_devhlp3
 0001:1080       Stay_Resident
 0001:1080       System_Call
 0001:108E       Quit
 0001:1094       Iret
 0001:1095       Call_Entry
 0001:10AE       Command
 0001:10EE       ReDisp
 0001:1170       Exit_Kmode
 0001:1173       hy_Exit_Kmode
 0001:131E       Exit_KmodeRM
 0001:1407       hy_Enter_Kmode
 0001:1447       Enter_KmodeRM
 0001:14C4       Pop_All
 0001:14D9       Get_User_Stack
 0001:1530       RMDevCheckFCB
 0001:1538       RMDevCheck
 0001:1599       Get_IO_Info
 0001:15BB       SwapBack
 0001:15C1       SwapCon
 0001:15CE       IOFunc
 0001:1676       IOFuncToFile
 0001:16E6       FileInput
 0001:16F7       RMDevRead
 0001:1728       RMDevReadConsole
 0001:178E       RMDevRawRead
 0001:17EA       RMDevCookedRead
 0001:1861       RMDevWrite
 0001:1891       RMDevWriteConsole
 0001:18B5       RMDevRawWrite
 0001:1911       RMDevCookedWrite
 0001:1983       RMDevIOCtl
 0001:19C2       hy_$ExecDM
 0001:19C6       $ExecDM
 0001:19F4       $Exec
 0001:1E59       CheckForTopView
 0001:1EB6       TVStartUp
 0001:1EC2       TVShutDown
 0001:1ECE       rmode_start
 0001:1F77       Fix3xBoxJFNTable
 0001:1FA8       ie_dos3init9
 0001:1FC6       arena_free_process
 0001:1FEB       ArenaAllToSystem
 0001:2012       ArenaBlkToSystem
 0001:2015       ChangeOwner
 0001:205B       $alloc
 0001:2141       $setblock
 0001:2166       $dealloc
 0001:217C       $allocOper
 0001:21A6       SetJFNPointer
 0001:21EF       $Dup_PDB
 0001:21FA       $Create_Process_Data_Block
 0001:22D2       $Wait
 0001:22E1       $Abort
 0001:22F5       exitPDB
 0001:2306       ie_dos3task0
 0001:2385       Restore_PDB_Vectors
 0001:23A7       $Keep_Process
 0001:23D3       $Exit
 0001:23E8       MAP_DCASE
 0001:23FF       MAP_NOCASE
 0001:2400       MAP_SCASE
 0001:2409       MAP_NCASE
 0001:241A       OEMFunctionKey
 0001:243A       $Get_FCB_Position
 0001:2452       $FCB_Delete
 0001:2473       $Get_FCB_File_Length
 0001:2517       $FCB_Close
 0001:2586       $FCB_Rename
 0001:25CE       SaveFCBInfo
 0001:262B       ResetLRU
 0001:2651       SetOpenAge
 0001:266B       LRUFCB
 0001:272E       FCBRegen
 0001:273C       BlastSFT
 0001:2755       CheckFCB
 0001:27D0       hy_SFTFromFCB
 0001:27D4       SFTFromFCB
 0001:2819       FCBHardErr
 0001:2835       GetRR
 0001:2843       GetExtent
 0001:2856       SetExtent
 0001:2870       hy_GetExtended
 0001:2874       GetExtended
 0001:2881       GetRecSize
 0001:288F       $FCB_Create
 0001:28A4       $FCB_Open
 0001:2A1F       $FCB_Random_Write_Block
 0001:2A23       $FCB_Random_Read_Block
 0001:2A27       $FCB_Seq_Read
 0001:2A2B       $FCB_Seq_Write
 0001:2A2F       $FCB_Random_Read
 0001:2A33       $FCB_Random_Write
 0001:2A35       FCBIO
 0001:2C44       $Close
 0001:2C58       $Read
 0001:2C78       $Write
 0001:2C9B       NormalizeFarPtr
 0001:2CB3       $LSeek
 0001:2CD3       $File_Times
 0001:2CF0       $Dup
 0001:2CFF       $Dup2
 0001:2D24       $Open
 0001:2D28       $OpenExtended
 0001:2D40       $Creat
 0001:2D5B       $ChMod
 0001:2D75       $Unlink
 0001:2D84       $Rename
 0001:2D93       $CreateNewFile
 0001:2DA1       $CreateTempFile
 0001:2DB0       $Get_Version
 0001:2DBF       hy_w_Get_Version
 0001:2DC3       w_Get_Version
 0001:2DD4       $Get_Verify_on_Write
 0001:2DD9       $Set_Verify_on_Write
 0001:2DE0       $International
 0001:2DFB       $Get_Drive_Freespace
 0001:2E1F       $Get_DMA
 0001:2E37       $Set_DMA
 0001:2E5E       $Get_Default_Drive
 0001:2E5E       w_Get_Default_Drive
 0001:2E63       $Set_Default_Drive
 0001:2E6F       $Char_Oper
 0001:2E93       $GetExtendedError
 0001:2EAC       $Set_Current_PDB
 0001:2EBD       $Get_Current_PDB
 0001:2EC9       $Set_CTRL_C_Trapping
 0001:2EF9       $ECS_call
 0001:2F28       LDTSwitchDM
 0001:2F44       hy_$Set_Interrupt_Vector
 0001:2F48       $Set_Interrupt_Vector
 0001:2F92       $Get_Interrupt_Vector
 0001:2FA5       dh_SetROMVector
 0001:3018       dh_SetIRQ
 0001:307C       dh_UnSetIRQ
 0001:30A5       CheckOneVector
 0001:30EF       hy_UpdateIRQInfoEntry
 0001:30F3       UpdateIRQInfoEntry
 0001:3120       hy_GetRealIntAddr
 0001:3124       GetRealIntAddr
 0001:3138       Vector_50_Interceptor
 0001:313E       Vector_51_Interceptor
 0001:3144       Vector_52_Interceptor
 0001:314A       Vector_53_Interceptor
 0001:3150       Vector_54_Interceptor
 0001:3156       Vector_55_Interceptor
 0001:315C       Vector_56_Interceptor
 0001:3162       Vector_57_Interceptor
 0001:3168       VectorInterceptor
 0001:3180       RealIRQ_0_Router
 0001:3186       RealIRQ_1_Router
 0001:318C       RealIRQ_2_Router
 0001:3192       RealIRQ_3_Router
 0001:3198       RealIRQ_4_Router
 0001:319E       RealIRQ_5_Router
 0001:31A4       RealIRQ_6_Router
 0001:31AA       RealIRQ_7_Router
 0001:31B0       RealIRQ_8_Router
 0001:31B6       RealIRQ_9_Router
 0001:31BC       RealIRQ_A_Router
 0001:31C2       RealIRQ_B_Router
 0001:31C8       RealIRQ_C_Router
 0001:31CE       RealIRQ_D_Router
 0001:31D4       RealIRQ_E_Router
 0001:31DA       RealIRQ_F_Router
 0001:31E0       RealIRQRouter
 0001:3261       ProtIRQ_0_Router
 0001:3267       ProtIRQ_1_Router
 0001:326D       ProtIRQ_2_Router
 0001:3273       ProtIRQ_3_Router
 0001:3279       ProtIRQ_4_Router
 0001:327F       ProtIRQ_5_Router
 0001:3285       ProtIRQ_6_Router
 0001:328B       ProtIRQ_7_Router
 0001:3291       ProtIRQ_8_Router
 0001:3297       ProtIRQ_9_Router
 0001:329D       ProtIRQ_A_Router
 0001:32A3       ProtIRQ_B_Router
 0001:32A9       ProtIRQ_C_Router
 0001:32AF       ProtIRQ_D_Router
 0001:32B5       ProtIRQ_E_Router
 0001:32BB       ProtIRQ_F_Router
 0001:32C1       ProtIRQRouter
 0001:3405       ShutOffIRQ
 0001:344C       Int8Handler
 0001:3484       $IOCTL
 0001:37AE       $JSA
 0001:37E6       $LockOper
 0001:37F6       $AssignOper
 0001:37FD       $UserOper
 0001:3859       $NameTrans
 0001:386E       $SLEAZEFUNC
 0001:3870       $SLEAZEFUNCDL
 0001:38AE       InDosFake
 0001:38AF       $GET_INDOS_FLAG
 0001:38BB       $GET_IN_VARS
 0001:38CB       $GET_DEFAULT_DPB
 0001:38CD       $GET_DPB
 0001:38EF       $Disk_Reset
 0001:3907       $SETDPB
 0001:3928       hy_SetVPB
 0001:392C       SetVPB
 0001:39AB       hy_RetryWait
 0001:39AF       RetryWait
 0001:39C7       hy_TestNet
 0001:39CB       TestNet
 0001:39DE       hy_IsSFTNet
 0001:39E2       IsSFTNet
 0001:39EE       EnableA20
 0001:39FC       DisableA20
 0001:3A0A       a20common
 0001:3A31       empty_8042
 0001:3A3F       ie_modesw0
 0001:3A3F       RealMode
 0001:3A8B       ie_modesw1
 0001:3AF2       RASModesw
 0001:3B02       ProtMode
 0001:3B80       ie_modesw2
 0001:3BE9       hy_SelToSeg
 0001:3BED       SelToSeg
 0001:3C17       hy_SegTo24
 0001:3C21       GoProt
 0001:3C25       GoProtDS
 0001:3C4A       GoProtAll
 0001:3C82       GoReal
 0001:3C86       GoRealDS
 0001:3CA0       GoRealAll
 0001:3CC4       Reboot
 0001:3D22       dh_MonWrite
 0001:3E15       dh_MonFlush
 0001:3F34       dh_MonitorCreate
 0001:4035       dh_Register
 0001:4134       dh_DeRegister
 0001:4241       hy_mon_write
 0001:4245       mon_write
 0001:44E0       sNULdev
 0001:44E6       iNULdev
 0001:44E7       sCONdev
 0001:44ED       iCONdev
 0001:44EE       AbsSetup
 0001:450E       ABSDRD
 0001:4576       ABSDWRT
 0001:45D0       GetBP
 0001:4634       Sys_Return
 0001:4636       Sys_Ret_OK
 0001:4640       Sys_Ret_Err
 0001:4654       FCB_Sys_Ret
 0001:465A       FCB_Sys_Ret_CPM
 0001:465C       CPMFunc
 0001:465C       FCB_Ret_OK
 0001:465F       FCB_Ret_Err
 0001:466C       ErrorMap
 0001:468C       hy_CAL_LK
 0001:4690       CAL_LK
 0001:46CA       ETAB_LK
 0001:4718       Int2F
 0001:471D       RedirDispAddr
 0001:4721       Redir_Dispatcher
 0001:472C       WakeMuxWait
 0001:475A       RealNPX287
 0001:4767       ProtNPX287
 0001:4770       hy_SwitchNPX287
 0001:4774       SwitchNPX287
 0001:4810       ie_npx2871
 0001:483D       hy_ReleaseNPX287
 0001:4841       ReleaseNPX287
 0001:4879       hy_NPX287Wait
 0001:487D       NPX287Wait
 0001:4891       NPX287_Error
 0001:48BC       NPX287_Error_Handler
 0001:4954       $PARSE_FILE_DESCRIPTOR
 0001:4968       $Current_Dir
 0001:497C       $RmDir
 0001:498B       $ChDir
 0001:499A       $MkDir
 0001:49AA       RAS_Noparms
 0001:49BC       RAS_AxBxparms
 0001:49D6       RAS_SchedAddr
 0001:49D8       RAS_DevDone
 0001:49DA       RAS_Yield
 0001:49DC       RAS_dh_YieldTC
 0001:49DE       RAS_ProcBlock
 0001:49FD       RAS_ProcRun
 0001:4A17       RAS_SemRequest
 0001:4A31       RAS_SemClear
 0001:4A33       RAS_SemHandle
 0001:4A35       RAS_PushPullpartSortPacket
 0001:4A55       RAS_PushRequest
 0001:4A57       RAS_PullRequest
 0001:4A73       RAS_PullParticular
 0001:4A75       RAS_SortRequest
 0001:4A77       RAS_AllocReqPacket
 0001:4A7A       RAS_FreeReqPacket
 0001:4A96       RAS_QueueTrace
 0001:4AB0       RAS_QueueInit
 0001:4AB2       RAS_QueueFlush
 0001:4AB4       RAS_QueueWrite
 0001:4AB6       RAS_QueueRead
 0001:4AB8       RAS_SegLockDM
 0001:4AD2       RAS_SegUnlockDM
 0001:4AD5       RAS_PhysToVirtDM
 0001:4AD8       RAS_VirtToPhysDM
 0001:4AF5       RAS_PhysToUVirtDM
 0001:4AF8       RAS_AllocPhysDM
 0001:4AFB       RAS_FreePhysDM
 0001:4AFE       RAS_dh_SetROMVector
 0001:4B18       RAS_dh_SetIRQ
 0001:4B1A       RAS_dh_UnSetIRQ
 0001:4B1C       RAS_dh_SetTimer
 0001:4B1D       RAS_dh_ResetTimer
 0001:4B1E       RAS_dh_MonitorCreate
 0001:4B1F       RAS_dh_Register
 0001:4B20       RAS_dh_DeRegister
 0001:4B21       RAS_dh_MonWrite
 0001:4B22       RAS_dh_MonFlush
 0001:4B23       RAS_GetDOSVar
 0001:4B26       RAS_dh_SendEvent
 0001:4B44       RAS_dh_ROMCritSection
 0001:4B47       RAS_Noparms_post
 0001:4B59       RAS_SchedAddr_post
 0001:4B5B       RAS_DevDone_post
 0001:4B5D       RAS_Yield_post
 0001:4B5F       RAS_dh_YieldTC_post
 0001:4B61       RAS_ProcBlock_post
 0001:4B63       RAS_ProcRun_post
 0001:4B65       RAS_SemRequest_post
 0001:4B67       RAS_SemClear_post
 0001:4B69       RAS_SemHandle_post
 0001:4B6C       RAS_PushRequest_post
 0001:4B6E       RAS_PullRequest_post
 0001:4B71       RAS_PullParticular_post
 0001:4B73       RAS_SortRequest_post
 0001:4B75       RAS_AllocReqPacket_post
 0001:4B78       RAS_FreeReqPacket_post
 0001:4B7A       RAS_QueueInit_post
 0001:4B7C       RAS_QueueFlush_post
 0001:4B7E       RAS_QueueWrite_post
 0001:4B80       RAS_QueueRead_post
 0001:4B82       RAS_SegLockDM_post
 0001:4B85       RAS_SegUnlockDM_post
 0001:4B87       RAS_AxBxparms_post
 0001:4BA1       RAS_PhysToVirtDM_post
 0001:4BC7       RAS_VirtToPhysDM_post
 0001:4BC9       RAS_EsBxparms_post
 0001:4BE5       RAS_PhysToUVirtDM_post
 0001:4BE7       RAS_AllocPhysDM_post
 0001:4BE9       RAS_FreePhysDM_post
 0001:4BEC       RAS_dh_SetROMVector_post
 0001:4BEF       RAS_dh_SetIRQ_post
 0001:4BF0       RAS_dh_UnSetIRQ_post
 0001:4BF1       RAS_dh_SetTimer_post
 0001:4BF2       RAS_dh_ResetTimer_post
 0001:4BF3       RAS_dh_MonitorCreate_post
 0001:4BF4       RAS_dh_Register_post
 0001:4BF5       RAS_dh_DeRegister_post
 0001:4BF6       RAS_dh_MonWrite_post
 0001:4BF7       RAS_dh_MonFlush_post
 0001:4BF8       RAS_GetDOSVar_post
 0001:4BFB       RAS_dh_SendEvent_post
 0001:4BFE       RAS_dh_ROMCritSection_post
 0001:4C02       RASRST
 0001:4E10       hy_w_systrace
 0001:4E14       w_systrace
 0001:4E24       hy_K_T_Systrace
 0001:4E28       K_T_Systrace
 0001:4E5A       hy_K_S_Systrace
 0001:4E5E       K_S_Systrace
 0001:4E67       strp_common
 0001:4E7A       strp_release_start
 0001:5006       hy_w_strucheck
 0001:500A       w_strucheck
 0001:501F       hy_w_struresupdate
 0001:5023       w_struresupdate
 0001:50D2       FgndBoost
 0001:50F7       GetNextRunner
 0001:5164       hy_GetPriority
 0001:5168       GetPriority
 0001:5181       hy_GetState
 0001:5185       GetState
 0001:51D3       hy_IoBoost
 0001:51D7       IoBoost
 0001:5294       hy_ScanThreads
 0001:5298       ScanThreads
 0001:52C0       SchedTick
 0001:5340       hy_SetPriority
 0001:5344       SetPriority
 0001:5388       hy_SetState
 0001:538C       SetState
 0001:5421       TCBoost
 0001:543E       ForceCritSec
 0001:5462       ForceNotFgnd
 0001:5463       SetCritSecState
 0001:549D       SetFgndState
 0001:54BE       $Dir_Search_First
 0001:54CC       $Dir_Search_Next
 0001:54D9       $Find_First
 0001:54E8       $Find_Next
 0001:54F8       hy_SemRequest
 0001:54FC       SemRequest
 0001:55B7       hy_w_RamSemWake
 0001:55C5       hy_SemClear
 0001:55C9       SemClear
 0001:56B9       hy_SemBlock
 0001:56BD       SemBlock
 0001:570E       hy_VerifyRamSemAddr
 0001:5712       VerifyRamSemAddr
 0001:5737       PutRamSemID
 0001:5836       hy_PostPending
 0001:583A       PostPending
 0001:5899       SigActive
 0001:58B2       hy_sigbit
 0001:58B6       sigbit
 0001:58C6       ProcessFreeze
 0001:58E5       hy_ProcBlock
 0001:58E9       ProcBlock
 0001:597D       hy_Set_Force
 0001:5981       Set_Force
 0001:5995       hy_ForceThread
 0001:5999       ForceThread
 0001:5A0E       hy_ProcRun
 0001:5A12       ProcRun
 0001:5A74       DevWait
 0001:5A8B       DevDone
 0001:5AC8       SchedClock
 0001:5B62       Yield
 0001:5B7B       hy_TCYield
 0001:5B7F       TCYield
 0001:5B7F       YieldTC
 0001:5B91       hy_SchedNext
 0001:5B95       SchedNext
 0001:5C4E       pmode_start
 0001:5C52       Thread_Start
 0001:5C57       hy_Init_TCB_Stack
 0001:5C5B       Init_TCB_Stack
 0001:5C87       hy_EvapPtda
 0001:5C8B       EvapPtda
 0001:5CD8       rptq
 0001:5D14       iptq
 0001:5D64       ThreadRAS
 0001:5D8E       SemHandle
 0001:5DEB       hy_GetSysSemPtr
 0001:5DEF       GetSysSemPtr
 0001:5E2B       hy_SysSemOwnExclChk
 0001:5E2F       SysSemOwnExclChk
 0001:5E58       ResetEnvironment
 0001:5EB2       hy_EachThread
 0001:5EB2       ie_task2
 0001:5EB6       EachThread
 0001:5ED7       Intraprocess?
 0001:5EF2       TnToPtr
 0001:5F16       $GET_DATE
 0001:5F25       w_Get_Date
 0001:5F3C       w_Set_Date
 0001:5F3C       $SET_DATE
 0001:5F5E       $GET_TIME
 0001:5F6D       w_Get_Time
 0001:5F77       $SET_TIME
 0001:5F77       w_Set_Time
 0001:5FC0       hy_w_SetDateTime
 0001:5FC4       w_SetDateTime
 0001:6010       hy_Date16
 0001:6014       Date16
 0001:603F       hy_ReadTime
 0001:6043       ReadTime
 0001:60C1       DSLIDE
 0001:60CD       SETYEAR
 0001:617E       DSUM
 0001:6188       hy_TimeInSeconds
 0001:618C       TimeInSeconds
 0001:61B3       CheckTime
 0001:61C6       Tick_Handler
 0001:62E2       hy_w_TimerStart
 0001:62E6       w_TimerStart
 0001:62F9       hy_w_TimerAsync
 0001:62FD       w_TimerAsync
 0001:6377       hy_w_TimerStop
 0001:637B       w_TimerStop
 0001:6399       hy_w_DosSleep
 0001:639D       w_DosSleep
 0001:63E4       hy_w_GetDateTime
 0001:63E8       w_GetDateTime
 0001:6431       dh_SetTimer
 0001:6503       dh_ResetTimer
 0001:65AE       hy_Timer_Term_Check
 0001:65B2       Timer_Term_Check
 0001:662A       Update_Q
 0001:665D       Insert_in_Q
 0001:666C       Insert_in_Sorted_Q
 0001:6696       Get_1st
 0001:6731       Terminate_Timer
 0001:676C       Get_Q_Location
 0001:67B3       hy_MemMapDM
 0001:67B3       ie_virtmem0
 0001:67B7       MemMapDM
 0001:67C6       hy_MemMapAliasDM
 0001:67CA       MemMapAliasDM
 0001:67D7       hy_MemUnmapDM
 0001:67DB       MemUnmapDM
 0001:67EA       hy_MemUnmapAliasDM
 0001:67EE       MemUnmapAliasDM
 0001:67FC       hy_VirtToPhysDM
 0001:6800       VirtToPhysDM
 0001:6802       hy_VirtToPhys
 0001:6806       VirtToPhys
 0001:683D       hy_SegToVirt
 0001:6856       ie_virtphys0
 0001:6856       hy_PhysToVirt
 0001:685A       PhysToVirt
 0001:68B1       hy_PhysToVirtDM
 0001:68B5       PhysToVirtDM
 0001:6A82       loadall_ret
 0001:6A83       PhysToUVirtDM
 0001:6AB9       AllocPhysDM
 0001:6AD7       FreePhysDM
 0001:6AF6       SegLockDM
 0001:6B18       hy_SegUnlockDM
 0001:6B1C       SegUnlockDM
 0002:0000       RAS_BIOS_data
 0002:0180       SISData
 0002:01C6       LastDPB
 0002:0216       SMHotKeyQ
 0002:0224       CtrlNumLkQ
 0002:0232       HardErrPkt
 0002:0344       CtrlPrtScQ
 0002:065E       Country_Code
 0002:0660       LeadByteTable
 0002:07EC       SchedPtr
 0002:07F0       ScrnIoOk
 0002:07F1       CurProcSG
 0002:07F2       CurProcSW
 0002:07F4       CurProcPID
 0002:07FA       InDos
 0002:07FC       Com1Pid
 0002:07FE       Com2Pid
 0002:0800       YieldFlag
 0002:0801       TCYieldFlag
 0002:0802       VectorReboot
 0002:0806       VectorMSATS
 0002:080E       VectorSDF
 0002:0826       Freeze3xBoxSem
 0002:083A       UserNum
 0002:083D       OEMNum
 0002:083E       CharType
 0002:094A       doscall1
 0002:0953       LibPath
 0002:0955       LoadDevDrv
 0002:0956       ldr_ObjNameBuf
 0002:095A       ldr_ObjNameBufL
 0002:095C       tmp_ObjNameBuf
 0002:0960       tmp_ObjNameBufL
 0002:0964       DosModHdl
 0002:0966       IoplEnabled
 0002:097A       ldr_rmp_handle
 0002:097C       ldr_rmp_selector
 0002:0AA4       ras_mec_table
 0002:0AC4       ras_systr_flags
 0002:0AC5       ras_stda_addr
 0002:0AC7       ras_stda_phys
 0002:0AD4       InterruptLevel
 0002:0AD6       TaskData
 0002:0AD8       TaskNumber
 0002:0ADA       ThreadCount
 0002:0ADC       TaskPtrs
 0002:0ADE       ThreadPtrs
 0002:0AE0       PblkKeyH
 0002:0AE2       PblkKeyL
 0002:0AE4       PbKeyDif
 0002:0AE6       PblkInt
 0002:0AE8       Status
 0002:0AEA       TerminCode
 0002:0AEC       SchedTCB_base
 0002:0AEE       MaxThreads
 0002:0AFA       Resched
 0002:0AFB       TCResched
 0002:0AFE       Sctmask
 0002:0B00       ContPos
 0002:0B02       ConBuf
 0002:0B85       CharCo
 0002:0B86       ConIndex
 0002:0B88       ConSwap
 0002:0B8A       hVPBFirst
 0002:0B8C       pVPBBuf
 0002:0B90       pVPBSem
 0002:0B91       DoIntDisp
 0002:0B92       NPX287_Owner
 0002:0B94       NPX287Sel
 0002:0B96       HardWare_MSW
 0002:0B98       DiffNam
 0002:0B9A       MyName
 0002:0BAA       MyNum
 0002:0BAC       hScrGrpData
 0002:0BB0       fScrGrpDPath
 0002:0BB2       fScrGrpDAsg
 0002:0BB4       DPBHead
 0002:0BB8       Sft_Addr
 0002:0BBA       Mft_Sel
 0002:0BBC       Mft_Hndl
 0002:0BBE       Mft_Size
 0002:0BC0       Serial
 0002:0BC2       Frelock
 0002:0BC4       BClock
 0002:0BC8       RMDTASegment
 0002:0BCA       RMConInpDev
 0002:0BCE       ConInpDev
 0002:0BD2       ConOutDev
 0002:0BD6       AllocMethod
 0002:0BD8       arena_head
 0002:0BDA       Fake_SysInitVar
 0002:0C00       MaxSec
 0002:0C02       CDSAddr
 0002:0C06       sftFCB
 0002:0C08       KeepCount
 0002:0C0A       NumIO
 0002:0C0B       Switch_Character
 0002:0C0C       DevHlp
 0002:0C10       NULdev
 0002:0C10       DevHead
 0002:0C2A       Splices
 0002:0C2C       CONdev
 0002:0C46       Dev3xList
 0002:0C4A       MUF_Pid
 0002:0C4C       HDE_Pid
 0002:0C4E       SysInfoSeg
 0002:0C50       LocInfoSeg
 0002:0C54       LocInfoSegRM
 0002:0C58       Day
 0002:0C59       Month
 0002:0C5A       Year
 0002:0C5C       DayCnt
 0002:0C5E       WeekDay
 0002:0C60       FCBLRU
 0002:0C62       OpenLRU
 0002:0C64       OEM_handler
 0002:0C68       RetryCount
 0002:0C6A       state_A20
 0002:0C6B       ProtOnlySystem
 0002:0C6C       numPtr
 0002:0C6C       DevConfigTbl
 0002:0C6D       numSerial
 0002:0C6E       numDisk
 0002:0C6F       mathCop
 0002:0C70       devConReser
 0002:0C71       pcType
 0002:0C72       displAdap
 0002:0C74       RmSelLst
 0002:0C74       RSL_SelDS
 0002:0C76       RSL_SelES
 0002:0C78       RSL_SelDMAAdd
 0002:0C7A       RSL_SelJFN1
 0002:0C7C       GDTDesc
 0002:0C84       IDTDesc
 0002:0C8C       TSS
 0002:0CB8       CpuType
 0002:0CBA       SwapIDone
 0002:0CBE       SigFocus
 0002:0CFE       PendingSignals
 0002:0D00       PendingSigArg
 0002:0D10       mte_h
 0002:0D12       do_gcollect
 0002:0D14       Swap_init
 0002:0D22       RealInitCS
 0002:0D26       sysini_handle
 0002:0DB0       Pause3xBox
 0002:1034       iDevCall
 0002:106A       RMDevSFN
 0002:106E       RMDevInfo
 0002:1164       Init3xBox
 0002:1166       Hndl3xBoxPTDA
 0002:1168       Seg3xBoxPTDA
 0002:12EA       Dos3xBoxForeGrd
 0002:12EB       TopViewPresent
 0002:1962       Handle
 0002:196C       HandleSize
 0002:19A6       Mon_GDT_Selectors
 0002:19AE       MC_seg_handle
 0002:19AE       Mon_Segment_Handles
 0002:19B0       RM_seg_handle
 0002:19B2       FB_seg_handle
 0002:19B4       PA_seg_handle
 0002:19B6       Mon_Segment_Ptrs
 0002:19B6       Monitor_Chains
 0002:19B8       Registered_Monitors
 0002:19BA       Mon_Fixed_Buffers
 0002:19BC       Mon_Phys_Addrs
 0002:19BE       lowdata_physaddr
 0002:19C2       init_seg_size
 0002:19DE       MuxTable
 0002:1DDE       moving
 0002:1DE0       swapping
 0002:1DE2       ras_msg_ptr
 0002:2008       CurrentRamSemID
 0002:2052       Swap_work_area
 0002:207E       Swap_pid
 0002:2084       SwapSelLst
 0002:228E       SysSemRmpSel
 0002:2292       tim_init_flag
 0002:2294       semaphore
 0002:2296       handlesel
 0002:2298       tsq_segaddr
 0002:229C       handler_list
 0002:24A4       handler_max
 0002:24A6       firsthandle
 0002:24A8       lasthandle
 0002:24AA       active_q
 0002:24AC       semaphore_handle
 0002:24B0       trace_data
 0002:2546       DivMes
 0002:2590       CANCHAR
 0002:2591       ESCCHAR
 0002:25C8       MSVERS
 0002:25CA       YRTAB
 0002:25D2       MONTAB
 0002:25DE       I21_MAP_E_TAB
 0002:2666       Err_Table_21
 0002:2706       Err_Table_24
 0002:2756       SysCTab
 0002:282F       DOSTable
 0002:290A       Header
 0002:43A3       pdtq_array
 0003:0000       ptda_signature
 0003:0002       ptda_handle
 0003:0004       ptda_size
 0003:0006       ptda_ldthandle
 0003:0008       ptda_ldtsize
 0003:000A       ptda_module
 0003:000C       ptda_environ
 0003:000E       ptda_exithandle
 0003:0010       ptda_child
 0003:0012       ptda_childalias
 0003:0014       ptda_childldtalias
 0003:0016       ptda_cmdoff
 0003:0018       ptda_trace
 0003:001A       ActiveList
 0003:001C       Csid
 0003:001E       Parent_handle
 0003:0020       Uid
 0003:0022       ProcStatus
 0003:0023       CritSec
 0003:0024       Fgnd
 0003:0025       FgndOnly
 0003:0028       Childcode
 0003:002A       RealModeProc
 0003:002B       IdleInt
 0003:002C       CurrentPDB
 0003:002E       IoStkLoc
 0003:0030       Cons_Loc
 0003:003A       SysCallSfcn
 0003:003B       SysCall
 0003:003C       NoSetDir
 0003:003D       SpaceFlag
 0003:003E       CarPos
 0003:003F       StartPos
 0003:0040       Pflag
 0003:0041       VerFlg
 0003:0042       DTAddr
 0003:0046       LCurDrv
 0003:0047       PCurDrv
 0003:0048       WPErr
 0003:0049       ExtErr_Locus
 0003:004A       ExtErr
 0003:004C       ExtErr_Action
 0003:004D       ExtErr_Class
 0003:004E       CntcFlag
 0003:004F       fAborting
 0003:0050       TempSFT
 0003:0089       DevFCB
 0003:0089       Name1
 0003:0095       Name2
 0003:00A2       DESTSTART
 0003:00A9       Attrib
 0003:00AA       ExtFCB
 0003:00AB       Sattrib
 0003:00AC       Creating
 0003:00AD       DelAll
 0003:00AE       FoundDel
 0003:00AF       Found_dev
 0003:00B0       fSplice
 0003:00B1       ClusFac
 0003:00B2       DriveSpec
 0003:00B3       RootStart
 0003:00B4       InsMode
 0003:00B5       cMeta
 0003:00B6       SearchVPBTab
 0003:00C0       SearchCtTab
 0003:00CA       DevPt
 0003:00CE       ThisCDS
 0003:00D2       ThisFCB
 0003:00D6       DirSec
 0003:00D8       DirStart
 0003:00DA       NxtClusNum
 0003:00DC       EntFree
 0003:00DE       EntLast
 0003:00E0       LastEnt
 0003:00E2       Path_index
 0003:00E4       Path_tempbuf
 0003:00E6       Path_namedx
 0003:00E8       Path_nameds
 0003:00EA       Path_namecount
 0003:00EB       Path_openflag
 0003:00EC       AutoFail
 0003:00ED       VolID
 0003:00EE       Exit_Code
 0003:00F0       Exit_Type
 0003:00F2       DummyCDS
 0003:0146       NextSrchH
 0003:0148       SrchRmp
 0003:014C       SearchBuf
 0003:014C       TempBuf
 0003:0181       RenBuf
 0003:0201       OpenBuf
 0003:0201       InBuf
 0003:0282       Exc_vec
 0003:029A       Sig_pend
 0003:029C       Sig_holding
 0003:029E       Sig_ignf
 0003:02A0       Sig_hndf
 0003:02A2       Sig_errf
 0003:02A4       Sig_vec
 0003:02C4       Sig_arg
 0003:02D4       Sig_cur
 0003:02D6       HoldSigCnt
 0003:02D7       Force_Flg
 0003:02D8       BiosCritSect
 0003:02DA       Behav_bit
 0003:02DC       WFP_Start
 0003:02DE       Ren_WFP
 0003:02E0       Curr_Dir_End
 0003:02E2       JFN_Length
 0003:02E4       JFN_pTable
 0003:02E8       JFN_Table
 0003:02FC       JFN_Flg_Ptr
 0003:0314       SharedMemTbl
 0003:0350       SysSemPTDATbl
 0003:0450       CDS_Handle
 0003:0484       CurrTCB
 0003:0486       Pid
 0003:0486       ptda_infoseg
 0003:0488       Ppid
 0003:0494       ThreadSem
 0003:0495       ThreadSemCnt
 0003:0496       ThreadSemOwn
 0003:0498       TCBptr
 0003:0700       FreeList
 0003:0702       TCBcount
 0003:0704       MSW
 0003:0706       NPX287_Status
 0003:0708       OEMPtr
 0003:070A       ShareRetriesLeft
 0003:070C       LastField
 0004:0000       Sig_Dispatch
 0004:001A       Lib_Init_Disp
 0005:001D       DosInit
 0005:0332       hy_Bmp_Init
 0005:0336       Bmp_Init
 0005:0352       InitTempBuffers
 0005:036C       ie_bmp1
 0005:03B0       BufInit
 0005:03C6       BufReInit
 0005:03C6       ie_buf1
 0005:0458       InitCountryData
 0005:04A6       hy_DBCSTableInit
 0005:04AA       DBCSTableInit
 0005:04D3       InitCharTypeHIGH2
 0005:04FA       InitReqPackets
 0005:0514       RDevInit
 0005:064C       EnterInitMode
 0005:068A       ExitInitMode
 0005:068A       ie_dos3init0
 0005:06B1       Start3xBox
 0005:06B1       ie_dos3init1
 0005:06EB       FakeSysInitVarInit
 0005:06FA       Start3xShell
 0005:077D       CreateFcbSfts
 0005:0847       ie_dos3init2
 0005:0865       ie_dos3init3
 0005:0947       ie_dos3init4
 0005:0985       ie_dos3init5
 0005:09B2       ie_dos3init6
 0005:0A77       ie_dos3init7
 0005:0AD4       ie_dos3init8
 0005:0AD9       ie_gldt23
 0005:0AD9       GDTInitRM
 0005:0BA5       ie_gldt24
 0005:0BAA       ie_gldt25
 0005:0BAF       ie_gldt26
 0005:0BB4       ie_gldt27
 0005:0BB9       ie_gldt28
 0005:0C8B       hy_GDTAllocN
 0005:0C8F       GDTAllocN
 0005:0C98       LDTSwitchInit
 0005:0CF6       ie_gldt29
 0005:0CF6       InitIntVec
 0005:0DF2       LoadInit
 0005:0E46       hy_FreeDynLink
 0005:0E4A       FreeDynLink
 0005:0E8B       del_dosapi
 0005:0EE2       MONINIT
 0005:0FFC       HandleCreate
 0005:1039       ie_mhandle0
 0005:1054       ProtModeIC
 0005:1060       InitNPX287
 0005:10AA       ie_npx2870
 0005:10BC       hy_PhysEnterMem
 0005:10C0       PhysEnterMem
 0005:144A       hy_PhysInit
 0005:144E       PhysInit
 0005:16B2       hy_PhysReinit
 0005:16B6       PhysReinit
 0005:172A       PhysInitGetBorder
 0005:17E8       hy_RASMSG
 0005:17EC       RASMSG
 0005:1884       hy_RASSTIP
 0005:1888       RASSTIP
 0005:19E2       SchedInit
 0005:1A0A       InitSem
 0005:1A1A       ie_SEM0
 0005:1A56       hy_w_SICG
 0005:1FF6       ProcInit
 0005:2047       ProcDataResize
 0005:2100       hy_w_SwapTaskInit
 0005:2104       w_SwapTaskInit
 0005:2139       SwapInit
 0005:224E       SwapInit_Build_SCT
 0005:22EF       SwapInit_Create_Thread
 0005:23A7       SwapInit_Remove_Swap_Task
 0005:23D4       hy_TSinit
 0005:23D8       TSinit
 0005:2483       MemMoveHigh
 0005:255E       VirtInit
 0005:25E4       ie_virtmgr11
 0005:268D       ie_virtmgr12
 0005:268D       SysInitLDT
 0005:26FC       ie_virtmgr13
 0005:2751       ie_virtmgr14
 0005:2752       PhysToVirtProtInit
 0005:2760       PhysToVirtRealInit
 0005:2815       ie_virtphys2
 0005:289D       PhysToVirtReinit
 0005:28BE       VPBInit
 0005:28DB       ie_volume0
 0006:0000       dcm_signature
 0006:0004       dcm_entrytbl_off
 0006:0006       dcm_entrytbl_len
 0006:0026       dcm_resnamtbl_off
 0006:0050       dcm_resnamtbl
 0006:06F7       dcm_entrytblstart
 0006:0883       dcm_entrytblend
 0007:0000       GDT
 0007:0008       GDT_GDT
 0007:0010       GDT_TSS
 0007:0018       GDT_IDT
 0007:0020       GDT_RM_IDT
 0007:0028       GDT_LDT
 0007:0030       GDT_LDTAlias
 0007:0038       GDT_PTDA
 0007:0040       GDT_ROMDATA
 0007:0048       GDT_SysInit
 0007:0050       GDT_INTSTACK
 0007:0058       GDT_3xBoxPTDA
 0007:0060       GDT_INFOSEG
 0007:0068       GDT_RDR1
 0007:0070       GDT_VPB
 0007:0078       GDT_POOL
 0007:0078       GDT_Buffers
 0007:0080       GDT_LOADALL
 0007:3288       GDT_POOL_END
 0007:33B8       GDT_DOSEXIT
 0007:33F0       GDT_DOSSICG
 0007:33F8       GDT_DOSLIBINIT
 0007:3408       GDT_DOSGETPROCADDR
 0007:35A0       swaptaskinit_call_gate
 0007:3610       IDT
 0007:3610       GDT_END
 0007:3A10       current_header
 0007:3A12       curr_sizel
 0007:3A14       curr_sizeh
 0007:3A16       tot_sizel
 0007:3A18       tot_sizeh
 0007:3A1A       retry_counter
 0007:3A1C       lrulist
 0007:3B5C       lru_first
 0007:3B5E       lru_last
 0007:3B60       lru_next
 0007:3B62       lru_count
 0007:3B64       exit_lru_proc
 0007:3B66       swap_failed
 0007:3B68       swap_error_code
 0007:3B6A       pc_arena_ctr
 0007:3B6C       pc_arena_modified
 0007:3B6E       pc_size_reql
 0007:3B70       pc_size_reqh
 0007:3B72       pc_rel_headerl
 0007:3B74       pc_rel_headerh
 0007:3B76       pc_flags
 0007:3B78       pc_partial_move
 0007:3B7A       pc_maxbusyl
 0007:3B7C       pc_maxbusyh
 0007:3B7E       pc_size_remainingl
 0007:3B80       pc_size_remainingh
 0007:3B82       pc_Compfmove_was_called
 0007:3B84       pc_source_handle
 0007:3B86       pc_source_owner
 0007:3B88       pc_source_flags
 0007:3B8A       pc_source_sizel
 0007:3B8C       pc_source_sizeh
 0007:3B8E       pc_source_timestamp
 0007:3B90       pc_source_addressl
 0007:3B92       pc_source_addressh
 0007:3B94       pc_target_addressl
 0007:3B96       pc_target_addressh
 0007:3B98       pc_si_position
 0007:3B9A       pc_di_position
 0007:3B9C       pc_direction
 0007:3B9E       Current_Country
 0007:3BA0       international_table
 0007:3F76       ErrMap24
 0007:3F88       pm_firstl
 0007:3F88       ErrMap24End
 0007:3F8A       pm_firsth
 0007:3F8C       pm_lastl
 0007:3F8E       pm_lasth
 0007:3F90       pm_mov_borderl
 0007:3F92       pm_mov_borderh
 0007:3F94       pm_mov_sizel
 0007:3F96       pm_mov_sizeh
 0007:3F98       pm_min_mov_sizel
 0007:3F9A       pm_min_mov_sizeh
 0007:3F9C       pm_mov_large_sizel
 0007:3F9E       pm_mov_large_sizeh
 0007:3FA0       pm_mov_large_pntrl
 0007:3FA2       pm_mov_large_pntrh
 0007:3FA4       pm_fix_large_sizel
 0007:3FA6       pm_fix_large_sizeh
 0007:3FA8       pm_fix_large_pntrl
 0007:3FAA       pm_fix_large_pntrh
 0007:3FAC       pa_one_megl
 0007:3FAE       pa_one_megh
 0007:3FB0       pa_alias1
 0007:3FB2       pa_alias2
 0007:3FB4       pa_alias3
 0007:3FB6       pa_alias4
 0007:3FB8       pa_alias5
 0007:3FBA       pa_alias6
 0007:3FBC       pc_alias1
 0007:3FBE       pc_alias2
 0007:3FC0       pc_alias3
 0007:3FC2       pc_alias4
 0007:3FC4       pc_alias5
 0007:3FC6       pc_alias6
 0007:3FC8       LRU_alias
 0007:3FCA       pc_compacting
 0007:3FCE       pm_allocating
 0007:3FD2       pm_arena_modified
 0007:3FD4       pm_trace_rec
 0007:3FE2       border_last_headerl
 0007:3FE4       border_last_headerh
 0007:3FE6       GDTInitTab
 0008:0000       hy_w_SystemService
 0008:002A       SysServSM
 0008:004F       SysServHE
 0008:0085       SysServPS
 0008:008C       SysServWait
 0008:00BF       SysServWaitQ
 0008:00F9       SysServTerm
 0008:0116       hy_Bmp_Get
 0008:011A       Bmp_Get
 0008:0188       hy_Bmp_Free
 0008:018C       Bmp_Free
 0008:0195       hy_GetTempBuffer
 0008:0199       GetTempBuffer
 0008:01AC       ie_bmp0
 0008:01AD       hy_FreeTempBuffer
 0008:01B1       FreeTempBuffer
 0008:01C4       CompOneMove
 0008:01C4       Compactor_Start
 0008:0341       CompCheckAdjacent
 0008:06C6       CompMultipleSlide
 0008:09B2       CompPerformMoves
 0008:0A79       CompSlideOneUp
 0008:0B94       CompInsertItem
 0008:0C4B       CompLruSwap
 0008:0E2F       CompBuildList
 0008:0F01       CompPerformSwap
 0008:106E       CompRaiseBorder
 0008:125E       CompBorderSwap
 0008:133D       CompCheckLargest
 0008:1378       CompMoveUnlockedUp
 0008:1678       CompPrevPlus
 0008:17D1       CompAlloc
 0008:1859       CompDriver
 0008:18B8       CompRealloc
 0008:1A3E       Compactor_End
 0008:1A3E       CompSetUpAH
 0008:1AAD       CompImove
 0008:1D18       CompFmove
 0008:1DE4       CompMoveSeg
 0008:1E52       hy_CreatePTDA
 0008:1E56       CreatePTDA
 0008:1F91       hy_DupProcData
 0008:1F95       DupProcData
 0008:2028       hy_w_ExecPgm
 0008:202C       w_ExecPgm
 0008:218E       ie_exec0
 0008:2284       hy_GDTAlloc
 0008:2288       GDTAlloc
 0008:22B6       hy_GDTFree
 0008:22B6       ie_gldt0
 0008:22BA       GDTFree
 0008:22D5       hy_GDTAllocAlias
 0008:22D9       GDTAllocAlias
 0008:2310       ie_gldt1
 0008:2310       GDTFreeAlias
 0008:233C       ie_gldt2
 0008:2375       ie_gldt3
 0008:2375       hy_LDTInit
 0008:2379       LDTInit
 0008:23D7       LDTInfoSegInit
 0008:2404       MemMapPTDA
 0008:2404       ie_gldt4
 0008:2474       ie_gldt5
 0008:2479       MemUnmapPTDA
 0008:2479       ie_gldt6
 0008:24C1       hy_LDTAlloc
 0008:24C5       LDTAlloc
 0008:2544       ie_gldt7
 0008:2583       hy_LDTFree
 0008:2587       LDTFree
 0008:25A0       ie_gldt8
 0008:25A5       ie_gldt9
 0008:25A5       hy_LDTFreeTask
 0008:25A9       LDTFreeTask
 0008:2607       LDTFreeShared
 0008:2607       ie_gldt10
 0008:261B       ie_gldt11
 0008:266D       ie_gldt12
 0008:2672       ie_gldt13
 0008:26D4       ie_gldt14
 0008:273B       ie_gldt15
 0008:2740       ie_gldt16
 0008:2740       SetDescInfo
 0008:282D       ie_gldt17
 0008:2908       ie_gldt18
 0008:294B       ie_gldt19
 0008:299D       ie_gldt20
 0008:29C7       ie_gldt21
 0008:2A2A       hy_GetDescInfo
 0008:2A2E       GetDescInfo
 0008:2AA7       hy_DescInvalidate
 0008:2AAB       DescInvalidate
 0008:2AB9       GetTimeStamp
 0008:2AC1       hy_LruSweep
 0008:2B2E       hy_RealToBackground
 0008:2B2E       ie_gldt22
 0008:2BF9       CheckAllVectors
 0008:2C10       hy_RealToForeground
 0008:2CE8       hy_w_DosSGSwitch
 0008:2CEC       w_DosSGSwitch
 0008:2DF4       hy_w_DosSGSwitchMe
 0008:2DF8       w_DosSGSwitchMe
 0008:2E42       hy_w_DosSGSwitchProc
 0008:2E46       w_DosSGSwitchProc
 0008:2EC0       Load_NewExe
 0008:2EE7       get_module
 0008:2F40       get_mte
 0008:3098       GetModName
 0008:30ED       find_module
 0008:3167       create_mte
 0008:32D7       IsAttached
 0008:3344       OpenNewExe
 0008:33AC       open_path
 0008:34DA       load_error
 0008:3511       UpdateGlblErrTxt
 0008:3539       WriteErrTxt
 0008:35C6       CopyName
 0008:35EA       SetupGlblErrTxt
 0008:3600       InvGlblErrTxt
 0008:360E       hy_w_loadmodule
 0008:3612       w_loadmodule
 0008:36D4       hy_w_getprocaddr
 0008:36D8       w_getprocaddr
 0008:3764       hy_w_freemodule
 0008:3768       w_freemodule
 0008:37A0       hy_w_getmodhandle
 0008:37A4       w_getmodhandle
 0008:37D2       hy_w_getmodname
 0008:37D6       w_getmodname
 0008:381C       hy_w_getresource
 0008:3820       w_getresource
 0008:3861       GetModHndl
 0008:386E       len_name
 0008:38BA       UpdateLoaderRMP
 0008:3906       ProbeLoaderRMP
 0008:3972       ResetUsedBit
 0008:3992       ProbeAllLibLink
 0008:39EC       LibDetach
 0008:3A5A       AsciiToInt
 0008:3A72       alloc_segments
 0008:3A92       load_module
 0008:3B27       load_segment
 0008:3D6F       clear_segment
 0008:3D8C       ie_loadste0
 0008:3DAA       discard_segment
 0008:3DD6       get_segment
 0008:3DE9       ie_loadste1
 0008:3E97       ie_loadste2
 0008:3EBC       ie_loadste3
 0008:3EC5       get_entaddr
 0008:3F8E       get_ordnlnum
 0008:405F       get_ordnlnum_sub
 0008:4085       FreeNonResNamSegs
 0008:40B1       ie_loadste4
 0008:40BD       get_alloc_siz
 0008:4240       IsHuge
 0008:4280       dofixups
 0008:42C8       fixup
 0008:42C8       ie_loadste5
 0008:430E       EachSegEntry
 0008:4365       GetCallGate
 0008:4379       AllocCallGate
 0008:43CF       EditProlog
 0008:4432       hy_num_to_sel
 0008:4436       num_to_sel
 0008:4443       hy_num_to_ste
 0008:4447       num_to_ste
 0008:445F       hy_GetLdrSem
 0008:4463       GetLdrSem
 0008:4493       hy_ClearLdrSem
 0008:4497       ClearLdrSem
 0008:44C0       TestLdrSem
 0008:44CC       ex_Alloc_LDT
 0008:44E0       hy_TmpMap
 0008:44E4       TmpMap
 0008:4519       hy_MteMap
 0008:4519       ie_loadsubr0
 0008:451D       MteMap
 0008:4530       hy_TmpUnMap
 0008:4534       TmpUnMap
 0008:454B       ex_MemAlloc
 0008:455B       ex_SegAlloc
 0008:4574       ex_HugeAlloc
 0008:457A       HugeAlloc
 0008:4625       HugeError
 0008:464F       ie_loadsubr1
 0008:466F       ex_MemFree
 0008:4679       ie_loadsubr2
 0008:467A       ex_SegAttach
 0008:4691       ex_Open
 0008:46F3       ex_Close
 0008:4713       ex_TransPath
 0008:4723       ex_LSeek
 0008:472C       ex_LSeekN
 0008:4742       ie_loadsubr3
 0008:4742       ex_Read
 0008:474F       ex_ReadN
 0008:4796       ie_loadsubr4
 0008:479B       ie_loadsubr5
 0008:479C       LRUadd
 0008:47A6       hy_LRUtop
 0008:47AA       LRUtop
 0008:47CA       hy_HandleAlloc
 0008:47CE       HandleAlloc
 0008:4805       HandleFree
 0008:4822       HandleGetSelector
 0008:4830       hy_HandleValidate
 0008:4853       hy_HandleMap
 0008:4857       HandleMap
 0008:48D2       HandleEnum
 0008:48F9       hy_HandleGetInfo
 0008:48FD       HandleGetInfo
 0008:4916       hy_MonitorCreate
 0008:491A       MonitorCreate
 0008:4BCE       hy_mon_Register
 0008:4BD2       mon_Register
 0008:5256       hy_mon_DeRegister
 0008:525A       mon_DeRegister
 0008:5EA8       hy_w_AllocShrSeg
 0008:5EAC       w_AllocShrSeg
 0008:5F71       hy_w_GetShrSeg
 0008:5F75       w_GetShrSeg
 0008:5FF7       FreeShrSeg
 0008:601C       ie_mshare0
 0008:601C       ValidateName
 0008:6052       FreeShrTask
 0008:60DD       ie_mshare1
 0008:60E2       ie_mshare2
 0008:60E2       GetShrSem
 0008:6110       ClearShrSem
 0008:6139       ie_mshare3
 0008:613A       hy_w_MuxSemWait
 0008:6143       hy_MuxSemWait
 0008:6147       MuxSemWait
 0008:6330       hy_PhysAlloc
 0008:6334       PhysAlloc
 0008:6568       PhysAdjustSize
 0008:6573       PhysFreeSearch
 0008:6636       PhysFreeSearchWalk
 0008:6722       PhysFoundFree
 0008:67D1       PhysCarve
 0008:69B3       hy_PhysSetBorderFlag
 0008:69B7       PhysSetBorderFlag
 0008:69FD       hy_PhysInsertLink
 0008:6A01       PhysInsertLink
 0008:6A78       PhysDeLink
 0008:6AF2       PhysMovFreeLink
 0008:6B72       PhysAddFreeSize
 0008:6C0E       hy_PhysRemFreeSize
 0008:6C12       PhysRemFreeSize
 0008:6E39       PhysZero
 0008:6EBE       PhysCheckLargest
 0008:6EEE       hy_PhysFree
 0008:6EF2       PhysFree
 0008:6FC4       hy_PhysFreeSeg
 0008:6FC8       PhysFreeSeg
 0008:715C       PhysJoin
 0008:720D       PhysFindFree
 0008:72BA       hy_PhysGetHeaderInfo
 0008:72BE       PhysGetHeaderInfo
 0008:730D       hy_PhysVerifyAddress
 0008:7311       PhysVerifyAddress
 0008:7354       hy_PhysLock
 0008:7358       PhysLock
 0008:75AC       hy_PhysRealloc
 0008:75B0       PhysRealloc
 0008:782B       PhysTryAdjGrow
 0008:792F       PhysTryMoving
 0008:7A1C       hy_PhysSetHandle
 0008:7A20       PhysSetHandle
 0008:7A50       hy_PhysSetOwner
 0008:7A54       PhysSetOwner
 0008:7A84       hy_PhysSetFlags
 0008:7A88       PhysSetFlags
 0008:7AEC       hy_PhysUnlock
 0008:7AF0       PhysUnlock
 0008:7C9A       hy_w_GetSTDA
 0008:7C9E       w_GetSTDA
 0008:7CD2       hy_Rmp_Add
 0008:7CD6       Rmp_Add
 0008:7CE4       ie_rmp0
 0008:7E33       hy_Rmp_Rem
 0008:7E37       Rmp_Rem
 0008:7E89       hy_Rmp_Find
 0008:7E89       ie_rmp1
 0008:7E8D       Rmp_Find
 0008:7E98       hy_Rmp_FindN
 0008:7E9C       Rmp_FindN
 0008:7EFC       hy_w_EnterCritSec
 0008:7F00       w_EnterCritSec
 0008:7F60       hy_w_ExitCritSec
 0008:7F64       w_ExitCritSec
 0008:7FC4       hy_w_GetPrty
 0008:7FC8       w_GetPrty
 0008:8037       hy_w_SetFgnd
 0008:803B       w_SetFgnd
 0008:80C1       hy_w_SetPrty
 0008:80C5       w_SetPrty
 0008:821A       garbage_collect
 0008:8270       visit_ptda_mods
 0008:827E       scan_ptda_mods
 0008:8315       freetask
 0008:841E       FreeLDTGate
 0008:8447       hy_w_SemSetWait
 0008:8450       hy_SemSetWait
 0008:8454       SemSetWait
 0008:8463       hy_SemSet
 0008:8467       SemSet
 0008:84A4       hy_w_SemWait
 0008:84AD       hy_SemWait
 0008:84B1       SemWait
 0008:84FA       hy_w_HoldSignal
 0008:84FC       hy_HoldSignal
 0008:8584       hy_w_FlagProcess
 0008:8599       hy_w_SetSigHandler
 0008:8673       hy_Sig_Proc
 0008:8677       Sig_Proc
 0008:879E       ResetSignals
 0008:87F0       hy_POST_SIGNAL
 0008:87F4       POST_SIGNAL
 0008:8836       psig
 0008:88DA       hy_PostSigFocus
 0008:88DE       PostSigFocus
 0008:890C       hy_ProcessCreate
 0008:8910       ProcessCreate
 0008:89A3       hy_ProcessAllocate
 0008:89A7       ProcessAllocate
 0008:8A01       ProcessKill
 0008:8B54       ProcWait
 0008:8BFE       GetZomb
 0008:8C82       hy_SwapOut
 0008:8C86       SwapOut
 0008:8CEB       hy_SwapIn
 0008:8CEF       SwapIn
 0008:8D54       hy_SwapFree
 0008:8D58       SwapFree
 0008:8DB1       Swap_IO
 0008:8E37       Swap_Find_SRE
 0008:8E68       SwapTask_Start_Label
 0008:8E68       SwapTask
 0008:8EA8       SwapTask_Write
 0008:8EC0       SwapTask_Allocate_Block
 0008:8F1D       SwapTask_Find_Free_Block
 0008:8F44       SwapTask_Split_Block
 0008:8FBC       SwapTask_Expand_SCT
 0008:90BB       SwapTask_Read
 0008:90D3       SwapTask_Free
 0008:90E2       SwapTask_Free_Block
 0008:912A       SwapTask_Combine_With_Previous_
 0008:9189       SwapTask_Combine_With_Next_Bloc
 0008:91CB       SwapTask_Combine_With_Dummy_Blo
 0008:9215       SwapTask_Find_SCE
 0008:9241       SwapTask_IO
 0008:9350       SwapTask_Test_Swap_File_Size
 0008:93B8       SwapTask_Create_Descriptor
 0008:93E3       SwapTask_Add_Free_Space_SCE
 0008:9427       SwapTask_Remove_Free_Space_SCE
 0008:9452       SwapTask_Display_Error_Message
 0008:946D       SwapTask_End_Label
 0008:946E       hy_w_CreateSem
 0008:94C3       hy_w_OpenSem
 0008:94ED       hy_w_CloseSem
 0008:95D7       CanonBuf
 0008:95E4       InitSemPTDATbl
 0008:95F2       FreeSysSem
 0008:9623       SysSemOwnerDied
 0008:96FB       ProcessTerminate
 0008:96FB       ie_task0
 0008:9771       CookedKBD
 0008:9771       ie_task1
 0008:97BE       hy_w_CWait
 0008:981B       hy_w_KillProcess
 0008:981B       ie_task3
 0008:983B       hy_w_Exit
 0008:990D       hy_w_SuspendThread
 0008:990D       ie_task4
 0008:9924       hy_w_ResumeThread
 0008:997A       hy_w_ExitList
 0008:9A94       RASExitList
 0008:9AFE       hy_EachTask
 0008:9B1F       EachTask
 0008:9C10       NewPid
 0008:9C95       hy_PidToPtda
 0008:9C99       PidToPtda
 0008:9CCF       hy_TidToTn
 0008:9CD3       TidToTn
 0008:9CF8       hy_Descendant?
 0008:9CFC       Descendant?
 0008:9D2B       Sys_FreezeThaw
 0008:9DF1       hy_w_GetPid
 0008:9E05       hy_w_GetEnv
 0008:9E1D       Create_Lib_Init
 0008:9EDC       Lib_Init
 0008:9EF5       Lib_Init_sub
 0008:9F2E       LibInitError
 0008:9F7F       hy_w_Lib_Init
 0008:A06E       hy_w_CreateThread
 0008:A072       w_CreateThread
 0008:A18D       ChildStartHere
 0008:A1C8       hy_w_Ptrace
 0008:A1CC       w_Ptrace
 0008:A2FE       hy_TRCinit
 0008:A302       TRCinit
 0008:A320       TRCsuspend
 0008:A33D       hy_TRCHelp
 0008:A341       TRCHelp
 0008:A3CB       trc_dispatch
 0008:A55D       trc_numtosel
 0008:A58B       trc_getFP
 0008:A5A9       trc_setFP
 0008:A5DB       trc_getlibname
 0008:A775       hy_TrcTRC
 0008:A779       TrcTRC
 0008:A79C       TrcNMI
 0008:A7BE       hy_TrcBPT
 0008:A7C2       TrcBPT
 0008:A7E7       hy_TrcGPF
 0008:A7EB       TrcGPF
 0008:A82F       TRCKil
 0008:A85A       hy_MemAlloc
 0008:A85E       MemAlloc
 0008:A8B3       hy_MemRealloc
 0008:A8B7       MemRealloc
 0008:A8FC       ie_virtmem1
 0008:A983       ie_virtmem2
 0008:A983       hy_MemFree
 0008:A987       MemFree
 0008:A9C3       MemCopy
 0008:A9FA       ie_virtmem3
 0008:A9FA       MemGetSize
 0008:AA66       ie_virtmem4
 0008:AA66       MemGetOwner
 0008:AA91       ie_virtmem5
 0008:AA91       hy_MemSetOwner
 0008:AA95       MemSetOwner
 0008:AAC3       MemSetFlags
 0008:AAC3       ie_virtmem6
 0008:AB04       ie_virtmem7
 0008:AB09       hy_MemMap
 0008:AB09       ie_virtmem8
 0008:AB0D       MemMap
 0008:AB14       hy_MemSetMap
 0008:AB18       MemSetMap
 0008:AB27       hy_MemUnmap
 0008:AB2B       MemUnmap
 0008:AB49       hy_MemMapAlias
 0008:AB4D       MemMapAlias
 0008:AB60       hy_MemUnmapAlias
 0008:AB64       MemUnmapAlias
 0008:AB6E       ie_virtmem9
 0008:AB73       hy_MemMapMTE
 0008:AB73       ie_virtmem10
 0008:AB77       MemMapMTE
 0008:ABBF       ie_virtmem11
 0008:ABF6       ie_virtmem12
 0008:AC16       hy_MemMapVerify
 0008:AC1A       MemMapVerify
 0008:AC1B       hy_MemMapAliasVerify
 0008:AC1F       MemMapAliasVerify
 0008:AC20       hy_MemSetDesc
 0008:AC24       MemSetDesc
 0008:AC54       ie_virtmem13
 0008:AC59       ie_virtmem14
 0008:AC59       hy_MemLock
 0008:AC5D       MemLock
 0008:AC73       ie_virtmem15
 0008:AC95       MemUnlock
 0008:ACA4       ie_virtmem16
 0008:ACB8       hy_MemWait
 0008:ACBC       MemWait
 0008:AD79       ie_virtmem17
 0008:AD7E       ie_virtmem18
 0008:AE1D       ie_virtmem19
 0008:AEA8       MemWakeup
 0008:AEA8       ie_virtmem20
 0008:AEB2       MemUpdateDesc
 0008:AF21       MemSearchDesc
 0008:AF6A       hy_MarkSegMoved
 0008:AF6E       MarkSegMoved
 0008:AF7E       ie_virtmgr0
 0008:AFA7       ie_virtmgr1
 0008:AFB3       ie_virtmgr2
 0008:AFEB       MarkSegDiscarded
 0008:B04C       MarkSegSwapped
 0008:B04C       ie_virtmgr3
 0008:B085       ie_virtmgr4
 0008:B08A       MarkSegNotSwapped
 0008:B08A       ie_virtmgr5
 0008:B0A0       ie_virtmgr6
 0008:B0AC       ie_virtmgr7
 0008:B0D2       MarkSegInTransition
 0008:B0E8       ie_virtmgr8
 0008:B10D       CheckVirtLock
 0008:B123       hy_NotPresentFault
 0008:B136       ReallocPTDA
 0008:B1E8       ReallocLDT
 0008:B1E8       ie_virtmgr9
 0008:B2B7       ie_virtmgr10
 0008:B33C       ie_virtphys1
 0008:B37A       hy_SegAlloc
 0008:B381       SegAlloc
 0008:B3CE       ie_virtseg0
 0008:B496       ie_virtseg1
 0008:B496       hy_SegRealloc
 0008:B49A       SegRealloc
 0008:B4B9       ie_virtseg2
 0008:B4B9       hy_SegFree
 0008:B4BD       SegFree
 0008:B4E9       ie_virtseg3
 0008:B4EE       SegReallocSub
 0008:B4EE       ie_virtseg4
 0008:B55D       SegAttach
 0008:B55D       ie_virtseg5
 0008:B5DB       ie_virtseg6
 0008:B5DB       SegDetach
 0008:B5F9       hy_SegLock
 0008:B5FD       SegLock
 0008:B646       hy_SegUnlock
 0008:B64A       SegUnlock
 0008:B661       hy_SegValidate
 0008:B661       ie_virtseg7
 0008:B738       hy_SegGetInfo
 0008:B73C       SegGetInfo
 0008:B7D0       SegSearch
 0008:B7DD       hy_SegMapVirt
 0008:B7E1       SegMapVirt
 0008:B816       SegMakePrivate
 0008:B816       ie_virtseg8
 0008:B894       SegClear
 0008:B894       ie_virtseg9
 0008:B8A8       ie_virtseg10
 0008:B8B4       SetRPL
 0008:B8C0       hy_w_AllocSeg
 0008:B8C4       w_AllocSeg
 0008:B915       hy_w_ReallocSeg
 0008:B919       w_ReallocSeg
 0008:B9AA       ie_virtwrk0
 0008:B9AA       hy_w_FreeSeg
 0008:B9AE       w_FreeSeg
 0008:BA3F       ie_virtwrk1
 0008:BA44       ie_virtwrk2
 0008:BA81       ie_virtwrk3
 0008:BA86       ie_virtwrk4
 0008:BA8B       ie_virtwrk5
 0008:BAF7       ie_virtwrk6
 0008:BAFC       hy_w_GiveSeg
 0008:BAFC       ie_virtwrk7
 0008:BB00       w_GiveSeg
 0008:BB67       hy_w_GetSeg
 0008:BB6B       w_GetSeg
 0008:BBB9       ie_virtwrk8
 0008:BBB9       hy_w_LockSeg
 0008:BBBD       w_LockSeg
 0008:BBF5       ie_virtwrk9
 0008:BBFA       hy_w_UnlockSeg
 0008:BBFE       w_UnlockSeg
 0008:BC3C       ie_virtwrk10
 0008:BC41       hy_w_AllocHuge
 0008:BD14       hy_w_ReallocHuge
 0008:BDA3       ie_virtwrk11
 0008:BE25       ie_virtwrk12
 0008:BEB8       ie_virtwrk13
 0008:BF11       hy_w_GetHugeShift
 0008:BF15       w_GetHugeShift
 0008:BF1A       hy_w_CreateCSAlias
 0008:BF1E       w_CreateCSAlias
 0009:0000       $TJMP
 0009:0013       hy_PathChrCmp
 0009:0017       PathChrCmp
 0009:0021       hy_StrCmp
 0009:0025       StrCmp
 0009:0062       hy_StrCpy
 0009:0066       StrCpy
 0009:008D       FStrCpy
 0009:00AC       hy_UCase
 0009:00B0       UCase
 0009:00BC       hy_Exc_Lookup
 0009:00C0       Exc_Lookup
 0009:00E3       TraceCheck
 0009:0190       trapret
 0009:01A7       trap03
 0009:027E       trap0b
 0009:02D9       RASTrap0B
 0009:035D       Exc_Check
 0009:03BD       pentry
 0009:04E1       ie_trap2860
 0009:04F9       SimStackFault
 0009:051F       hy_w_SetVec
 0009:0573       UsrArgFault
 0009:0625       hy_fmtnum
 0009:0629       fmtnum
 0009:0646       DOSALLOCSEG
 0009:0684       DOSALLOCSHRSEG
 0009:06C0       DOSGETSHRSEG
 0009:06F8       DOSGIVESEG
 0009:0710       DOSGETSEG
 0009:0722       DOSLOCKSEG
 0009:0734       DOSUNLOCKSEG
 0009:0746       DOSREALLOCSEG
 0009:0778       DOSFREESEG
 0009:07A8       DOSALLOCHUGE
 0009:07F2       DOSGETHUGESHIFT
 0009:0800       DOSREALLOCHUGE
 0009:0836       DOSCREATECSALIAS
 0009:086C       DOSSETSIGHANDLER
 0009:08B0       DOSDUPHANDLE
 0009:08E6       DOSGETVERSION
 0009:08F4       DOSBUFRESET
 0009:0922       DOSQCURDIR
 0009:093E       DOSCHGFILEPTR
 0009:097E       DOSCHDIR
 0009:09B2       DOSCLOSE
 0009:09E0       DOSDELETE
 0009:0A14       DOSMKDIR
 0009:0A48       DOSMOVE
 0009:0A84       DOSRMDIR
 0009:0AB8       DOSIREAD
 0009:0AEE       DOSIWRITE
 0009:0B24       PANICWRITE
 0009:0B3C       DOSNEWSIZE
 0009:0B70       DOSOPEN
 0009:0BBE       DOSFINDFIRST
 0009:0C0C       DOSFINDNEXT
 0009:0C46       DOSFINDCLOSE
 0009:0C74       DOSQFILEMODE
 0009:0C94       DOSSETFILEMODE
 0009:0CD0       DOSQCURDISK
 0009:0CE4       DOSSELECTDISK
 0009:0D12       DOSCWAIT
 0009:0D54       DOSEXIT
 0009:0D82       DOSKILLPROCESS
 0009:0DB0       DOSGETPID
 0009:0DBE       DOSGETENV
 0009:0DD2       DOSEXITLIST
 0009:0E04       DOSIEXECPGM
 0009:0E52       DOSPTRACE
 0009:0E80       DOSSICG
 0009:0E94       DOSLIBINIT
 0009:0EA6       DOSLOADMODULE
 0009:0EEA       DOSGETPROCADDR
 0009:0F28       DOSFREEMODULE
 0009:0F56       DOSGETMODHANDLE
 0009:0F90       DOSGETMODNAME
 0009:0FCA       DOSGETRESOURCE
 0009:0FE2       DOSDEVIOCTL
 0009:101E       DOSSETVERIFY
 0009:1048       DOSQVERIFY
 0009:1056       DOSSETFILEINFO
 0009:1070       DOSQFILEINFO
 0009:108A       DOSSETMAXFH
 0009:109C       DOSQFHANDSTATE
 0009:10B2       DOSSETFHANDSTATE
 0009:10E4       DOSIRAMSEMWAKE
 0009:10F6       DOSSEMSETWAIT
 0009:1128       DOSISEMWAIT
 0009:115A       DOSCLOSESEM
 0009:1186       DOSCREATESEM
 0009:11C8       DOSOPENSEM
 0009:1204       DOSGETINFOSEG
 0009:1214       DOSQHANDTYPE
 0009:122C       DOSSETFSINFO
 0009:1244       DOSQFSINFO
 0009:125E       DOSICREATETHREAD
 0009:1276       DOSFLAGPROCESS
 0009:12B0       DOSSYSTEMSERVICE
 0009:12E6       DOSSETVEC
 0009:1320       DOSDATAPATH
 0009:1338       DOSJOIN
 0009:1352       DOSSUBST
 0009:136C       DOSDEVCONFIG
 0009:13A6       DOSQSWITCHAR
 0009:13B4       DOSICANONICALIZE
 0009:13D2       DOSFILELOCKS
 0009:140C       DOSGETMACHINEMODE
 0009:141A       DOSERROR
 0009:1444       DOSSUSPENDTHREAD
 0009:1472       DOSRESUMETHREAD
 0009:14A0       DOSMAKEPIPE
 0009:14DC       DOSIQCTRYCODE
 0009:14EA       DOSSETDATETIME
 0009:14FE       DOSTIMERSTART
 0009:151A       DOSTIMERSTOP
 0009:152C       DOSTIMERASYNC
 0009:1548       DOSSLEEP
 0009:1558       DOSGETDATETIME
 0009:1568       DOSSETPRTY
 0009:1580       DOSGETPRTY
 0009:159A       DOSENTERCRITSEC
 0009:15AA       DOSEXITCRITSEC
 0009:15BA       DOSSETFGND
 0009:15CC       DOSSWAPTASKINIT
 0009:15E2       DOSBEEP
 0009:15F2       DOSSGSWITCH
 0009:1604       DOSSGSWITCHME
 0009:1614       DOSSGSWITCHPROC
 0009:1624       DOSSYSTRACE
 0009:163A       STRUCHECK
 0009:164A       STRURESUPDATE
 0009:1660       DOSGETSTDA
 0009:1672       hy_w_DiskReset
 0009:1676       w_DiskReset
 0009:1683       BufInvalidate
 0009:16AE       BufMultipleLock
 0009:1723       ClrVisit
 0009:173F       SkipVisit
 0009:1752       DoneVisit
 0009:1777       ScanPlace
 0009:179B       PlaceBufLRU
 0009:17E7       GetBuffr
 0009:17E9       GetBuffrB
 0009:18F4       hy_RlseBuffr
 0009:18F8       RlseBuffr
 0009:1947       ie_buf0
 0009:1969       UnlockBuf
 0009:1983       hy_FlushBuf
 0009:1987       FlushBuf
 0009:19BE       hy_PointComp
 0009:19C2       PointComp
 0009:1A73       hy_RemoveBufVPB
 0009:1A77       RemoveBufVPB
 0009:1A96       hy_CharHard
 0009:1A9A       CharHard
 0009:1A9D       CharHardAllowed
 0009:1AB4       ExmDBCS
 0009:1ADF       hy_w_IQCtryCode
 0009:1ADF       ie_dbcs0
 0009:1AE3       w_IQCtryCode
 0009:1AED       CharTypeHIGH2
 0009:1BEE       hy_Dev_Open_SFT
 0009:1BF2       Dev_Open_SFT
 0009:1C02       hy_Dev_Close_SFT
 0009:1C06       Dev_Close_SFT
 0009:1C90       hy_api_IOCTL
 0009:1CBE       hy_DevIOCTL
 0009:1CC2       DevIOCTL
 0009:1F85       hy_ErrorTriage
 0009:1F89       ErrorTriage
 0009:1FAE       hy_GetDriveInfo
 0009:1FB2       GetDriveInfo
 0009:1FEA       hy_GetHandleInfo
 0009:1FEE       GetHandleInfo
 0009:204C       hy_DISK_INFO
 0009:2050       DISK_INFO
 0009:20C3       DiskFreeSpace
 0009:219C       CountClusters
 0009:21DE       FindEntry
 0009:21F5       Srch
 0009:2226       NEXTENT
 0009:229B       MetaCompare
 0009:22AA       NextEntry
 0009:230A       GETENTRY
 0009:230D       GETENT
 0009:2342       SetDirSrch
 0009:2375       SetRootSrch
 0009:239A       GetPath
 0009:23A0       GetPathNoSet
 0009:2474       ChkDev
 0009:24B9       ROOTPATH
 0009:24CA       FINDPATH
 0009:263B       StartSrch
 0009:2656       MatchAttributes
 0009:2663       hy_DevName
 0009:2667       DevName
 0009:26B2       Get3xDevHdr
 0009:2713       GetProtDevHdr
 0009:274E       Build_device_ent
 0009:2784       CheckThisDevice
 0009:27B6       hy_DOS_Read
 0009:27BA       DOS_Read
 0009:2842       ie_disk0
 0009:28DB       hy_DOS_Write_NT
 0009:28DF       DOS_Write_NT
 0009:28E5       hy_DOS_Write
 0009:28E9       DOS_Write
 0009:2A46       ie_disk1
 0009:2A4B       DirRead
 0009:2A9B       FirstCluster
 0009:2AAC       SET_BUF_AS_DIR
 0009:2ABC       Setup
 0009:2B39       BreakDown
 0009:2B68       Read_Lock_Violation
 0009:2B91       Write_Lock_Violation
 0009:2B93       DiskRead
 0009:2C07       Set_Acc_Err_DS
 0009:2C09       Set_Acc_Err
 0009:2D36       SetSFT
 0009:2D3D       SetClus
 0009:2D6D       AddRec
 0009:2D7A       DiskWrite
 0009:2E68       WrtErr
 0009:3092       Enter_Kmode
 0009:30CE       hy_RMDevAddFCB
 0009:30DF       hy_RMDevAddHandle
 0009:30F1       rmdas1
 0009:3165       hy_RMDevRemFCB
 0009:3169       RMDevRemFCB
 0009:317F       RMDevRemFCBSFT
 0009:3187       RMDevRemHandleSFT
 0009:318E       hy_RMDevRemHandle
 0009:3192       RMDevRemHandle
 0009:31AC       rmdrs1
 0009:3212       hy_DOS_Abort
 0009:3216       DOS_Abort
 0009:331C       hy_DOS_Close
 0009:3320       DOS_Close
 0009:338C       hy_Free_SFT
 0009:3390       Free_SFT
 0009:339D       DirFromSFT
 0009:33DF       hy_DOS_Commit
 0009:33E3       DOS_Commit
 0009:34AE       hy_DOS_Create
 0009:34B2       DOS_Create
 0009:34E0       Set_MkNd_Err
 0009:3507       hy_DOS_Create_New
 0009:350B       DOS_Create_New
 0009:3511       AttribOk
 0009:3527       hy_DOS_Delete
 0009:352B       DOS_Delete
 0009:36F8       DOS_MkDir
 0009:37F7       DOS_ChDir
 0009:3825       DOS_RmDir
 0009:3908       DOS_Dup
 0009:3924       hy_DupJFN
 0009:39F3       DOS_Search_First
 0009:3AD2       DOS_Search_Next
 0009:3B1E       Rename_Next
 0009:3B7C       DOS_Find_Close
 0009:3C12       axRemRef
 0009:3C4A       hy_DOS_Open
 0009:3C4E       DOS_Open
 0009:3D90       hy_Set_SFT_Mode
 0009:3D94       Set_SFT_Mode
 0009:3DD2       hy_SHARE_ERROR
 0009:3DD6       SHARE_ERROR
 0009:3DFB       hy_DOS_Rename
 0009:3DFF       DOS_Rename
 0009:401C       hy_w_FindClose
 0009:4020       w_FindClose
 0009:4035       hy_w_FindFirst
 0009:4039       w_FindFirst
 0009:411E       hy_w_FindNext
 0009:4122       w_FindNext
 0009:42B8       IsEOF
 0009:42C9       UnPack
 0009:432A       Pack
 0009:447C       hy_MakeFcb
 0009:4480       MakeFcb
 0009:44EE       NORMSCAN
 0009:4568       NameTrans
 0009:4595       GetLet
 0009:45BB       DELIM
 0009:45C0       SPCHK
 0009:45D6       hy_w_Close
 0009:45DA       w_Close
 0009:4616       hy_w_Read
 0009:461A       w_Read
 0009:461F       hy_ReadDo
 0009:4623       ReadDo
 0009:4697       hy_w_Write
 0009:469B       w_Write
 0009:46A2       hy_w_NewSize
 0009:46A6       w_NewSize
 0009:470E       hy_w_LSeek
 0009:4712       w_LSeek
 0009:4719       hy_sft_lseek
 0009:471D       sft_lseek
 0009:47CE       hy_FileTimes
 0009:47D2       FileTimes
 0009:481F       hy_w_Dup
 0009:4823       w_Dup
 0009:484A       hy_w_Dup2
 0009:484E       w_Dup2
 0009:4862       hy_api_Dup
 0009:4866       api_Dup
 0009:4873       hy_w_SetMaxFH
 0009:4877       w_SetMaxFH
 0009:4909       hy_w_QFHandState
 0009:490D       w_QFHandState
 0009:493E       hy_w_SetFHandState
 0009:4942       w_SetFHandState
 0009:497A       hy_w_QHandType
 0009:497E       w_QHandType
 0009:499A       CheckOwner
 0009:49B7       hy_is_device
 0009:49BB       is_device
 0009:49CA       hy_w_OpenCreate
 0009:49CE       w_OpenCreate
 0009:4ABD       hy_w_Open
 0009:4AC1       w_Open
 0009:4C38       hy_w_Creat
 0009:4C3C       w_Creat
 0009:4C3F       AccessSet
 0009:4C48       hy_$CreateNewFilePM
 0009:4C4C       $CreateNewFilePM
 0009:4C58       hy_$CreateTempFilePM
 0009:4C5C       $CreateTempFilePM
 0009:4CEA       hy_w_ChMod
 0009:4CEE       w_ChMod
 0009:4D2E       hy_w_Unlink
 0009:4D32       w_Unlink
 0009:4D58       hy_w_Rename
 0009:4D5C       w_Rename
 0009:4DF2       hy_Get_File_Info
 0009:4DF6       Get_File_Info
 0009:4E57       Set_File_Attribute
 0009:4EC4       hy_w_SetFileInfo
 0009:4EC8       w_SetFileInfo
 0009:4F48       hy_w_QFileInfo
 0009:4F4C       w_QFileInfo
 0009:4FFE       Share_Check
 0009:5001       Share_Violation
 0009:5011       Violation_Delay_Retry
 0009:503C       hy_ShareEnd
 0009:5040       ShareEnd
 0009:5043       ShareEnter
 0009:5063       ShareEnter1
 0009:50CE       hy_w_SetFSInfo
 0009:50D2       w_SetFSInfo
 0009:527C       hy_w_QFsInfo
 0009:5280       w_QFsInfo
 0009:53AE       hy_w_SetVerify
 0009:53B2       w_SetVerify
 0009:53C2       hy_w_QVerify
 0009:53C6       w_QVerify
 0009:53CD       hy_w_Get_Drive_Freespace
 0009:53D1       w_Get_Drive_Freespace
 0009:53EB       hy_w_QCurDisk
 0009:53EF       w_QCurDisk
 0009:542D       hy_w_SelectDisk
 0009:5431       w_SelectDisk
 0009:5446       hy_w_Set_Default_Drive
 0009:544A       w_Set_Default_Drive
 0009:5466       hy_w_QSwitChar
 0009:546A       w_QSwitChar
 0009:5473       hy_w_GetInfoSeg
 0009:5477       w_GetInfoSeg
 0009:547F       hy_w_DevConfig
 0009:5483       w_DevConfig
 0009:549B       hy_w_GetMachineMode
 0009:549F       w_GetMachineMode
 0009:54A3       hy_w_Error
 0009:54A7       w_Error
 0009:54B9       hy_w_International
 0009:54BD       w_International
 0009:5527       hy_w_DataPath
 0009:552B       w_DataPath
 0009:55FE       IsThereADataPath
 0009:560B       IsThereADrvAsg
 0009:5627       FindScrGrpRec
 0009:565A       MFT_Enter
 0009:5679       MFTclose
 0009:569D       MFTclU
 0009:56AE       MFTcloseP
 0009:56C0       Set_Block
 0009:5703       Clr_Block
 0009:574A       clp
 0009:5785       Chk_Block
 0009:57C5       MFT_get
 0009:5839       LockMFT
 0009:5877       UnlockMFT
 0009:58B4       ASC
 0009:590C       ie_gshare0
 0009:590C       BCS
 0009:59A3       CSL
 0009:5A12       CUC
 0009:5A6C       CSI
 0009:5A8A       GOM
 0009:5AB2       FNM
 0009:5B9E       GCM
 0009:5C04       RMN
 0009:5C1C       ie_gshare1
 0009:5C1C       MRG
 0009:5C46       RSC
 0009:5C90       SLE
 0009:5C90       ie_gshare2
 0009:5D0F       OFL
 0009:5D51       ie_gshare3
 0009:5D66       CPS
 0009:5DB1       cpj
 0009:5DDD       SFM
 0009:5DEB       hy_ShChk
 0009:5DEF       ShChk
 0009:5E07       hy_ShSave
 0009:5E0B       ShSave
 0009:5E26       ShCol
 0009:5E7A       ie_gshare4
 0009:5E8A       ShCloseFile
 0009:5F0A       ShSU
 0009:5FAB       Mft_grow
 0009:6066       hy_HardError
 0009:606A       HardError
 0009:618C       ie_harderr0
 0009:631A       hy_HEAction
 0009:6365       hy_w_Join
 0009:6369       w_Join
 0009:6594       hy_w_Subst
 0009:6598       w_Subst
 0009:67DF       ListCDSText
 0009:680B       DriveBusy
 0009:6816       PathErr
 0009:688A       CheckDirPath
 0009:6982       hy_w_LockOper
 0009:6986       w_LockOper
 0009:6A30       Lock_Check
 0009:6A34       Lock_Violation
 0009:6A5C       hy_w_FileLocks
 0009:6A60       w_FileLocks
 0009:6AB8       DosIOAllowed
 0009:6AD8       RetryLockedDrive
 0009:6B10       hy_DirectIOAllowed
 0009:6B14       DirectIOAllowed
 0009:6B49       LockDrive
 0009:6BB5       UnlockDrive
 0009:6BE6       hy_w_NameTrans
 0009:6BEA       w_NameTrans
 0009:6C04       hy_AsgCheckDrive
 0009:6C08       AsgCheckDrive
 0009:6C8E       Find_DPB
 0009:6CA6       hy_InitCDS
 0009:6CAA       InitCDS
 0009:6D06       hy_GetVisDrv
 0009:6D0A       GetVisDrv
 0009:6D22       hy_GetThisDrv
 0009:6D26       GetThisDrv
 0009:6D7D       hy_GetCDSFromDrv
 0009:6D81       GetCDSFromDrv
 0009:6DE4       hy_GetCDS
 0009:6DE8       GetCDS
 0009:6E07       hy_DupCDS
 0009:6E1A       hy_DelCDS
 0009:6E1E       DelCDS
 0009:6E3C       hy_NextCDS
 0009:6E40       NextCDS
 0009:6E5D       hy_TransFCB
 0009:6E61       TransFCB
 0009:6EDD       hy_TransPath
 0009:6EE1       TransPath
 0009:6EE7       hy_TransPathSet
 0009:6EEB       TransPathSet
 0009:6EF3       TransPathNoSet
 0009:70B4       Canonicalize
 0009:7136       PathSep
 0009:7138       PathSepGotCh
 0009:7140       SkipBack
 0009:715D       CopyComponent
 0009:71FB       ValidateCDS
 0009:72DC       Splice
 0009:73B9       hy_DriveFromText
 0009:73BD       DriveFromText
 0009:73E1       TextFromDrive
 0009:73E3       TextFromDrive1
 0009:73E9       PathPref
 0009:7428       hy_ScanPathChar
 0009:742C       ScanPathChar
 0009:7447       hy_BuildDPStr
 0009:744B       BuildDPStr
 0009:74EC       hy_GenDPSearchChk
 0009:74F0       GenDPSearchChk
 0009:7510       hy_MapDrv1
 0009:7514       MapDrv1
 0009:753B       hy_w_Canon
 0009:7603       hy_w_BufReset
 0009:7607       w_BufReset
 0009:7689       NewDir
 0009:7722       SetDotEnt
 0009:7749       MakeNode
 0009:7816       Rename_Mknode
 0009:7961       DoOpen
 0009:7A47       GetBufBack
 0009:7A70       DOSMUXSEMWAIT
 0009:7B9A       hy_w_Current_Dir
 0009:7B9E       w_Current_Dir
 0009:7BED       hy_w_RmDir
 0009:7BF1       w_RmDir
 0009:7C32       hy_w_ChDir
 0009:7C36       w_ChDir
 0009:7D71       hy_w_MkDir
 0009:7D75       w_MkDir
 0009:7D9E       hy_w_MakePipe
 0009:7DA2       w_MakePipe
 0009:7E08       palloc
 0009:7E6C       aps
 0009:7E8A       ClosePipe
 0009:7EE9       pfree
 0009:7EF1       ReadPipe
 0009:7F32       readiob
 0009:7F5F       rcb
 0009:7F98       WritePipe
 0009:7FD9       writeiob
 0009:8008       wcb
 0009:805F       copy
 0009:80DE       FNDCLUS
 0009:8105       hy_SKPCLP
 0009:8109       SKPCLP
 0009:8127       BufSec
 0009:816B       BufRd
 0009:81AB       BufWrt
 0009:81F7       NextSec
 0009:8245       Optimize
 0009:82E1       FigRec
 0009:82F2       Allocate
 0009:843A       Release
 0009:843C       RelBlks
 0009:84AC       GetEOF
 0009:84BE       sci
 0009:84F5       to_farcall
 0009:8554       to_skip_word
 0009:855C       to_skip_ptr
 0009:8564       to_skip_10word
 0009:8566       to_skip_9word
 0009:8568       to_skip_8word
 0009:856A       to_skip_7word
 0009:856D       to_skip_5word
 0009:856F       to_skip_4word
 0009:856F       to_skip_2ptr
 0009:8577       to_ld_cx
 0009:857F       to_ld_dx
 0009:8587       to_ld_dx_0
 0009:858E       to_ld_dl
 0009:8597       to_ld_ax
 0009:85A1       to_ld_bx
 0009:85AB       to_ld_bh
 0009:85B5       to_ld_bl
 0009:85BF       to_ld_si
 0009:85C9       to_ld_di
 0009:85D3       to_ld_dsdx
 0009:85D6       to_ld_ds
 0009:85E2       to_ld_dsdx_norpl
 0009:85E5       to_ld_ds_norpl
 0009:85EF       to_ld_es
 0009:85F3       to_ld_es_norpl
 0009:85FD       to_ld_disi
 0009:8611       to_ld_ind_ax
 0009:8627       to_ld_ind_bx
 0009:863D       to_ld_ind_cx
 0009:8650       to_ld_imm_ax
 0009:865D       to_ld_TempBuf
 0009:8671       to_mv_esdi_dsdx
 0009:867F       to_mv_si_dx
 0009:8687       to_st_ax
 0009:869B       to_st_al
 0009:86AF       to_st_bx
 0009:86C3       to_st_cx
 0009:86D6       to_st_dx
 0009:86E9       to_st_dxax
 0009:8700       to_st_axbxcx
 0009:871A       to_st_axbxcxdx
 0009:8738       to_reser_dd_arg
 0009:8751       to_getusrnzbuf
 0009:875F       to_getusrbufz
 0009:877C       ie_sci0
 0009:87AE       to_enterfscrit
 0009:87D1       to_exitfscrit
 0009:87EF       to_rplstampsel
 0009:87F8       to_rplstampptr
 0009:8811       to_return
 0009:8887       hy_Take_Kernel_Sem
 0009:888B       Take_Kernel_Sem
 0009:88E1       hy_Clear_Kernel_Sem
 0009:88E5       Clear_Kernel_Sem
 0009:8916       to_ras_entry
 0009:8945       to_ras_exit
 0009:896C       to_ras_wordind
 0009:8977       to_ras_dwordind
 0009:8983       to_ras_word
 0009:8987       to_ras_dword
 0009:898D       to_ras_asciiz
 0009:899D       to_ras_retval
 0009:89A4       hy_Dir_Search_First
 0009:89A8       Dir_Search_First
 0009:8A30       hy_Dir_Search_Next
 0009:8A34       Dir_Search_Next
 0009:8A9D       hy_w_Find_First
 0009:8AA1       w_Find_First
 0009:8AED       hy_w_Find_Next
 0009:8AF1       w_Find_Next
 0009:8B19       PackName
 0009:8B72       DOSISEMREQUEST
 0009:8BBC       DOSISYSSEMCLEAR
 0009:8BE3       DOSISYSSEMSET
 0009:8C0A       hy_SemProtFault
 0009:8C20       hy_SuByte
 0009:8C24       SuByte
 0009:8C47       hy_SuWord
 0009:8C4B       SuWord
 0009:8C6E       hy_SuBuff
 0009:8C72       SuBuff
 0009:8C96       hy_SuBuffz
 0009:8C9A       SuBuffz
 0009:8CC4       hy_FuByte
 0009:8CC8       FuByte
 0009:8CEB       hy_FuWord
 0009:8CEF       FuWord
 0009:8D12       hy_FuStrLen
 0009:8D16       FuStrLen
 0009:8D42       hy_FuStrLenZ
 0009:8D46       FuStrLenZ
 0009:8D7D       hy_FuBuff
 0009:8D81       FuBuff
 0009:8DDD       hy_FuBuffz
 0009:8DE1       FuBuffz
 0009:8E0B       hy_ProbeBuff
 0009:8E0F       ProbeBuff
 0009:8E52       DOSHOLDSIGNAL
 0009:8EB6       DieSoon
 0009:8ECA       pJFNFromHandle
 0009:8EF1       hy_SFFromHandle
 0009:8EF5       SFFromHandle
 0009:8F12       hy_SFFromSFN
 0009:8F16       SFFromSFN
 0009:8F4B       JFNFree
 0009:8F5F       hy_SFNFree
 0009:8F63       SFNFree
 0009:8FF0       GrowSFT
 0009:907C       IncVPBRef
 0009:908C       ie_volume1
 0009:908E       hy_DecVPBRef
 0009:9092       DecVPBRef
 0009:90EB       IncVPBSearch
 0009:90FB       ie_volume2
 0009:90FD       hy_DecVPBSearch
 0009:9101       DecVPBSearch
 0009:9112       ie_volume3
 0009:9118       DRead
 0009:9122       DWrite
 0009:9136       hy_DskRead
 0009:913A       DskRead
 0009:9140       hy_DskWrite
 0009:9144       DskWrite
 0009:92AD       WaitVPB
 0009:92D6       WaitDPB
 0009:92FB       LockVBuf
 0009:9322       WakeVPB
 0009:933A       WakeDPB
 0009:934C       UnlockVBuf
 0009:9364       DoVolIO
 0009:9369       DoVolIONE
 0009:948F       hy_WhatVolume
 0009:9493       WhatVolume
 0009:9497       RedetermineMedia
 0009:949E       hy_WhatVolumeCheck
 0009:94A2       WhatVolumeCheck
 0009:97A6       UnreadableVPB
 0009:97D6       FindVID
 0009:983E       BuildBPB
 0009:98FC       FatSecRd
 0009:9933       ImproveText

Program entry point at 0005:001D
