

 Start  Stop   Length Name                   Class
 00000H 0004FH 00050H HEADER                 MODULE
 00050H 00067H 00018H SEGTABLE               MODULE
 00068H 0038FH 00328H ENTTABLE               MODULE
 00390H 00396H 00007H ENTNAME                MODULE
 00397H 009A3H 0060DH NRENTNAME              MODULE
 009B0H 00BF2H 00243H IMPORTS                MODULE
 00BF3H 00BF4H 00002H ENDIMPORTS             MODULE
 00C00H 00C00H 00000H RESOURCES              MODULE
 00C00H 00C01H 00002H ENDRESOURCES           MODULE
 00C10H 00E65H 00256H _DATA                  DATA
 00E70H 00EA7H 00038H DATA                   DATA
 00EA8H 00EB5H 0000EH CDATA                  DATA
 00EB6H 00EB6H 00000H _INITDATA              DATA
 00EB6H 00EB6H 00000H CONST                  CONST
 00EC0H 00F97H 000D8H _BSS                   BSS
 00FA0H 00FB3H 00014H C_COMMON               BSS
 00FC0H 00FC0H 00000H _INITDATA              BSS
 00FC0H 00FC0H 00000H _ENDDATA               BSS
 00FC0H 00FC0H 00001H STACK                  STACK
 00FD0H 0A643H 09674H _TEXT                  CODE
 0A644H 0A644H 00000H _INITTEXT              CODE

 Origin   Group
 00C1:0   DGROUP
 00FD:0   IGROUP
 0000:0   MGROUP

  Address         Publics by Name

 0000:0A84       AccessResource
 0000:0BAD       ADDATOM
 00FD:925D       AddFontResource
 00FD:931C       AddNextFont
 0000:09C1       ALLOC
 00FD:35BF       BITBLT
 00FD:21F0       BITMAPBITS
 00FD:213A       BltColumns
 00FD:217C       BltRows
 00FD:4FFB       CLEARDEVICE
 00FD:1978       CLIPTESTFORSAVE
 0000:09D0       CloseResourceFile
 00FD:3A8E       CmpStruct
 00FD:4A19       COMBINERGN
 00FD:1935       COMPUTECLIPRGN
 00FD:4FFD       CONTROLROUTINE
 00FD:32D3       CopyRect
 00FD:3AD0       CopyStruct
 00FD:0B9C       CREATEBITMAP
 00FD:0AEA       CREATEBITMAPINDIRECT
 00FD:08DA       CREATEBRUSHINDIRECT
 00FD:0C07       CREATECOMPATIBLEBITMAP
 00FD:01F0       CREATECOMPATIBLEDC
 00FD:027A       CREATEDC
 00FD:49B2       CREATEELLIPTICRGN
 00FD:49EB       CREATEELLIPTICRGNINDIRECT
 00FD:0A88       CREATEFONT
 00FD:0A5B       CREATEFONTINDIRECT
 00FD:0A04       CREATEHATCHBRUSH
 00FD:085E       CREATEMARKER
 00FD:0804       CREATEMARKERINDIRECT
 00FD:027E       CREATEMEMORYDC
 00FD:0A28       CREATEPATTERNBRUSH
 00FD:08AD       CREATEPEN
 00FD:088B       CREATEPENINDIRECT
 00FD:4A02       CREATEPOLYGONRGN
 00FD:4936       CREATERECTRGN
 00FD:496F       CREATERECTRGNINDIRECT
 00FD:09E1       CREATESOLIDBRUSH
 00FD:163E       DC2LC
 0000:0B1A       DELETEATOM
 00FD:0693       DELETEDC
 00FD:5027       DELETEFONT
 00FD:1A00       DELETEOBJECT
 00FD:1534       DPTOLP
 00FD:7CD5       ELLIPSE
 00FD:4FF7       ENDPIC
 00FD:68A1       EnumCallBack
 00FD:6574       EnumerateFont
 00FD:61CB       ENUMFONTS
 0000:0A2C       EnumResources
 00FD:4F0F       EQUALRGN
 00FD:4F93       ESCAPE
 00FD:1889       EXCLUDECLIPRECT
 00FD:182B       EXCLUDEVISRECT
 00FD:3A5A       FillStruct
 0000:0B73       FindAtom
 00FD:895F       FindPFont
 0000:0BDD       FindResource
 0000:09EB       FREE
 00FD:03D1       FREEHANDLES
 0000:0B5F       FREEMODULE
 00FD:0000       GDIINIT
 0000:0B03       GETATOMHANDLE
 0000:0A55       GetAtomName
 00FD:40DB       GetBasicExtent
 00FD:21EA       GETBITMAPBITS
 00FD:17AF       GETBKCOLOR
 00FD:10FB       GETBKMODE
 00FD:3508       GETCLIPBOX
 00FD:14E0       GETCURRENTPOSITION
 00FD:12DB       GETDCORG
 00FD:21BE       GETDEVICECAPS
 00FD:10B4       GETMAPMODE
 00FD:226D       GETOBJECT
 00FD:2438       GETPBRUSH
 00FD:51EA       GetPFont
 00FD:87B3       GETPIXEL
 00FD:0F96       GETPOLYFILLMODE
 00FD:25F5       GETPPEN
 0000:0A9C       GETPROCADDRESS
 0000:0A6A       GetProfileString
 00FD:1142       GETRELABS
 00FD:0F43       GETROP2
 00FD:17E5       GETSOMEVALUE
 00FD:0C3B       GETSTOCKOBJECT
 00FD:0FEA       GETSTRETCHBLTMODE
 00FD:47C9       GETTEXTCHARACTEREXTRA
 00FD:17CA       GETTEXTCOLOR
 00FD:3F2A       GETTEXTEXTENT
 00FD:484C       GETTEXTFACE
 00FD:4320       GETTEXTMETRICS
 00FD:1457       GETVIEWPORTEXT
 00FD:124E       GETVIEWPORTORG
 00FD:1398       GETWINDOWEXT
 00FD:11C1       GETWINDOWORG
 00C1:017A       GLOBALTYPE
 00C1:004C       HALLCLIP
 00FD:23B1       HOWLONGISIT
 00C1:004E       HSTATICBITMAP
 00C1:004A       HSYSATTRI
 00FD:337B       InflateRect
 00FD:53D6       INITFONTS
 00FD:7654       InitWallPrev
 00FD:7557       InitWalls
 00FD:4CB9       InRegion
 00FD:0282       INTERNALCREATEDC
 00FD:185A       INTERSECTCLIPRECT
 00FD:339A       IntersectRect
 00FD:17FC       INTERSECTVISRECT
 00FD:32EF       IsRectEmpty
 00FD:15A7       LC2DC
 00FD:3AB0       LCMPSTRUCT
 00FD:3AFE       LCopyStruct
 00FD:3A75       LFillStruct
 00FD:6A8D       LINEDDA
 00FD:0C60       LINETO
 0000:0AC5       LOADMODULE
 00FD:5627       LoadPFont
 0000:0AEF       LOCALALLOC
 00FD:07EB       LOCALDISPOSE
 00C1:0178       LOCALMOVABLE
 0000:0AD9       LocalReAlloc
 0000:0A43       LOCKDATA
 0000:0A13       LOCKLOCALOBJECT
 0000:0B85       LOCKOBJECT
 00FD:1505       LPTODP
 00FD:1563       LPTOSP
 00FD:91CD       MAKEISO
 00FD:57B3       MapFont
 00FD:147C       MOVETO
 00FD:6B40       MULDIV
 00FD:03E6       MYALLOC
 00FD:774C       NewWall
 00C1:017C       NOOWNER
 00C1:017E       NOTYPE
 00C1:0396       Num_PF_Instances
 00C1:039C       Num_Phys_Fonts
 00FD:4AE4       OFFSETCLIPRGN
 00FD:335C       OffsetRect
 00FD:4A97       OFFSETRGN
 00FD:4B3F       OFFSETVISRGN
 0000:09F9       OpenResourceFile
 00FD:3A26       PATBLT
 00C1:0398       PFI_Read_LockedOut
 00C1:039E       PFI_Write_LockedOut
 00C1:03A2       PFont_Table
 00C1:03A0       PFT_Read_LockedOut
 00C1:0390       PFT_Write_LockedOut
 00C1:0394       PF_Inst_Tab
 00FD:6B9C       POLYGON
 00FD:6D51       PolyInterior
 00FD:0CEF       POLYLINE
 00FD:3315       PtInRect
 00FD:4C3B       PTVISABLE
 00FD:853F       QSort
 0000:0AB4       ReAlloc
 00FD:783C       RECTANGLE
 00FD:4EC7       RectsIntersect
 00FD:18B8       RECTSTUFF
 00FD:4D8E       RECTVISABLE
 00FD:0660       RESTOREDC
 00FD:2F56       RGAdvanceScn1bdc5d0b
 00FD:2D9D       RGBool
 00FD:30E1       RGBoolScn
 00FD:2ADD       RGCompact1bdc5d0b
 00FD:27FC       RGCOPY
 00FD:2C80       RGDiff
 00FD:27E2       RGDISPOSE
 00FD:28BA       RGEmpty
 00FD:2CB2       RGINTERSECT
 00FD:287D       RGMakeEmpty1bdc5d0b
 00FD:27BA       RGNEW
 00FD:195D       RGNTYPE
 00FD:2952       RGOFFSET
 00FD:28F6       RGRECT
 00FD:2FD8       RGRectToRgn1bdc5d0b
 00FD:29E3       RGSetBRect
 00FD:285B       RGSetEmpty
 00FD:2C67       RGUnion
 00FD:2C99       RGXor
 00FD:7D0F       ROUNDRECT
 00FD:063C       SAVEDC
 00FD:8367       ScanIntersect
 00FD:85F8       ScanOut
 00FD:4B95       SELECTCLIPRGN
 00FD:1AA1       SELECTOBJECT
 00FD:4BE8       SELECTVISRGN
 00FD:21EE       SETBITMAPBITS
 00FD:16D5       SETBKCOLOR
 00FD:10D6       SETBKMODE
 00FD:1273       SETDCORG
 00FD:100C       SETMAPMODE
 00FD:86BF       SETPIXEL
 00FD:0F65       SETPOLYFILLMODE
 00FD:3295       SetRect
 00FD:32BA       SetRectEmpty
 00FD:111D       SETRELABS
 00FD:0F12       SETROP2
 00FD:0FB8       SETSTRETCHBLTMODE
 00FD:470E       SETTEXTCHARACTEREXTRA
 00FD:16F7       SETTEXTCOLOR
 00FD:4628       SETTEXTJUSTIFICATION
 00FD:235F       SETUPBITMAP
 00FD:2362       SETUPBITMAP1
 00FD:2364       SETUPBITMAP2
 00FD:2367       SETUPBITMAP3
 00FD:2369       SETUPBITMAP4
 00FD:236C       SETUPBITMAP5
 00FD:13BD       SETVIEWPORTEXT
 00FD:11E6       SETVIEWPORTORG
 00FD:1300       SETWINDOWEXT
 00FD:1165       SETWINDOWORG
 00C1:039A       Size_PFont_Tab
 00C1:0392       Size_PF_Inst_Tab
 00FD:85B3       SmartBlt
 00FD:1585       SPTOLP
 00FD:4FF3       STARTPIC
 00C1:0050       STOCKOBJ
 00FD:1BE7       STRETCHBLT
 00FD:8882       StretchX
 00FD:23D9       TESTFORSAVE
 00FD:3B2A       TEXTOUT
 00FD:3DE2       TextOutput
 00FD:8D78       TextSimulations
 00FD:23BD       TEXTTESTFORSAVE
 00FD:3430       UnionRect
 0000:0B99       UNLOCKDATA
 0000:0B2E       UNLOCKLOCALOBJECT
 0000:0B49       UNLOCKOBJECT
 00FD:77FE       UpdateWall
 0000:0BBE       Yield
 00C1:026A       _ENVIRON
 00C1:026C       _ERRNO
 0000:09B0       _lclose
 0000:0BCD       _lread
 00C1:003C       _PATOMTABLE
 00C1:0040       _PFILETABLE
 00C1:003A       _PGLOBALHEAP
 00C1:0038       _PLOCALHEAP
 00C1:003E       _PWINDOWS
 00C1:0038       _RSRVPTRS
 00FD:9650       __blmul
 00C1:0268       __ENVSEG
 00C1:0260       __FAC
 00C1:029A       __FPINIT
 00FD:95EC       __lmul
 00C1:026E       __OSERR
 00C1:0270       __OSFILE

  Address         Publics by Value

 0000:09B0       _lclose
 0000:09C1       ALLOC
 0000:09D0       CloseResourceFile
 0000:09EB       FREE
 0000:09F9       OpenResourceFile
 0000:0A13       LOCKLOCALOBJECT
 0000:0A2C       EnumResources
 0000:0A43       LOCKDATA
 0000:0A55       GetAtomName
 0000:0A6A       GetProfileString
 0000:0A84       AccessResource
 0000:0A9C       GETPROCADDRESS
 0000:0AB4       ReAlloc
 0000:0AC5       LOADMODULE
 0000:0AD9       LocalReAlloc
 0000:0AEF       LOCALALLOC
 0000:0B03       GETATOMHANDLE
 0000:0B1A       DELETEATOM
 0000:0B2E       UNLOCKLOCALOBJECT
 0000:0B49       UNLOCKOBJECT
 0000:0B5F       FREEMODULE
 0000:0B73       FindAtom
 0000:0B85       LOCKOBJECT
 0000:0B99       UNLOCKDATA
 0000:0BAD       ADDATOM
 0000:0BBE       Yield
 0000:0BCD       _lread
 0000:0BDD       FindResource
 00C1:0038       _RSRVPTRS
 00C1:0038       _PLOCALHEAP
 00C1:003A       _PGLOBALHEAP
 00C1:003C       _PATOMTABLE
 00C1:003E       _PWINDOWS
 00C1:0040       _PFILETABLE
 00C1:004A       HSYSATTRI
 00C1:004C       HALLCLIP
 00C1:004E       HSTATICBITMAP
 00C1:0050       STOCKOBJ
 00C1:0178       LOCALMOVABLE
 00C1:017A       GLOBALTYPE
 00C1:017C       NOOWNER
 00C1:017E       NOTYPE
 00C1:0260       __FAC
 00C1:0268       __ENVSEG
 00C1:026A       _ENVIRON
 00C1:026C       _ERRNO
 00C1:026E       __OSERR
 00C1:0270       __OSFILE
 00C1:029A       __FPINIT
 00C1:0390       PFT_Write_LockedOut
 00C1:0392       Size_PF_Inst_Tab
 00C1:0394       PF_Inst_Tab
 00C1:0396       Num_PF_Instances
 00C1:0398       PFI_Read_LockedOut
 00C1:039A       Size_PFont_Tab
 00C1:039C       Num_Phys_Fonts
 00C1:039E       PFI_Write_LockedOut
 00C1:03A0       PFT_Read_LockedOut
 00C1:03A2       PFont_Table
 00FD:0000       GDIINIT
 00FD:01F0       CREATECOMPATIBLEDC
 00FD:027A       CREATEDC
 00FD:027E       CREATEMEMORYDC
 00FD:0282       INTERNALCREATEDC
 00FD:03D1       FREEHANDLES
 00FD:03E6       MYALLOC
 00FD:063C       SAVEDC
 00FD:0660       RESTOREDC
 00FD:0693       DELETEDC
 00FD:07EB       LOCALDISPOSE
 00FD:0804       CREATEMARKERINDIRECT
 00FD:085E       CREATEMARKER
 00FD:088B       CREATEPENINDIRECT
 00FD:08AD       CREATEPEN
 00FD:08DA       CREATEBRUSHINDIRECT
 00FD:09E1       CREATESOLIDBRUSH
 00FD:0A04       CREATEHATCHBRUSH
 00FD:0A28       CREATEPATTERNBRUSH
 00FD:0A5B       CREATEFONTINDIRECT
 00FD:0A88       CREATEFONT
 00FD:0AEA       CREATEBITMAPINDIRECT
 00FD:0B9C       CREATEBITMAP
 00FD:0C07       CREATECOMPATIBLEBITMAP
 00FD:0C3B       GETSTOCKOBJECT
 00FD:0C60       LINETO
 00FD:0CEF       POLYLINE
 00FD:0F12       SETROP2
 00FD:0F43       GETROP2
 00FD:0F65       SETPOLYFILLMODE
 00FD:0F96       GETPOLYFILLMODE
 00FD:0FB8       SETSTRETCHBLTMODE
 00FD:0FEA       GETSTRETCHBLTMODE
 00FD:100C       SETMAPMODE
 00FD:10B4       GETMAPMODE
 00FD:10D6       SETBKMODE
 00FD:10FB       GETBKMODE
 00FD:111D       SETRELABS
 00FD:1142       GETRELABS
 00FD:1165       SETWINDOWORG
 00FD:11C1       GETWINDOWORG
 00FD:11E6       SETVIEWPORTORG
 00FD:124E       GETVIEWPORTORG
 00FD:1273       SETDCORG
 00FD:12DB       GETDCORG
 00FD:1300       SETWINDOWEXT
 00FD:1398       GETWINDOWEXT
 00FD:13BD       SETVIEWPORTEXT
 00FD:1457       GETVIEWPORTEXT
 00FD:147C       MOVETO
 00FD:14E0       GETCURRENTPOSITION
 00FD:1505       LPTODP
 00FD:1534       DPTOLP
 00FD:1563       LPTOSP
 00FD:1585       SPTOLP
 00FD:15A7       LC2DC
 00FD:163E       DC2LC
 00FD:16D5       SETBKCOLOR
 00FD:16F7       SETTEXTCOLOR
 00FD:17AF       GETBKCOLOR
 00FD:17CA       GETTEXTCOLOR
 00FD:17E5       GETSOMEVALUE
 00FD:17FC       INTERSECTVISRECT
 00FD:182B       EXCLUDEVISRECT
 00FD:185A       INTERSECTCLIPRECT
 00FD:1889       EXCLUDECLIPRECT
 00FD:18B8       RECTSTUFF
 00FD:1935       COMPUTECLIPRGN
 00FD:195D       RGNTYPE
 00FD:1978       CLIPTESTFORSAVE
 00FD:1A00       DELETEOBJECT
 00FD:1AA1       SELECTOBJECT
 00FD:1BE7       STRETCHBLT
 00FD:213A       BltColumns
 00FD:217C       BltRows
 00FD:21BE       GETDEVICECAPS
 00FD:21EA       GETBITMAPBITS
 00FD:21EE       SETBITMAPBITS
 00FD:21F0       BITMAPBITS
 00FD:226D       GETOBJECT
 00FD:235F       SETUPBITMAP
 00FD:2362       SETUPBITMAP1
 00FD:2364       SETUPBITMAP2
 00FD:2367       SETUPBITMAP3
 00FD:2369       SETUPBITMAP4
 00FD:236C       SETUPBITMAP5
 00FD:23B1       HOWLONGISIT
 00FD:23BD       TEXTTESTFORSAVE
 00FD:23D9       TESTFORSAVE
 00FD:2438       GETPBRUSH
 00FD:25F5       GETPPEN
 00FD:27BA       RGNEW
 00FD:27E2       RGDISPOSE
 00FD:27FC       RGCOPY
 00FD:285B       RGSetEmpty
 00FD:287D       RGMakeEmpty1bdc5d0b
 00FD:28BA       RGEmpty
 00FD:28F6       RGRECT
 00FD:2952       RGOFFSET
 00FD:29E3       RGSetBRect
 00FD:2ADD       RGCompact1bdc5d0b
 00FD:2C67       RGUnion
 00FD:2C80       RGDiff
 00FD:2C99       RGXor
 00FD:2CB2       RGINTERSECT
 00FD:2D9D       RGBool
 00FD:2F56       RGAdvanceScn1bdc5d0b
 00FD:2FD8       RGRectToRgn1bdc5d0b
 00FD:30E1       RGBoolScn
 00FD:3295       SetRect
 00FD:32BA       SetRectEmpty
 00FD:32D3       CopyRect
 00FD:32EF       IsRectEmpty
 00FD:3315       PtInRect
 00FD:335C       OffsetRect
 00FD:337B       InflateRect
 00FD:339A       IntersectRect
 00FD:3430       UnionRect
 00FD:3508       GETCLIPBOX
 00FD:35BF       BITBLT
 00FD:3A26       PATBLT
 00FD:3A5A       FillStruct
 00FD:3A75       LFillStruct
 00FD:3A8E       CmpStruct
 00FD:3AB0       LCMPSTRUCT
 00FD:3AD0       CopyStruct
 00FD:3AFE       LCopyStruct
 00FD:3B2A       TEXTOUT
 00FD:3DE2       TextOutput
 00FD:3F2A       GETTEXTEXTENT
 00FD:40DB       GetBasicExtent
 00FD:4320       GETTEXTMETRICS
 00FD:4628       SETTEXTJUSTIFICATION
 00FD:470E       SETTEXTCHARACTEREXTRA
 00FD:47C9       GETTEXTCHARACTEREXTRA
 00FD:484C       GETTEXTFACE
 00FD:4936       CREATERECTRGN
 00FD:496F       CREATERECTRGNINDIRECT
 00FD:49B2       CREATEELLIPTICRGN
 00FD:49EB       CREATEELLIPTICRGNINDIRECT
 00FD:4A02       CREATEPOLYGONRGN
 00FD:4A19       COMBINERGN
 00FD:4A97       OFFSETRGN
 00FD:4AE4       OFFSETCLIPRGN
 00FD:4B3F       OFFSETVISRGN
 00FD:4B95       SELECTCLIPRGN
 00FD:4BE8       SELECTVISRGN
 00FD:4C3B       PTVISABLE
 00FD:4CB9       InRegion
 00FD:4D8E       RECTVISABLE
 00FD:4EC7       RectsIntersect
 00FD:4F0F       EQUALRGN
 00FD:4F93       ESCAPE
 00FD:4FF3       STARTPIC
 00FD:4FF7       ENDPIC
 00FD:4FFB       CLEARDEVICE
 00FD:4FFD       CONTROLROUTINE
 00FD:5027       DELETEFONT
 00FD:51EA       GetPFont
 00FD:53D6       INITFONTS
 00FD:5627       LoadPFont
 00FD:57B3       MapFont
 00FD:61CB       ENUMFONTS
 00FD:6574       EnumerateFont
 00FD:68A1       EnumCallBack
 00FD:6A8D       LINEDDA
 00FD:6B40       MULDIV
 00FD:6B9C       POLYGON
 00FD:6D51       PolyInterior
 00FD:7557       InitWalls
 00FD:7654       InitWallPrev
 00FD:774C       NewWall
 00FD:77FE       UpdateWall
 00FD:783C       RECTANGLE
 00FD:7CD5       ELLIPSE
 00FD:7D0F       ROUNDRECT
 00FD:8367       ScanIntersect
 00FD:853F       QSort
 00FD:85B3       SmartBlt
 00FD:85F8       ScanOut
 00FD:86BF       SETPIXEL
 00FD:87B3       GETPIXEL
 00FD:8882       StretchX
 00FD:895F       FindPFont
 00FD:8D78       TextSimulations
 00FD:91CD       MAKEISO
 00FD:925D       AddFontResource
 00FD:931C       AddNextFont
 00FD:95EC       __lmul
 00FD:9650       __blmul
