

 Start  Stop   Length Name                   Class
 00000H 0004FH 00050H HEADER                 MODULE
 00050H 00067H 00018H SEGTABLE               MODULE
 00068H 00287H 00220H ENTTABLE               MODULE
 00288H 00291H 0000AH ENTNAME                MODULE
 00292H 00677H 003E6H NRENTNAME              MODULE
 00680H 00680H 00000H IMPORTS                MODULE
 00680H 00681H 00002H ENDIMPORTS             MODULE
 00690H 00690H 00000H RESOURCES              MODULE
 00690H 00691H 00002H ENDRESOURCES           MODULE
 006A0H 0097FH 002E0H _DATA                  DATA
 00980H 009B7H 00038H DATA                   DATA
 009B8H 009C5H 0000EH CDATA                  DATA
 009C6H 009C6H 00000H _INITDATA              DATA
 009C6H 009C6H 00000H CONST                  CONST
 009D0H 00C09H 0023AH _BSS                   BSS
 00C10H 00C43H 00034H C_COMMON               BSS
 00C50H 00C50H 00000H _INITDATA              BSS
 00C50H 00C50H 00000H _ENDDATA               BSS
 00C50H 00C50H 00001H STACK                  STACK
 00C60H 071AFH 06550H _TEXT                  CODE
 071B0H 071B0H 00000H _INITTEXT              CODE

 Origin   Group
 006A:0   DGROUP
 00C6:0   IGROUP
 0000:0   MGROUP

  Address         Publics by Name

 00C6:1711       ACCESSRESOURCE
 00C6:239C       ADDATOM
 00C6:3C14       Align
 00C6:0FD1       ALLOC
 00C6:5892       ALLOCTASKSTACK
 00C6:421E       atoi
 00C6:3A08       BOOTEXIT
 00C6:3904       BOOTSTRAP
 00C6:4CCC       CloseProfile
 00C6:151B       CLOSERESOURCEFILE
 00C6:1BDF       COPYNAME
 00C6:3BD1       copystruct
 00C6:1A0D       CREATETASK
 006A:058E       CurrentMaster
 00C6:43F6       CURTDB
 00C6:4ABB       DEBUGDEFINESEGMENT
 00C6:4B09       DEBUGFREESEGMENT
 00C6:4A8F       DEBUGINIT
 00C6:4AEC       DEBUGMOVEDSEGMENT
 006A:0232       DEBUGSEG
 00C6:2398       DELATOM
 00C6:250A       DELETEATOM
 00C6:3865       DISABLEINT21
 00C6:43EE       DOS_OEM
 00C6:43ED       DOS_REVISION
 00C6:43EC       DOS_VERSION
 00C6:3828       ENABLEINT21
 00C6:3D78       ENTPROCADDRESS
 00C6:15BA       ENUMRESOURCES
 00C6:4C38       EOLInBuffer
 00C6:3F40       ExeProcAddress
 00C6:0348       ExpandHandles
 00C6:38E5       FATALEXIT
 006A:0578       fdProfile
 00C6:597B       FindAppl
 00C6:23A0       FINDATOM
 00C6:3CB1       FindExeInfo
 00C6:5B39       FindKey
 00C6:3EEF       FINDORDINAL
 00C6:1655       FINDRESOURCE
 00C6:4BD2       ForceBufferTo
 00C6:0EE2       FREE
 00C6:0F2A       FreeAll
 00C6:2904       FREEMODULE
 00C6:3B88       FreeNRTable
 00C6:1D26       FREEPROCINSTANCE
 00C6:1983       FREERESOURCE
 00C6:5584       FreeSegment
 00C6:5945       FREETASKSTACK
 00C6:253E       GETATOMHANDLE
 00C6:2563       GETATOMNAME
 00C6:4CC0       GetCurrentPosition
 00C6:1BC8       GETCURRENTTASK
 00C6:3FFE       GETDATAPTR
 00C6:3FC8       GETEXEPTR
 00C6:03B0       GetHandle
 00C6:3F94       GetInstance
 00C6:1C5B       GETINSTANCEDATA
 00C6:11F2       GETLOCALSIZE
 00C6:28D1       GETMODULEHANDLE
 00C6:1C16       GETPROCADDRESS
 00C6:29DA       GETPROFILEBOOLEAN
 00C6:2945       GETPROFILEINT
 00C6:2AC8       GETPROFILESTRING
 00C6:125E       GETSIZE
 00C6:3BB2       GETSTRINGPTR
 00C6:19E3       GETTASKWINDOWHANDLE
 00C6:35B1       GETTOPPDB
 00C6:0D3F       GlobalAlloc
 00C6:10F7       GLOBALARENASTATISTICS
 00C6:2E2A       GloInPlace
 00C6:50AC       GloMove
 00C6:2F0B       GloReAlloc
 00C6:43F4       HEADTDB
 006A:0256       hExeHead
 006A:0258       HINITEXE
 006A:025A       HINITMEM
 006A:025C       HTHUNKS
 00C6:2352       INITATOMTABLE
 00C6:369C       INITDOSVARP
 00C6:6168       INITLOADER
 00C6:573D       INITLOCAL
 00C6:55B3       INITMEMORY
 00C6:4CF5       INITPROFILE
 00C6:3896       INITSCHED
 00C6:1033       InitStatistics
 00C6:58E0       INITTASKSTACK
 00C6:31FB       INT20HANDLER
 00C6:31FD       INT21HANDLER
 00C6:43DA       INT22BASE
 00C6:4289       isdigit
 00C6:1396       IsSwapped
 00C6:1A9D       KILLTASK
 00C6:5CDD       KnownAppl
 00C6:13EA       LOADERINTERRUPT
 00C6:3DF6       LoadExeHeader
 00C6:5FBC       LOADFWDREF
 00C6:25DD       LOADMODULE
 00C6:60CE       loadmsg
 00C6:612D       LoadNewExe
 00C6:3AFB       LoadNRTable
 00C6:1774       LOADRESOURCE
 00C6:54EE       LOADSEGMENT
 00C6:0CE1       LOCALALLOC
 00C6:1160       LOCALARENASTATISTICS
 00C6:0BB8       LocAlloc
 00C6:2D4B       LOCALREALLOC
 00C6:3071       LocExpand
 00C6:2C0A       LocInplace
 00C6:05CF       LOCKDATA
 00C6:0669       LOCKLOCALOBJECT
 00C6:0602       LOCKOBJECT
 00C6:057D       LockUnLock
 00C6:63EB       LocMove
 00C6:23A2       LOOKUPATOM
 006A:0254       LPEXEHEAD
 00C6:0289       LSTRBSCAN
 00C6:023A       LSTRBSKIP
 00C6:01C8       LSTRCAT
 00C6:01FE       LSTRCMP
 00C6:018B       LSTRCPY
 00C6:0161       LSTRLEN
 00C6:5D0A       MakeKnown
 00C6:1C96       MAKEPROCINSTANCE
 006A:0570       Master
 00C6:014C       MAX
 00C6:0137       MIN
 00C6:485B       mmCreaFa
 00C6:0531       mmDeRefGloHandle
 00C6:047E       mmDeRefLocHandle
 00C6:6071       mmExit
 00C6:4942       mmFillB
 00C6:4974       mmFillP
 00C6:02DA       mmFreeHandle
 00C6:09D1       mmGCoalesce
 00C6:4939       MMGETBP
 00C6:4A81       MMGETCALLEECS
 00C6:4A60       MMGETCALLEEDS
 00C6:4905       MMGETCON
 00C6:4936       MMGETCS
 00C6:491F       mmGetDS
 00C6:4933       MMGETES
 00C6:493C       MMGETSP
 00C6:4930       MMGETSS
 00C6:490B       mmGhCon
 00C6:48B6       MMGHEADER
 00C6:4916       mmGsCon
 00C6:48C6       MMINDIRECT
 00C6:080A       mmLCoalesce
 00C6:03EE       mmLockSwap
 00C6:482C       MMLOCMAS
 00C6:48D9       MMMAKEFA
 00C6:4819       mmMas
 00C6:49EE       mmMovMem
 00C6:4895       MMNORMALIZE
 00C6:4889       MMOFFSET
 00C6:482E       mmP
 00C6:4803       MMSAVEMA
 00C6:4879       MMSEGMENT
 00C6:4A6E       MMSETCALLEECS
 00C6:4A4D       MMSETCALLEEDS
 00C6:48EE       MMSETCON
 00C6:4922       mmSetDS
 00C6:49BC       MMSTRCMP
 00C6:486A       MMSUBSTITUTE
 00C6:482D       MMUNLOCM
 00C6:4845       mmV
 00C6:4ECF       MoveBlock1be01bdd
 00C6:6298       MoveBlock1be01bfe
 00C6:499C       MOVSTR
 00C6:403B       MYALLOC
 00C6:40B6       MYFREE
 00C6:409B       MYHANDLE
 00C6:407A       MYLOCK
 00C6:40D1       nfstrupcpy
 00C6:43F8       NUMTDB
 00C6:1445       OPENRESOURCEFILE
 006A:0260       ORIGENV
 006A:025E       ORIGPSP
 00C6:3A0B       PARSEFILE
 00C6:43E4       PCNTCFLAG
 00C6:43E8       PCURRENTPDB
 00C6:31D1       PDB_CALL_SYSTEM_ENTRY
 00C6:43DC       PDMAADD
 00C6:43D2       PEXCHANGEDATA
 00C6:43E0       PINDOS
 00C6:1D64       POSTEVENT
 00C6:43D6       PREVINT21PROC
 006A:0590       ProfileApplNm
 00C6:4B33       ProfileGetC
 006A:057A       ProfileKey
 006A:0572       ProFilePosition
 006A:0576       ProfileResult
 00C6:47F1       PUTCH
 00C6:302A       REALLOC
 00C6:11D2       REGISTERTYPE
 00C6:4D26       ReInitializeProfile
 00C6:4E16       RESCHEDULE
 00C6:19A3       ResInit
 00C6:4EC1       RESTARTRESCHEDULE
 00C6:4DC4       RESTORESTATE
 00C6:3ADA       RootPath
 00C6:5EC9       SAVEFWDREF
 00C6:4D72       SAVESTATE
 00C6:4151       Scan
 00C6:43EF       SCHEDFLAGS
 00C6:18BF       SearchForResource
 00C6:4F96       SearchFreeList1be01bdd
 00C6:6314       SearchFreeList1be01bfe
 00C6:42A5       SeekToValue
 00C6:5261       SEGALLOC
 00C6:3D11       SEGDATAPTR
 00C6:3CE6       SEGINFOPTR
 00C6:5D2F       SEGRELOC
 00C6:19B6       SETTASKWINDOWHANDLE
 00C6:3C24       SizeObject
 00C6:186B       SIZEOFRESOURCE
 00C6:4188       SkipWhite
 00C6:4F3F       SplitBlock1be01bdd
 00C6:62DF       SplitBlock1be01bfe
 00C6:1B49       STARTTASK
 00C6:4100       strupcmp
 00C6:1078       SumStatistics
 00C6:1318       SWAP
 00C6:0303       ThreadHandles
 00C6:43F0       TOPPDB
 00C6:43F2       TOPSIZEPDB
 00C6:41FC       toupper
 00C6:0E9A       TypeInit
 00C6:05E9       UNLOCKDATA
 00C6:0796       UNLOCKLOCALOBJECT
 00C6:06E7       UNLOCKOBJECT
 00C6:1D95       WAITEVENT
 00C6:43FA       WINEXEC
 00C6:1E61       WRITEPROFILESTRING
 00C6:2258       wr_appl_field
 00C6:22B9       wr_crlf
 00C6:22D3       wr_key_line
 00C6:1DE3       YIELD
 006A:02EA       _ENVIRON
 006A:02EC       _ERRNO
 00C6:004C       _LCLOSE
 00C6:0026       _LCREAT
 00C6:0072       _LDELETE
 00C6:0098       _LDUP
 00C6:010B       _LLSEEK
 00C6:0000       _LOPEN
 00C6:00B9       _LREAD
 00C6:00E2       _LWRITE
 006A:003C       _PATOMTABLE
 006A:0040       _PFILETABLE
 006A:003A       _PGLOBALHEAP
 006A:0038       _PLOCALHEAP
 006A:003E       _PWINDOWS
 006A:0038       _RSRVPTRS
 00C6:6519       __blshl
 006A:02E8       __ENVSEG
 006A:02E0       __FAC
 006A:031A       __FPINIT
 00C6:6545       __lshl
 00C6:653A       __lshr
 006A:02EE       __OSERR
 006A:02F0       __OSFILE

  Address         Publics by Value

 006A:0038       _PLOCALHEAP
 006A:0038       _RSRVPTRS
 006A:003A       _PGLOBALHEAP
 006A:003C       _PATOMTABLE
 006A:003E       _PWINDOWS
 006A:0040       _PFILETABLE
 006A:0232       DEBUGSEG
 006A:0254       LPEXEHEAD
 006A:0256       hExeHead
 006A:0258       HINITEXE
 006A:025A       HINITMEM
 006A:025C       HTHUNKS
 006A:025E       ORIGPSP
 006A:0260       ORIGENV
 006A:02E0       __FAC
 006A:02E8       __ENVSEG
 006A:02EA       _ENVIRON
 006A:02EC       _ERRNO
 006A:02EE       __OSERR
 006A:02F0       __OSFILE
 006A:031A       __FPINIT
 006A:0570       Master
 006A:0572       ProFilePosition
 006A:0576       ProfileResult
 006A:0578       fdProfile
 006A:057A       ProfileKey
 006A:058E       CurrentMaster
 006A:0590       ProfileApplNm
 00C6:0000       _LOPEN
 00C6:0026       _LCREAT
 00C6:004C       _LCLOSE
 00C6:0072       _LDELETE
 00C6:0098       _LDUP
 00C6:00B9       _LREAD
 00C6:00E2       _LWRITE
 00C6:010B       _LLSEEK
 00C6:0137       MIN
 00C6:014C       MAX
 00C6:0161       LSTRLEN
 00C6:018B       LSTRCPY
 00C6:01C8       LSTRCAT
 00C6:01FE       LSTRCMP
 00C6:023A       LSTRBSKIP
 00C6:0289       LSTRBSCAN
 00C6:02DA       mmFreeHandle
 00C6:0303       ThreadHandles
 00C6:0348       ExpandHandles
 00C6:03B0       GetHandle
 00C6:03EE       mmLockSwap
 00C6:047E       mmDeRefLocHandle
 00C6:0531       mmDeRefGloHandle
 00C6:057D       LockUnLock
 00C6:05CF       LOCKDATA
 00C6:05E9       UNLOCKDATA
 00C6:0602       LOCKOBJECT
 00C6:0669       LOCKLOCALOBJECT
 00C6:06E7       UNLOCKOBJECT
 00C6:0796       UNLOCKLOCALOBJECT
 00C6:080A       mmLCoalesce
 00C6:09D1       mmGCoalesce
 00C6:0BB8       LocAlloc
 00C6:0CE1       LOCALALLOC
 00C6:0D3F       GlobalAlloc
 00C6:0E9A       TypeInit
 00C6:0EE2       FREE
 00C6:0F2A       FreeAll
 00C6:0FD1       ALLOC
 00C6:1033       InitStatistics
 00C6:1078       SumStatistics
 00C6:10F7       GLOBALARENASTATISTICS
 00C6:1160       LOCALARENASTATISTICS
 00C6:11D2       REGISTERTYPE
 00C6:11F2       GETLOCALSIZE
 00C6:125E       GETSIZE
 00C6:1318       SWAP
 00C6:1396       IsSwapped
 00C6:13EA       LOADERINTERRUPT
 00C6:1445       OPENRESOURCEFILE
 00C6:151B       CLOSERESOURCEFILE
 00C6:15BA       ENUMRESOURCES
 00C6:1655       FINDRESOURCE
 00C6:1711       ACCESSRESOURCE
 00C6:1774       LOADRESOURCE
 00C6:186B       SIZEOFRESOURCE
 00C6:18BF       SearchForResource
 00C6:1983       FREERESOURCE
 00C6:19A3       ResInit
 00C6:19B6       SETTASKWINDOWHANDLE
 00C6:19E3       GETTASKWINDOWHANDLE
 00C6:1A0D       CREATETASK
 00C6:1A9D       KILLTASK
 00C6:1B49       STARTTASK
 00C6:1BC8       GETCURRENTTASK
 00C6:1BDF       COPYNAME
 00C6:1C16       GETPROCADDRESS
 00C6:1C5B       GETINSTANCEDATA
 00C6:1C96       MAKEPROCINSTANCE
 00C6:1D26       FREEPROCINSTANCE
 00C6:1D64       POSTEVENT
 00C6:1D95       WAITEVENT
 00C6:1DE3       YIELD
 00C6:1E61       WRITEPROFILESTRING
 00C6:2258       wr_appl_field
 00C6:22B9       wr_crlf
 00C6:22D3       wr_key_line
 00C6:2352       INITATOMTABLE
 00C6:2398       DELATOM
 00C6:239C       ADDATOM
 00C6:23A0       FINDATOM
 00C6:23A2       LOOKUPATOM
 00C6:250A       DELETEATOM
 00C6:253E       GETATOMHANDLE
 00C6:2563       GETATOMNAME
 00C6:25DD       LOADMODULE
 00C6:28D1       GETMODULEHANDLE
 00C6:2904       FREEMODULE
 00C6:2945       GETPROFILEINT
 00C6:29DA       GETPROFILEBOOLEAN
 00C6:2AC8       GETPROFILESTRING
 00C6:2C0A       LocInplace
 00C6:2D4B       LOCALREALLOC
 00C6:2E2A       GloInPlace
 00C6:2F0B       GloReAlloc
 00C6:302A       REALLOC
 00C6:3071       LocExpand
 00C6:31D1       PDB_CALL_SYSTEM_ENTRY
 00C6:31FB       INT20HANDLER
 00C6:31FD       INT21HANDLER
 00C6:35B1       GETTOPPDB
 00C6:369C       INITDOSVARP
 00C6:3828       ENABLEINT21
 00C6:3865       DISABLEINT21
 00C6:3896       INITSCHED
 00C6:38E5       FATALEXIT
 00C6:3904       BOOTSTRAP
 00C6:3A08       BOOTEXIT
 00C6:3A0B       PARSEFILE
 00C6:3ADA       RootPath
 00C6:3AFB       LoadNRTable
 00C6:3B88       FreeNRTable
 00C6:3BB2       GETSTRINGPTR
 00C6:3BD1       copystruct
 00C6:3C14       Align
 00C6:3C24       SizeObject
 00C6:3CB1       FindExeInfo
 00C6:3CE6       SEGINFOPTR
 00C6:3D11       SEGDATAPTR
 00C6:3D78       ENTPROCADDRESS
 00C6:3DF6       LoadExeHeader
 00C6:3EEF       FINDORDINAL
 00C6:3F40       ExeProcAddress
 00C6:3F94       GetInstance
 00C6:3FC8       GETEXEPTR
 00C6:3FFE       GETDATAPTR
 00C6:403B       MYALLOC
 00C6:407A       MYLOCK
 00C6:409B       MYHANDLE
 00C6:40B6       MYFREE
 00C6:40D1       nfstrupcpy
 00C6:4100       strupcmp
 00C6:4151       Scan
 00C6:4188       SkipWhite
 00C6:41FC       toupper
 00C6:421E       atoi
 00C6:4289       isdigit
 00C6:42A5       SeekToValue
 00C6:43D2       PEXCHANGEDATA
 00C6:43D6       PREVINT21PROC
 00C6:43DA       INT22BASE
 00C6:43DC       PDMAADD
 00C6:43E0       PINDOS
 00C6:43E4       PCNTCFLAG
 00C6:43E8       PCURRENTPDB
 00C6:43EC       DOS_VERSION
 00C6:43ED       DOS_REVISION
 00C6:43EE       DOS_OEM
 00C6:43EF       SCHEDFLAGS
 00C6:43F0       TOPPDB
 00C6:43F2       TOPSIZEPDB
 00C6:43F4       HEADTDB
 00C6:43F6       CURTDB
 00C6:43F8       NUMTDB
 00C6:43FA       WINEXEC
 00C6:47F1       PUTCH
 00C6:4803       MMSAVEMA
 00C6:4819       mmMas
 00C6:482C       MMLOCMAS
 00C6:482D       MMUNLOCM
 00C6:482E       mmP
 00C6:4845       mmV
 00C6:485B       mmCreaFa
 00C6:486A       MMSUBSTITUTE
 00C6:4879       MMSEGMENT
 00C6:4889       MMOFFSET
 00C6:4895       MMNORMALIZE
 00C6:48B6       MMGHEADER
 00C6:48C6       MMINDIRECT
 00C6:48D9       MMMAKEFA
 00C6:48EE       MMSETCON
 00C6:4905       MMGETCON
 00C6:490B       mmGhCon
 00C6:4916       mmGsCon
 00C6:491F       mmGetDS
 00C6:4922       mmSetDS
 00C6:4930       MMGETSS
 00C6:4933       MMGETES
 00C6:4936       MMGETCS
 00C6:4939       MMGETBP
 00C6:493C       MMGETSP
 00C6:4942       mmFillB
 00C6:4974       mmFillP
 00C6:499C       MOVSTR
 00C6:49BC       MMSTRCMP
 00C6:49EE       mmMovMem
 00C6:4A4D       MMSETCALLEEDS
 00C6:4A60       MMGETCALLEEDS
 00C6:4A6E       MMSETCALLEECS
 00C6:4A81       MMGETCALLEECS
 00C6:4A8F       DEBUGINIT
 00C6:4ABB       DEBUGDEFINESEGMENT
 00C6:4AEC       DEBUGMOVEDSEGMENT
 00C6:4B09       DEBUGFREESEGMENT
 00C6:4B33       ProfileGetC
 00C6:4BD2       ForceBufferTo
 00C6:4C38       EOLInBuffer
 00C6:4CC0       GetCurrentPosition
 00C6:4CCC       CloseProfile
 00C6:4CF5       INITPROFILE
 00C6:4D26       ReInitializeProfile
 00C6:4D72       SAVESTATE
 00C6:4DC4       RESTORESTATE
 00C6:4E16       RESCHEDULE
 00C6:4EC1       RESTARTRESCHEDULE
 00C6:4ECF       MoveBlock1be01bdd
 00C6:4F3F       SplitBlock1be01bdd
 00C6:4F96       SearchFreeList1be01bdd
 00C6:50AC       GloMove
 00C6:5261       SEGALLOC
 00C6:54EE       LOADSEGMENT
 00C6:5584       FreeSegment
 00C6:55B3       INITMEMORY
 00C6:573D       INITLOCAL
 00C6:5892       ALLOCTASKSTACK
 00C6:58E0       INITTASKSTACK
 00C6:5945       FREETASKSTACK
 00C6:597B       FindAppl
 00C6:5B39       FindKey
 00C6:5CDD       KnownAppl
 00C6:5D0A       MakeKnown
 00C6:5D2F       SEGRELOC
 00C6:5EC9       SAVEFWDREF
 00C6:5FBC       LOADFWDREF
 00C6:6071       mmExit
 00C6:60CE       loadmsg
 00C6:612D       LoadNewExe
 00C6:6168       INITLOADER
 00C6:6298       MoveBlock1be01bfe
 00C6:62DF       SplitBlock1be01bfe
 00C6:6314       SearchFreeList1be01bfe
 00C6:63EB       LocMove
 00C6:6519       __blshl
 00C6:653A       __lshr
 00C6:6545       __lshl

Program entry point at 00C6:3904
