

 Start  Stop   Length Name                   Class
 00000H 0004FH 00050H HEADER                 MODULE
 00050H 00067H 00018H SEGTABLE               MODULE
 00068H 0008FH 00028H ENTTABLE               MODULE
 00090H 000E9H 0005AH ENTNAME                MODULE
 000EAH 00103H 0001AH NRENTNAME              MODULE
 00110H 001F0H 000E1H IMPORTS                MODULE
 001F1H 001F2H 00002H ENDIMPORTS             MODULE
 00200H 00200H 00000H RESOURCES              MODULE
 00200H 00201H 00002H ENDRESOURCES           MODULE
 00210H 00262H 00053H _DATA                  DATA
 00270H 002A7H 00038H DATA                   DATA
 002A8H 002B5H 0000EH CDATA                  DATA
 002B6H 002B6H 00000H CONST                  CONST
 002C0H 002C0H 00000H _BSS                   BSS
 002C0H 002C0H 00000H C_COMMON               BSS
 002C0H 002C0H 00000H _INITDATA              BSS
 002C0H 002C0H 00000H _ENDDATA               BSS
 002C0H 002C0H 00001H STACK                  STACK
 002D0H 0066CH 0039DH _TEXT                  CODE

 Origin   Group
 0021:0   DGROUP
 0000:0   MGROUP

  Address         Publics by Name

 002D:01F6       AddToQueue
 0000:0110       ALLOC
 002D:030B       Beep
 002D:0000       CREATEPUSHPULL
 0000:012D       CreateTask
 002D:0064       DESTROYPUSHPULL
 0000:011F       FREE
 002D:00DF       GETNEXTEVENT
 002D:0261       GetQueueEvent
 002D:0166       InitializeQueue
 002D:01B5       IsEmptyQueue
 0000:0191       KillTask
 0000:0167       LOCALALLOC
 0000:01B6       LOCKOBJECT
 002D:011C       PEEKNEXTEVENT
 002D:02C0       PeekQueueEvent
 0000:01A3       PostEvent
 002D:0385       PPFREE
 002D:0339       PPInit
 002D:0310       PPLOAD
 0000:01D9       RegisterClass
 002D:009C       SAVEEVENT
 0000:0141       StartTask
 0000:017B       UNLOCKOBJECT
 0000:0154       WaitEvent
 0000:01CA       Yield
 0021:006A       _ENVIRON
 0021:006C       _ERRNO
 0021:003C       _PATOMTABLE
 0021:0040       _PFILETABLE
 0021:003A       _PGLOBALHEAP
 0021:0038       _PLOCALHEAP
 0021:003E       _PWINDOWS
 0021:0038       _RSRVPTRS
 0021:0068       __ENVSEG
 0021:0060       __FAC
 0021:009A       __FPINIT
 0021:006E       __OSERR
 0021:0070       __OSFILE

  Address         Publics by Value

 0000:0110       ALLOC
 0000:011F       FREE
 0000:012D       CreateTask
 0000:0141       StartTask
 0000:0154       WaitEvent
 0000:0167       LOCALALLOC
 0000:017B       UNLOCKOBJECT
 0000:0191       KillTask
 0000:01A3       PostEvent
 0000:01B6       LOCKOBJECT
 0000:01CA       Yield
 0000:01D9       RegisterClass
 0021:0038       _RSRVPTRS
 0021:0038       _PLOCALHEAP
 0021:003A       _PGLOBALHEAP
 0021:003C       _PATOMTABLE
 0021:003E       _PWINDOWS
 0021:0040       _PFILETABLE
 0021:0060       __FAC
 0021:0068       __ENVSEG
 0021:006A       _ENVIRON
 0021:006C       _ERRNO
 0021:006E       __OSERR
 0021:0070       __OSFILE
 0021:009A       __FPINIT
 002D:0000       CREATEPUSHPULL
 002D:0064       DESTROYPUSHPULL
 002D:009C       SAVEEVENT
 002D:00DF       GETNEXTEVENT
 002D:011C       PEEKNEXTEVENT
 002D:0166       InitializeQueue
 002D:01B5       IsEmptyQueue
 002D:01F6       AddToQueue
 002D:0261       GetQueueEvent
 002D:02C0       PeekQueueEvent
 002D:030B       Beep
 002D:0310       PPLOAD
 002D:0339       PPInit
 002D:0385       PPFREE
