

 Start  Stop   Length Name                   Class
 00000H 0004FH 00050H HEADER                 MODULE
 00050H 00067H 00018H SEGTABLE               MODULE
 00068H 00437H 003D0H ENTTABLE               MODULE
 00438H 0045EH 00027H ENTNAME                MODULE
 0045FH 00B22H 006C4H NRENTNAME              MODULE
 00B30H 010FBH 005CCH IMPORTS                MODULE
 010FCH 010FDH 00002H ENDIMPORTS             MODULE
 01100H 01100H 00000H RESOURCES              MODULE
 01100H 01101H 00002H ENDRESOURCES           MODULE
 01110H 0157FH 00470H _DATA                  DATA
 01580H 015B7H 00038H DATA                   DATA
 015B8H 015C5H 0000EH CDATA                  DATA
 015C6H 015C6H 00000H _INITDATA              DATA
 015C6H 015C6H 00000H CONST                  CONST
 015D0H 0173DH 0016EH _BSS                   BSS
 01740H 01A51H 00312H C_COMMON               BSS
 01A60H 01A60H 00000H _INITDATA              BSS
 01A60H 01A60H 00000H _ENDDATA               BSS
 01A60H 01A60H 00001H STACK                  STACK
 01A70H 0F4B3H 0DA44H _TEXT                  CODE
 0F4B4H 0F4B4H 00000H _INITTEXT              CODE

 Origin   Group
 0111:0   DGROUP
 01A7:0   IGROUP
 0000:0   MGROUP

  Address         Publics by Name

 0000:0EAE       AddAtom
 01A7:8BB8       ADDMENUBITMAP
 01A7:8AAD       ADDMENUSTRING
 01A7:22D7       AllClmsPnt
 0000:0C6C       ALLOC
 01A7:C5C7       AllocPbtn
 01A7:CA9B       AllocPstat
 01A7:05B0       ANYPOPUP
 01A7:2993       AnyScrnFull
 01A7:8C50       APPENDMENUBITMAP
 01A7:8AFC       APPENDMENUSTRING
 0000:0F18       BitBlt
 01A7:B2E9       BlockMove
 0111:0920       blocks
 01A7:B29F       bltbyte
 01A7:206E       BotCenterReDraw
 01A7:2064       BotLeftReDraw
 01A7:2069       BotRightReDraw
 01A7:AAE9       breaktext
 01A7:4448       BRINGCHILDTOTOP
 01A7:6324       BringToFront
 01A7:0BE1       BrushInit
 01A7:237F       BTPrtClm
 01A7:BD97       ButtonDestroy
 01A7:BFB1       ButtonInput
 01A7:BDCD       ButtonPaint
 01A7:26C5       CalcAllClmsWidths
 01A7:2577       CalcAllWndsHeights
 01A7:C4C6       CalcCheckRect
 01A7:D6C9       CalcEdRect
 01A7:2599       CalcHeights
 01A7:26E2       CalcWidths
 01A7:8428       CallClassInput
 01A7:2139       CallClientPaint
 01A7:42ED       CallClsClose
 01A7:42D2       CallClsOpen
 01A7:9C0D       CALLINSTANCE
 01A7:4E13       Capture
 01A7:5C4D       caretBlinkProc
 01A7:207D       CentCentReDRaw
 01A7:2073       CentLeftReDraw
 01A7:2078       CentRightReDraw
 01A7:D3CF       ChangeEdSel
 01A7:3A54       ChangeInHeight
 01A7:B12F       CHECKBUTTON
 01A7:B991       CHECKDLGBUTTON
 01A7:1AAA       CheckFocus
 01A7:8D48       CHECKMENUITEM
 01A7:2C9A       ChgDeskHeight
 01A7:5B3E       CIHide
 0000:0BEC       CINQUIRE
 01A7:5B48       CIProtect
 01A7:5AD4       CISETCURS
 01A7:5B34       CIShow
 01A7:5B62       CIUnprotect
 01A7:9C51       ClassCreate
 01A7:9CBD       ClassData
 01A7:9C5E       ClassDestroy
 01A7:9CA1       ClassFocus
 01A7:9C6B       ClassIcon
 01A7:A771       ClassIndex
 01A7:9C93       ClassInput
 01A7:9C78       ClassPaint
 01A7:9CAF       CLASSSCROLL
 01A7:9C85       ClassSize
 01A7:9CCB       CLIENTTOSCREEN
 01A7:61DD       ClipPopup
 01A7:620B       ClipVis
 01A7:431E       CloseAllChildren
 01A7:394F       CloseIconSlot
 01A7:28E9       CloseInClm
 01A7:197E       ClosePopUpWnd
 0000:0C8B       CloseResourceFile
 01A7:16B1       CLOSEWINDOW
 01A7:171E       CloseWnd
 01A7:A612       ClsSizeIncrease
 01A7:6C77       CntlSize
 01A7:6A31       CntlThumb
 01A7:6F89       CompClient
 01A7:6754       ContScroll
 01A7:A2E5       COPYRECT
 01A7:0C17       CreatBits
 0000:0F43       CreateBitmap
 01A7:3F83       CREATECHILD
 0000:0FB7       CreateCompatibleBitmap
 01A7:AF4F       CREATECTL
 0000:0F25       CreateDC
 01A7:B375       CREATEDLG
 0000:1080       CreateFontIndirect
 0000:0FE9       CreateMemoryDC
 01A7:866A       CREATEMENU
 01A7:04E1       CREATEPOPUP
 01A7:01FB       CREATEWINDOW
 01A7:B087       CTLMSG0
 01A7:B0AF       CTLMSG1
 01A7:B0D9       CTLMSG2
 01A7:B104       CTLMSG3
 0111:08EC       cursInfo
 01A7:5656       CursorFree
 01A7:558D       CURSORLOAD
 01A7:4117       DCClipParent
 01A7:416D       DCClipSiblings
 01A7:6069       DCDispose
 01A7:0013       DCExclude
 01A7:5F3E       DCInit
 01A7:6295       DCSearch
 01A7:B35A       DebugBreak
 01A7:B310       DebugFree
 01A7:B330       DebugReAlloc
 01A7:1B51       DelClm
 0000:0DE0       DeleteAtom
 0000:0F34       DeleteDC
 0000:1037       DeleteObject
 01A7:15F7       DeleteProperties
 01A7:3D2A       DelIcon
 01A7:4331       DestroyAllChildren
 01A7:0935       DestroyAllWindows
 01A7:5BD2       DESTROYCARET
 01A7:4074       DestroyChildWindow
 01A7:86CD       DESTROYMENU
 01A7:072A       DESTROYWINDOW
 01A7:0647       DestroyWindowInstance
 01A7:0905       DestroyWindowWithoutPaints
 0000:0C38       DINQUIRE
 01A7:BA46       DlgDestroy
 01A7:BA95       DlgInput
 01A7:B959       DlgItemMsg
 01A7:B8B5       DLGITEMMSG0
 01A7:B8DC       DLGITEMMSG1
 01A7:B905       DLGITEMMSG2
 01A7:B92F       DLGITEMMSG3
 01A7:6B58       DoScroll
 0000:0BAA       DOSOUND
 01A7:4A5B       DoTics
 01A7:5ED3       DragHilite
 01A7:5E7B       DragProc1be027f7
 01A7:5EF2       DRAGRECT
 01A7:638A       DrawCaption
 01A7:5CF1       DrawCaret
 01A7:D7E5       DrawEdLine
 01A7:D4D0       DrawEdSel
 01A7:7216       DrawFrame
 0111:01E0       DrawFunc
 01A7:C47C       DrawHilite
 01A7:7530       DRAWHORZTHUMB
 01A7:734C       DrawHScroll
 01A7:769D       DRAWHTHUMB
 01A7:5879       DRAWICON
 01A7:C3E0       DrawNewState
 01A7:6521       DrawSize
 01A7:B1F8       DrawText
 01A7:74FB       DRAWVERTTHUMB
 01A7:724B       DrawVScroll
 01A7:7565       DRAWVTHUMB
 01A7:0FF7       DriversInit
 01A7:A1CD       DupBitmap
 01A7:D177       EdCharInput
 01A7:D270       EdClip
 01A7:D784       EdDelete
 01A7:D516       EdDrawCaret
 01A7:D54D       EdIchFromPt
 01A7:D70A       EdInsert
 01A7:CBB1       EditDestroy
 01A7:D051       EditFocus
 01A7:CCC2       EditInput
 01A7:CC05       EditPaint
 01A7:D61A       EdPtFromIch
 01A7:D2D7       EdTrackMouse
 0111:0904       EIBaseP
 0111:0070       EIBeg
 0111:085C       EICount
 01A7:5423       EIeio
 0111:08FC       EIEnd
 01A7:9840       EIFence
 0111:0940       EIFenceD
 01A7:981E       EIFLUSH
 0111:006E       EIFull
 01A7:98F4       EIget
 01A7:97D0       EIinit
 0111:086E       EIProcs
 0111:085A       EIReadP
 0111:037E       EIReadTime
 01A7:97FA       EISAVE
 0111:006C       EISize
 0111:075A       EIState
 01A7:9855       EIunget
 0111:08FE       EIWriteP
 01A7:B1C6       ENABLECTL
 01A7:8CB7       ENABLEMENUITEM
 01A7:53CB       ENABLEWINDOW
 01A7:41E8       EnumChildren
 01A7:41BA       ENUMCHILDWINDOWS
 01A7:422C       EnumChildWindowsWithShortProc
 01A7:0839       EnumClmWnds
 01A7:15AD       ENUMPROPS
 01A7:08C6       EnumTiledWindows
 01A7:086A       ENUMWINDOWS
 01A7:29AB       ErsAllToggles
 01A7:0EDC       EventInit
 01A7:4556       EvPop
 01A7:4527       EvPush
 01A7:13B2       EXCHANGEDATA
 01A7:0000       ExcludePopups
 0000:104A       ExcludeVisRect
 01A7:0A35       EXITWINDOWS
 0000:0E85       FatalExit
 01A7:A4B8       FILLRECT
 0000:0E4C       FINDATOM
 01A7:0783       FindNameInClm
 01A7:3F38       FINDPARENT
 01A7:40E7       FindPreviousChild
 0000:0ECF       FindResource
 01A7:07E8       FINDWINDOW
 01A7:5E5D       ForceHideCaret
 01A7:0160       ForceRepaint
 01A7:C680       FPtInWnd
 01A7:A5C2       FRAMERECT
 01A7:710A       FrameWnd
 0000:0CA6       FREE
 0000:0E98       FreeResource
 0000:0DC9       GetAtomHandle
 0000:0D54       GetAtomName
 0000:10CC       GetBitmapBits
 01A7:5E31       GETCARETBLINKTIME
 01A7:A7ED       GetClass
 01A7:60EE       GetClientDc
 01A7:9E06       GETCLIENTRECT
 0000:106F       GetClipBox
 01A7:12B7       GETCOMMONDATAFORMAT
 01A7:B01D       GETCTLTEXT
 01A7:B062       GETCTLTEXTLENGTH
 0000:0D23       GetCurrentTask
 01A7:1288       GETDATACOMMANDNAME
 01A7:1259       GETDATAFORMATNAME
 01A7:634A       GETDC
 01A7:609E       GetDcThroughParent
 0000:1023       GetDeviceCaps
 01A7:B7FF       GETDLGITEM
 01A7:B9FE       GetDlgItem2
 01A7:B875       GETDLGITEMTEXT
 01A7:45AA       GETDOUBLECLICKTIME
 01A7:4E94       GETFOCUS
 01A7:52E3       GETGLOBALCAPTURE
 01A7:3F60       GetGrandParent
 01A7:6EA0       GetMax
 01A7:9E7C       GETMENU
 0000:0D3B       GetModuleHandle
 01A7:119A       getn
 01A7:A033       GETNAME
 0000:0F7B       GetObject
 01A7:6101       GetOneDc
 01A7:D672       GetPosDelta
 01A7:2E7B       GetPrevWnd
 01A7:14E3       GETPROP
 01A7:608F       GetScreenDc
 0000:0FA2       GetStockObject
 0000:0FFE       GetTextExtent
 0000:0FD4       GetTextMetrics
 01A7:60DC       GetWindowDc
 01A7:9E47       GetWindowRect
 01A7:52C4       GlobalCapture
 01A7:C513       GrayRect
 0111:0700       hbrBlack
 0111:08AA       hbrGray
 0111:08DE       hbrLtgray
 0111:0906       hbrWhite
 0111:08C4       hCursArrow
 0111:08C2       hCursCross
 0111:091E       hCursIBeam
 0111:087E       hCursIcon
 0111:08E2       hCursNormal
 0111:08D0       hCursSize
 0111:08CE       hCursUpArrow
 0111:063A       hDcBits
 0111:0896       hIconErr
 0111:0900       hIconSample
 0111:063E       hIconTrash
 0111:0636       hIconWarn
 01A7:5C0C       HIDECARET
 01A7:429D       HideChildren
 0000:0C11       HIDECURSOR
 0111:063C       hItButton
 0111:08AE       hItEdit
 0111:0630       hItMswin
 0111:08E8       hItStatic
 0111:08E0       hItWinmsg
 0111:0868       hPEmenu
 0111:0638       hPMenu
 0111:0880       hPostIcon
 0111:0254       hrgFocus
 0111:0860       hSysFont
 0111:0632       hWinModule
 0111:08EA       ichSelStart
 01A7:3D40       IconDelEntry
 01A7:3512       IconDrag
 01A7:59A6       IconFree
 01A7:3BA6       IconGray
 01A7:36E2       IconInput
 01A7:5676       ICONLOAD
 01A7:3A7D       IconPaint
 01A7:388A       IconPntToIndex
 01A7:3DB3       IconSetIndexProp
 01A7:5987       ICONSIZE
 01A7:3A6D       IconWndHeight
 01A7:3E23       IconWndOpen
 01A7:3B8A       IconWndPnt
 01A7:1BAC       IncClmNo
 01A7:7B54       InChild
 01A7:7A8B       InClm
 01A7:3800       IndexToRect
 01A7:A39B       INFLATERECT
 01A7:AEFA       INITCTLMGR
 01A7:13FB       InitDatax
 01A7:514D       InitFocus
 01A7:3E71       InitIcons
 01A7:946B       InitMenus
 01A7:AE1F       InitPost
 01A7:10F2       InpDisable
 01A7:10A6       InpEnable
 01A7:1115       INQUIRETOP
 01A7:1BCE       InsertClm
 0000:0F56       IntersectClipRect
 01A7:A3C4       INTERSECTRECT
 0000:0F8B       IntersectVisRect
 01A7:79E8       InTiled_IconicWindows
 01A7:5FCA       InvalidateAllChildrenDcs
 01A7:5FF0       InvalidateAllDcs
 01A7:5FAC       InvalidateDc
 01A7:5FFD       InvalidateOneDc
 01A7:C446       InvertCheck
 01A7:A504       INVERTRECT
 01A7:7ACB       InWnd
 01A7:B153       ISBUTTONCHECKED
 01A7:B9C7       ISDLGBUTTONCHECKED
 01A7:9D6F       ISICONIC
 01A7:3D98       IsIconSlotUsed
 01A7:A30A       ISRECTEMPTY
 01A7:A270       ISWINDOWENABLED
 01A7:177D       ISWINDOWVISIBLE
 01A7:7DE0       ItemClear
 01A7:7E91       ItemDraw
 01A7:8599       ItemSize
 01A7:5AAC       ITFree
 01A7:59BA       ITLOAD
 01A7:A8EF       ITNextEvent
 01A7:A899       ITProbe
 01A7:A907       ITTestCond
 0000:0B84       KDISABLE
 0000:0B72       KENABLE
 01A7:9564       keybd1_event
 0111:08D2       keybdInfo
 01A7:9544       keybd_event
 01A7:4F2F       KILLFOCUS
 01A7:51FC       KILLTIMER
 0000:0B5F       KINQUIRE
 01A7:AA4C       LCmpStruct
 01A7:AA6C       LCopyStruct
 01A7:AA33       LFillStruct
 0000:10E0       LineTo
 01A7:1AC6       LinkWnd
 0000:0D8B       LoadModule
 0000:0E05       LoadResource
 01A7:5452       LoadResources
 01A7:09ED       LOADWINDOWS
 0000:0DB5       LOCALALLOC
 0000:0D9F       LOCALREALLOC
 0000:0CCE       LOCKLOCALOBJECT
 0000:0E71       LOCKOBJECT
 0111:0068       lpExitmsg
 01A7:A535       LRCCFRAME
 01A7:A5EC       LRCIFrame
 01A7:241B       LRClmsRePnt
 01A7:2431       LRCRePnt
 01A7:9D8F       LRectCToS
 01A7:9DBA       LRectSToC
 01A7:9DE1       LRectSToW
 0000:0DF4       lstrcmp
 0000:0C4A       lstrcpy
 0000:0D69       lstrlen
 01A7:3C1F       MakeIconic
 0111:08C6       maxClms
 0000:0BDC       MDISABLE
 0000:0BCD       MENABLE
 01A7:8772       MenuAddItem
 01A7:91FC       MenuBar
 01A7:82C0       MenuCompHeight
 01A7:7B9E       MenuCopy
 01A7:898D       MenuDeleteItem
 01A7:7CC9       MenuDraw
 01A7:8483       MenuInvert
 01A7:BBF4       MENULOAD
 01A7:BC5C       MenuLoad2
 01A7:93D1       MenuPCompHeight
 01A7:93AB       MenuPDraw
 01A7:93E1       MenuPInput
 01A7:92B5       MenuPPost
 01A7:815B       MenuPtInCmd
 01A7:824C       MenuPWidth
 01A7:8ED9       MenuSCompHeight
 01A7:8DD3       MenuSDraw
 01A7:9243       MenuSInput
 01A7:928D       MenuSTrack
 01A7:8F32       MenuTopTrack
 01A7:8016       MenuTrack
 01A7:9A23       MIclip
 01A7:9BDD       MIhide
 01A7:99F5       MIinit
 0000:0BBD       MINQUIRE
 01A7:9B37       MIposition
 01A7:9A5E       MIprotect
 01A7:9A0E       MIrate
 01A7:9B7E       MIsetcursor
 01A7:9BED       MIshow
 01A7:9B0D       MIunprotect
 01A7:0FAE       MouseInit
 01A7:9596       mouse_event
 01A7:43B4       MOVECHILD
 01A7:35F1       MoveIcon
 0000:0F6E       MoveTo
 01A7:33A5       MoveToClm
 01A7:31DB       MoveToNewPos
 0111:0440       mpCodeSz
 0111:0910       msInfo
 01A7:AABC       MSToTics
 01A7:2DAD       NegScrnFull
 01A7:8C05       NEWMENUBITMAP
 01A7:8B66       NEWMENUSTRING
 01A7:BB64       NextEditField
 01A7:A840       NextEvent
 01A7:4BC8       Notify
 01A7:B173       NotifyCtl
 01A7:C598       NotifyParent
 01A7:A1A6       NOTIFYWINDOW
 0111:0758       objAHnds
 0111:08AC       objClass
 0111:08B4       objHnd
 0111:0866       objMenu
 0111:0862       objProp
 0111:08CA       objRgn
 0111:086C       objString
 0111:08BE       objWnd
 01A7:0D26       OemDependentInit
 0111:0706       oemInfo
 0000:0C25       OEMSETCURSOR
 01A7:4247       OffsetChildren
 01A7:A372       OFFSETRECT
 01A7:22A5       OneClmPnt
 01A7:3AE2       OneIconPnt
 01A7:20B6       OneWndPnt
 01A7:2082       OneWndRePaint
 01A7:430B       OpenAllChildren
 01A7:404F       OpenChildWindow
 01A7:1689       OPENICON
 01A7:38CE       OpenIconSlot
 01A7:27E2       OpenInClm
 01A7:1898       OpenPopUpWnd
 0000:0CB4       OpenResourceFile
 01A7:174B       OpenSysWnd
 01A7:16E0       OpenWnd
 01A7:1F70       OverWrite
 01A7:009C       PaintBits
 01A7:4382       PaintChildren
 01A7:2CD4       PaintDesk
 01A7:2210       PAINTWINDOW
 0000:0F0B       PATBLT
 01A7:A9F3       percent
 0111:08B8       pIconicClm
 01A7:3A13       PntIconNewArea
 01A7:38B8       PntToRect
 0111:0634       pOddClm
 01A7:5066       POPFOCUS
 01A7:AD01       POSTERROR
 0000:0E5E       POSTEVENT
 01A7:ADDE       PostInput
 01A7:ABEE       POSTMESSAGE
 0111:08B0       PostMsg
 01A7:AD53       PostPaint
 0111:0702       PostProc
 0111:08B6       pPopUpClm
 0111:08C0       pPopUpHideClm
 0111:086A       pRegFClm
 0111:0898       PreRegCommandAtom
 0111:018E       PreRegCommandName
 0111:0908       PreRegFormatAtom
 0111:01A0       PreRegFormatName
 01A7:A338       PTINRECT
 01A7:4FAC       PUSHFOCUS
 01A7:18C9       PutPopUpWnd
 01A7:0994       QueryAllWindowsDestroy
 01A7:0949       QueryDestroy
 01A7:9E99       QUERYSUBMENU
 01A7:45DA       READTIMERRESOLUTION
 01A7:45C0       READTIMERTICS
 0000:0D7A       REALLOC
 01A7:254B       ReCalcAllClmsWndsHeights
 01A7:2520       ReDrawDesk
 01A7:1152       regi
 01A7:C6B3       RegisterButton
 01A7:A65F       REGISTERCLASS
 01A7:AF10       REGISTERCTLCLASS
 01A7:AED0       RegisterCtlMgr
 01A7:122A       REGISTERDATACOMMAND
 01A7:11FB       REGISTERDATAFORMAT
 01A7:BD1E       RegisterDlg
 01A7:D893       RegisterEdit
 01A7:CB46       RegisterStatic
 01A7:6250       ReleaseADc
 01A7:535B       RELEASECAPTURE
 01A7:636F       RELEASEDC
 01A7:1537       REMOVEPROP
 01A7:5108       ResizeFocus
 01A7:2BF2       RestAllClmProps
 01A7:2AD3       RestClmProps
 01A7:5E58       RestoreCaret
 0000:105F       RestoreDC
 01A7:1A30       RestPopUpBits
 0111:043A       rgchNoteChars
 01A7:247B       RLClmsRePnt
 01A7:2491       RLCRePnt
 01A7:2BA4       SaveAllClmProps
 01A7:2A0A       SaveClmProps
 0000:10BF       SaveDC
 01A7:19AF       SavePopUpBits
 01A7:9D13       SCREENTOCLIENT
 01A7:9D51       ScreenToWindow
 0111:0882       scrn
 01A7:2D34       ScrnFull
 01A7:2C40       ScrnToggle
 01A7:77D7       SCROLLWINDOW
 0000:1099       SelectObject
 01A7:5331       SETCAPTURE
 01A7:5B6C       SETCARET
 01A7:5DE4       SETCARETBLINKTIME
 01A7:AFF5       SETCTLTEXT
 01A7:5B19       SETCURSOR
 0000:10ED       SetDCOrg
 01A7:A154       SETDESIREDHEIGHT
 01A7:B828       SETDLGITEMTEXT
 01A7:457D       SETDOUBLECLICKTIME
 01A7:D10D       SetEdText
 01A7:4EAA       SETFOCUS
 01A7:4AE3       SetInputDest
 01A7:9FE9       SETMENU
 01A7:A0C0       SETNAME
 01A7:2030       SetNewLimits
 01A7:276B       SetOldRectProp
 01A7:1453       SETPROP
 01A7:A298       SETRECT
 01A7:A2C3       SETRECTEMPTY
 01A7:684B       SetRects
 01A7:9F15       SETSCROLLBARS
 01A7:94D8       SetSegs
 0000:0EF3       SetStretchBltMode
 0000:10AC       SetTextColor
 01A7:516F       SETTIMER
 01A7:D3AB       SetupEdDC
 01A7:319F       ShiftDragToNewPos
 01A7:42AC       ShowAllChildren
 01A7:5C7D       SHOWCARET
 01A7:44AA       ShowChild
 01A7:428E       ShowChildren
 0000:0BFD       SHOWCURSOR
 01A7:0297       ShowTiledWindow
 01A7:179D       SHOWWINDOW
 01A7:030C       ShowWindowWithSwap
 01A7:18F7       ShutPopUpWnd
 01A7:30F0       SizeClmPnt
 0000:0CF8       SizeofResource
 01A7:BB4A       SkipSz
 0111:0902       spIconWnd
 01A7:24D5       SpltClmsRePnt
 01A7:23B3       SpltOneClmRePnt
 0111:08CC       spPopUpWnd
 01A7:0A8A       STARTWINDOWS
 01A7:C72C       StaticDestroy
 01A7:C8CA       StaticInput
 01A7:C762       StaticPaint
 0000:1012       StretchBlt
 01A7:1936       StripBitmaps
 01A7:5E47       SuspendCaret
 0111:08C8       SysFontCharHeight
 0111:0756       SysFontCharWidth
 0111:0446       szDialog
 0111:085E       taskLength
 0111:0864       taskReady
 0111:0640       taskTable
 01A7:2304       TBOneClmRePnt
 01A7:233D       TBPClmRePnt
 01A7:231E       TBPrtClmRePnt
 0000:0B4F       TDISABLE
 0000:0B40       TENABLE
 0000:0EE5       TextOut
 0111:0074       TiCount
 0111:0072       TiFreq
 01A7:0ADA       TileInit
 0111:08BA       timerInfo
 01A7:94E6       timer_event
 0000:0B30       TINQUIRE
 0111:0388       TITime
 0000:0B97       TOASCII
 01A7:205F       TopCenterReDraw
 01A7:1C56       TopLeftReDraw
 01A7:205A       TopRightReDraw
 01A7:6F37       TrackDrag
 01A7:6BFC       TrackHInvert
 01A7:6B92       TrackSize
 01A7:6C29       TrackVInvert
 01A7:678C       TrackVScroll
 01A7:5378       TranslateCoord
 01A7:0AAD       TypeInit
 01A7:A426       UNIONRECT
 01A7:1B1C       UnLinkWnd
 0000:0E1B       UNLOCKLOCALOBJECT
 0000:0E36       UNLOCKOBJECT
 01A7:C559       UserNotify
 0000:0D10       WaitEvent
 01A7:6F65       WDIFrame
 01A7:6E6B       WDInvert
 01A7:03CF       WINCrtInit
 01A7:530A       WindowCapture
 01A7:45F4       WindowsInputLoop
 0111:0260       WindowsMasterTask
 01A7:74A9       WINHRect
 01A7:65B5       WINInput
 01A7:AA98       WINputs
 01A7:9CF5       WINScreenToClient
 01A7:2EAD       WinSize
 01A7:05CA       WINSysCreate
 01A7:744D       WINVRect
 01A7:7A2D       WINWhere
 0111:08E4       xRatio
 0111:08E6       yRatio
 0111:037A       _CSSEG
 01A7:94D6       _CSTODS
 0111:037C       _DSSEG
 0111:047A       _ENVIRON
 0111:047C       _ERRNO
 0000:0C5B       _lclose
 0000:0CE7       _llseek
 0000:0C7B       _lopen
 0000:0EBF       _lread
 0111:003C       _PATOMTABLE
 0111:0040       _PFILETABLE
 0111:003A       _PGLOBALHEAP
 0111:0038       _PLOCALHEAP
 0111:003E       _PWINDOWS
 0111:0038       _RSRVPTRS
 0111:0478       __ENVSEG
 0111:0470       __FAC
 0111:04AA       __FPINIT
 01A7:D97F       __ldiv
 01A7:D91B       __lmul
 0111:047E       __OSERR
 0111:0480       __OSFILE
 01A7:DA1E       __ulmul

  Address         Publics by Value

 0000:0B30       TINQUIRE
 0000:0B40       TENABLE
 0000:0B4F       TDISABLE
 0000:0B5F       KINQUIRE
 0000:0B72       KENABLE
 0000:0B84       KDISABLE
 0000:0B97       TOASCII
 0000:0BAA       DOSOUND
 0000:0BBD       MINQUIRE
 0000:0BCD       MENABLE
 0000:0BDC       MDISABLE
 0000:0BEC       CINQUIRE
 0000:0BFD       SHOWCURSOR
 0000:0C11       HIDECURSOR
 0000:0C25       OEMSETCURSOR
 0000:0C38       DINQUIRE
 0000:0C4A       lstrcpy
 0000:0C5B       _lclose
 0000:0C6C       ALLOC
 0000:0C7B       _lopen
 0000:0C8B       CloseResourceFile
 0000:0CA6       FREE
 0000:0CB4       OpenResourceFile
 0000:0CCE       LOCKLOCALOBJECT
 0000:0CE7       _llseek
 0000:0CF8       SizeofResource
 0000:0D10       WaitEvent
 0000:0D23       GetCurrentTask
 0000:0D3B       GetModuleHandle
 0000:0D54       GetAtomName
 0000:0D69       lstrlen
 0000:0D7A       REALLOC
 0000:0D8B       LoadModule
 0000:0D9F       LOCALREALLOC
 0000:0DB5       LOCALALLOC
 0000:0DC9       GetAtomHandle
 0000:0DE0       DeleteAtom
 0000:0DF4       lstrcmp
 0000:0E05       LoadResource
 0000:0E1B       UNLOCKLOCALOBJECT
 0000:0E36       UNLOCKOBJECT
 0000:0E4C       FINDATOM
 0000:0E5E       POSTEVENT
 0000:0E71       LOCKOBJECT
 0000:0E85       FatalExit
 0000:0E98       FreeResource
 0000:0EAE       AddAtom
 0000:0EBF       _lread
 0000:0ECF       FindResource
 0000:0EE5       TextOut
 0000:0EF3       SetStretchBltMode
 0000:0F0B       PATBLT
 0000:0F18       BitBlt
 0000:0F25       CreateDC
 0000:0F34       DeleteDC
 0000:0F43       CreateBitmap
 0000:0F56       IntersectClipRect
 0000:0F6E       MoveTo
 0000:0F7B       GetObject
 0000:0F8B       IntersectVisRect
 0000:0FA2       GetStockObject
 0000:0FB7       CreateCompatibleBitmap
 0000:0FD4       GetTextMetrics
 0000:0FE9       CreateMemoryDC
 0000:0FFE       GetTextExtent
 0000:1012       StretchBlt
 0000:1023       GetDeviceCaps
 0000:1037       DeleteObject
 0000:104A       ExcludeVisRect
 0000:105F       RestoreDC
 0000:106F       GetClipBox
 0000:1080       CreateFontIndirect
 0000:1099       SelectObject
 0000:10AC       SetTextColor
 0000:10BF       SaveDC
 0000:10CC       GetBitmapBits
 0000:10E0       LineTo
 0000:10ED       SetDCOrg
 0111:0038       _PLOCALHEAP
 0111:0038       _RSRVPTRS
 0111:003A       _PGLOBALHEAP
 0111:003C       _PATOMTABLE
 0111:003E       _PWINDOWS
 0111:0040       _PFILETABLE
 0111:0068       lpExitmsg
 0111:006C       EISize
 0111:006E       EIFull
 0111:0070       EIBeg
 0111:0072       TiFreq
 0111:0074       TiCount
 0111:018E       PreRegCommandName
 0111:01A0       PreRegFormatName
 0111:01E0       DrawFunc
 0111:0254       hrgFocus
 0111:0260       WindowsMasterTask
 0111:037A       _CSSEG
 0111:037C       _DSSEG
 0111:037E       EIReadTime
 0111:0388       TITime
 0111:043A       rgchNoteChars
 0111:0440       mpCodeSz
 0111:0446       szDialog
 0111:0470       __FAC
 0111:0478       __ENVSEG
 0111:047A       _ENVIRON
 0111:047C       _ERRNO
 0111:047E       __OSERR
 0111:0480       __OSFILE
 0111:04AA       __FPINIT
 0111:0630       hItMswin
 0111:0632       hWinModule
 0111:0634       pOddClm
 0111:0636       hIconWarn
 0111:0638       hPMenu
 0111:063A       hDcBits
 0111:063C       hItButton
 0111:063E       hIconTrash
 0111:0640       taskTable
 0111:0700       hbrBlack
 0111:0702       PostProc
 0111:0706       oemInfo
 0111:0756       SysFontCharWidth
 0111:0758       objAHnds
 0111:075A       EIState
 0111:085A       EIReadP
 0111:085C       EICount
 0111:085E       taskLength
 0111:0860       hSysFont
 0111:0862       objProp
 0111:0864       taskReady
 0111:0866       objMenu
 0111:0868       hPEmenu
 0111:086A       pRegFClm
 0111:086C       objString
 0111:086E       EIProcs
 0111:087E       hCursIcon
 0111:0880       hPostIcon
 0111:0882       scrn
 0111:0896       hIconErr
 0111:0898       PreRegCommandAtom
 0111:08AA       hbrGray
 0111:08AC       objClass
 0111:08AE       hItEdit
 0111:08B0       PostMsg
 0111:08B4       objHnd
 0111:08B6       pPopUpClm
 0111:08B8       pIconicClm
 0111:08BA       timerInfo
 0111:08BE       objWnd
 0111:08C0       pPopUpHideClm
 0111:08C2       hCursCross
 0111:08C4       hCursArrow
 0111:08C6       maxClms
 0111:08C8       SysFontCharHeight
 0111:08CA       objRgn
 0111:08CC       spPopUpWnd
 0111:08CE       hCursUpArrow
 0111:08D0       hCursSize
 0111:08D2       keybdInfo
 0111:08DE       hbrLtgray
 0111:08E0       hItWinmsg
 0111:08E2       hCursNormal
 0111:08E4       xRatio
 0111:08E6       yRatio
 0111:08E8       hItStatic
 0111:08EA       ichSelStart
 0111:08EC       cursInfo
 0111:08FC       EIEnd
 0111:08FE       EIWriteP
 0111:0900       hIconSample
 0111:0902       spIconWnd
 0111:0904       EIBaseP
 0111:0906       hbrWhite
 0111:0908       PreRegFormatAtom
 0111:0910       msInfo
 0111:091E       hCursIBeam
 0111:0920       blocks
 0111:0940       EIFenceD
 01A7:0000       ExcludePopups
 01A7:0013       DCExclude
 01A7:009C       PaintBits
 01A7:0160       ForceRepaint
 01A7:01FB       CREATEWINDOW
 01A7:0297       ShowTiledWindow
 01A7:030C       ShowWindowWithSwap
 01A7:03CF       WINCrtInit
 01A7:04E1       CREATEPOPUP
 01A7:05B0       ANYPOPUP
 01A7:05CA       WINSysCreate
 01A7:0647       DestroyWindowInstance
 01A7:072A       DESTROYWINDOW
 01A7:0783       FindNameInClm
 01A7:07E8       FINDWINDOW
 01A7:0839       EnumClmWnds
 01A7:086A       ENUMWINDOWS
 01A7:08C6       EnumTiledWindows
 01A7:0905       DestroyWindowWithoutPaints
 01A7:0935       DestroyAllWindows
 01A7:0949       QueryDestroy
 01A7:0994       QueryAllWindowsDestroy
 01A7:09ED       LOADWINDOWS
 01A7:0A35       EXITWINDOWS
 01A7:0A8A       STARTWINDOWS
 01A7:0AAD       TypeInit
 01A7:0ADA       TileInit
 01A7:0BE1       BrushInit
 01A7:0C17       CreatBits
 01A7:0D26       OemDependentInit
 01A7:0EDC       EventInit
 01A7:0FAE       MouseInit
 01A7:0FF7       DriversInit
 01A7:10A6       InpEnable
 01A7:10F2       InpDisable
 01A7:1115       INQUIRETOP
 01A7:1152       regi
 01A7:119A       getn
 01A7:11FB       REGISTERDATAFORMAT
 01A7:122A       REGISTERDATACOMMAND
 01A7:1259       GETDATAFORMATNAME
 01A7:1288       GETDATACOMMANDNAME
 01A7:12B7       GETCOMMONDATAFORMAT
 01A7:13B2       EXCHANGEDATA
 01A7:13FB       InitDatax
 01A7:1453       SETPROP
 01A7:14E3       GETPROP
 01A7:1537       REMOVEPROP
 01A7:15AD       ENUMPROPS
 01A7:15F7       DeleteProperties
 01A7:1689       OPENICON
 01A7:16B1       CLOSEWINDOW
 01A7:16E0       OpenWnd
 01A7:171E       CloseWnd
 01A7:174B       OpenSysWnd
 01A7:177D       ISWINDOWVISIBLE
 01A7:179D       SHOWWINDOW
 01A7:1898       OpenPopUpWnd
 01A7:18C9       PutPopUpWnd
 01A7:18F7       ShutPopUpWnd
 01A7:1936       StripBitmaps
 01A7:197E       ClosePopUpWnd
 01A7:19AF       SavePopUpBits
 01A7:1A30       RestPopUpBits
 01A7:1AAA       CheckFocus
 01A7:1AC6       LinkWnd
 01A7:1B1C       UnLinkWnd
 01A7:1B51       DelClm
 01A7:1BAC       IncClmNo
 01A7:1BCE       InsertClm
 01A7:1C56       TopLeftReDraw
 01A7:1F70       OverWrite
 01A7:2030       SetNewLimits
 01A7:205A       TopRightReDraw
 01A7:205F       TopCenterReDraw
 01A7:2064       BotLeftReDraw
 01A7:2069       BotRightReDraw
 01A7:206E       BotCenterReDraw
 01A7:2073       CentLeftReDraw
 01A7:2078       CentRightReDraw
 01A7:207D       CentCentReDRaw
 01A7:2082       OneWndRePaint
 01A7:20B6       OneWndPnt
 01A7:2139       CallClientPaint
 01A7:2210       PAINTWINDOW
 01A7:22A5       OneClmPnt
 01A7:22D7       AllClmsPnt
 01A7:2304       TBOneClmRePnt
 01A7:231E       TBPrtClmRePnt
 01A7:233D       TBPClmRePnt
 01A7:237F       BTPrtClm
 01A7:23B3       SpltOneClmRePnt
 01A7:241B       LRClmsRePnt
 01A7:2431       LRCRePnt
 01A7:247B       RLClmsRePnt
 01A7:2491       RLCRePnt
 01A7:24D5       SpltClmsRePnt
 01A7:2520       ReDrawDesk
 01A7:254B       ReCalcAllClmsWndsHeights
 01A7:2577       CalcAllWndsHeights
 01A7:2599       CalcHeights
 01A7:26C5       CalcAllClmsWidths
 01A7:26E2       CalcWidths
 01A7:276B       SetOldRectProp
 01A7:27E2       OpenInClm
 01A7:28E9       CloseInClm
 01A7:2993       AnyScrnFull
 01A7:29AB       ErsAllToggles
 01A7:2A0A       SaveClmProps
 01A7:2AD3       RestClmProps
 01A7:2BA4       SaveAllClmProps
 01A7:2BF2       RestAllClmProps
 01A7:2C40       ScrnToggle
 01A7:2C9A       ChgDeskHeight
 01A7:2CD4       PaintDesk
 01A7:2D34       ScrnFull
 01A7:2DAD       NegScrnFull
 01A7:2E7B       GetPrevWnd
 01A7:2EAD       WinSize
 01A7:30F0       SizeClmPnt
 01A7:319F       ShiftDragToNewPos
 01A7:31DB       MoveToNewPos
 01A7:33A5       MoveToClm
 01A7:3512       IconDrag
 01A7:35F1       MoveIcon
 01A7:36E2       IconInput
 01A7:3800       IndexToRect
 01A7:388A       IconPntToIndex
 01A7:38B8       PntToRect
 01A7:38CE       OpenIconSlot
 01A7:394F       CloseIconSlot
 01A7:3A13       PntIconNewArea
 01A7:3A54       ChangeInHeight
 01A7:3A6D       IconWndHeight
 01A7:3A7D       IconPaint
 01A7:3AE2       OneIconPnt
 01A7:3B8A       IconWndPnt
 01A7:3BA6       IconGray
 01A7:3C1F       MakeIconic
 01A7:3D2A       DelIcon
 01A7:3D40       IconDelEntry
 01A7:3D98       IsIconSlotUsed
 01A7:3DB3       IconSetIndexProp
 01A7:3E23       IconWndOpen
 01A7:3E71       InitIcons
 01A7:3F38       FINDPARENT
 01A7:3F60       GetGrandParent
 01A7:3F83       CREATECHILD
 01A7:404F       OpenChildWindow
 01A7:4074       DestroyChildWindow
 01A7:40E7       FindPreviousChild
 01A7:4117       DCClipParent
 01A7:416D       DCClipSiblings
 01A7:41BA       ENUMCHILDWINDOWS
 01A7:41E8       EnumChildren
 01A7:422C       EnumChildWindowsWithShortProc
 01A7:4247       OffsetChildren
 01A7:428E       ShowChildren
 01A7:429D       HideChildren
 01A7:42AC       ShowAllChildren
 01A7:42D2       CallClsOpen
 01A7:42ED       CallClsClose
 01A7:430B       OpenAllChildren
 01A7:431E       CloseAllChildren
 01A7:4331       DestroyAllChildren
 01A7:4382       PaintChildren
 01A7:43B4       MOVECHILD
 01A7:4448       BRINGCHILDTOTOP
 01A7:44AA       ShowChild
 01A7:4527       EvPush
 01A7:4556       EvPop
 01A7:457D       SETDOUBLECLICKTIME
 01A7:45AA       GETDOUBLECLICKTIME
 01A7:45C0       READTIMERTICS
 01A7:45DA       READTIMERRESOLUTION
 01A7:45F4       WindowsInputLoop
 01A7:4A5B       DoTics
 01A7:4AE3       SetInputDest
 01A7:4BC8       Notify
 01A7:4E13       Capture
 01A7:4E94       GETFOCUS
 01A7:4EAA       SETFOCUS
 01A7:4F2F       KILLFOCUS
 01A7:4FAC       PUSHFOCUS
 01A7:5066       POPFOCUS
 01A7:5108       ResizeFocus
 01A7:514D       InitFocus
 01A7:516F       SETTIMER
 01A7:51FC       KILLTIMER
 01A7:52C4       GlobalCapture
 01A7:52E3       GETGLOBALCAPTURE
 01A7:530A       WindowCapture
 01A7:5331       SETCAPTURE
 01A7:535B       RELEASECAPTURE
 01A7:5378       TranslateCoord
 01A7:53CB       ENABLEWINDOW
 01A7:5423       EIeio
 01A7:5452       LoadResources
 01A7:558D       CURSORLOAD
 01A7:5656       CursorFree
 01A7:5676       ICONLOAD
 01A7:5879       DRAWICON
 01A7:5987       ICONSIZE
 01A7:59A6       IconFree
 01A7:59BA       ITLOAD
 01A7:5AAC       ITFree
 01A7:5AD4       CISETCURS
 01A7:5B19       SETCURSOR
 01A7:5B34       CIShow
 01A7:5B3E       CIHide
 01A7:5B48       CIProtect
 01A7:5B62       CIUnprotect
 01A7:5B6C       SETCARET
 01A7:5BD2       DESTROYCARET
 01A7:5C0C       HIDECARET
 01A7:5C4D       caretBlinkProc
 01A7:5C7D       SHOWCARET
 01A7:5CF1       DrawCaret
 01A7:5DE4       SETCARETBLINKTIME
 01A7:5E31       GETCARETBLINKTIME
 01A7:5E47       SuspendCaret
 01A7:5E58       RestoreCaret
 01A7:5E5D       ForceHideCaret
 01A7:5E7B       DragProc1be027f7
 01A7:5ED3       DragHilite
 01A7:5EF2       DRAGRECT
 01A7:5F3E       DCInit
 01A7:5FAC       InvalidateDc
 01A7:5FCA       InvalidateAllChildrenDcs
 01A7:5FF0       InvalidateAllDcs
 01A7:5FFD       InvalidateOneDc
 01A7:6069       DCDispose
 01A7:608F       GetScreenDc
 01A7:609E       GetDcThroughParent
 01A7:60DC       GetWindowDc
 01A7:60EE       GetClientDc
 01A7:6101       GetOneDc
 01A7:61DD       ClipPopup
 01A7:620B       ClipVis
 01A7:6250       ReleaseADc
 01A7:6295       DCSearch
 01A7:6324       BringToFront
 01A7:634A       GETDC
 01A7:636F       RELEASEDC
 01A7:638A       DrawCaption
 01A7:6521       DrawSize
 01A7:65B5       WINInput
 01A7:6754       ContScroll
 01A7:678C       TrackVScroll
 01A7:684B       SetRects
 01A7:6A31       CntlThumb
 01A7:6B58       DoScroll
 01A7:6B92       TrackSize
 01A7:6BFC       TrackHInvert
 01A7:6C29       TrackVInvert
 01A7:6C77       CntlSize
 01A7:6E6B       WDInvert
 01A7:6EA0       GetMax
 01A7:6F37       TrackDrag
 01A7:6F65       WDIFrame
 01A7:6F89       CompClient
 01A7:710A       FrameWnd
 01A7:7216       DrawFrame
 01A7:724B       DrawVScroll
 01A7:734C       DrawHScroll
 01A7:744D       WINVRect
 01A7:74A9       WINHRect
 01A7:74FB       DRAWVERTTHUMB
 01A7:7530       DRAWHORZTHUMB
 01A7:7565       DRAWVTHUMB
 01A7:769D       DRAWHTHUMB
 01A7:77D7       SCROLLWINDOW
 01A7:79E8       InTiled_IconicWindows
 01A7:7A2D       WINWhere
 01A7:7A8B       InClm
 01A7:7ACB       InWnd
 01A7:7B54       InChild
 01A7:7B9E       MenuCopy
 01A7:7CC9       MenuDraw
 01A7:7DE0       ItemClear
 01A7:7E91       ItemDraw
 01A7:8016       MenuTrack
 01A7:815B       MenuPtInCmd
 01A7:824C       MenuPWidth
 01A7:82C0       MenuCompHeight
 01A7:8428       CallClassInput
 01A7:8483       MenuInvert
 01A7:8599       ItemSize
 01A7:866A       CREATEMENU
 01A7:86CD       DESTROYMENU
 01A7:8772       MenuAddItem
 01A7:898D       MenuDeleteItem
 01A7:8AAD       ADDMENUSTRING
 01A7:8AFC       APPENDMENUSTRING
 01A7:8B66       NEWMENUSTRING
 01A7:8BB8       ADDMENUBITMAP
 01A7:8C05       NEWMENUBITMAP
 01A7:8C50       APPENDMENUBITMAP
 01A7:8CB7       ENABLEMENUITEM
 01A7:8D48       CHECKMENUITEM
 01A7:8DD3       MenuSDraw
 01A7:8ED9       MenuSCompHeight
 01A7:8F32       MenuTopTrack
 01A7:91FC       MenuBar
 01A7:9243       MenuSInput
 01A7:928D       MenuSTrack
 01A7:92B5       MenuPPost
 01A7:93AB       MenuPDraw
 01A7:93D1       MenuPCompHeight
 01A7:93E1       MenuPInput
 01A7:946B       InitMenus
 01A7:94D6       _CSTODS
 01A7:94D8       SetSegs
 01A7:94E6       timer_event
 01A7:9544       keybd_event
 01A7:9564       keybd1_event
 01A7:9596       mouse_event
 01A7:97D0       EIinit
 01A7:97FA       EISAVE
 01A7:981E       EIFLUSH
 01A7:9840       EIFence
 01A7:9855       EIunget
 01A7:98F4       EIget
 01A7:99F5       MIinit
 01A7:9A0E       MIrate
 01A7:9A23       MIclip
 01A7:9A5E       MIprotect
 01A7:9B0D       MIunprotect
 01A7:9B37       MIposition
 01A7:9B7E       MIsetcursor
 01A7:9BDD       MIhide
 01A7:9BED       MIshow
 01A7:9C0D       CALLINSTANCE
 01A7:9C51       ClassCreate
 01A7:9C5E       ClassDestroy
 01A7:9C6B       ClassIcon
 01A7:9C78       ClassPaint
 01A7:9C85       ClassSize
 01A7:9C93       ClassInput
 01A7:9CA1       ClassFocus
 01A7:9CAF       CLASSSCROLL
 01A7:9CBD       ClassData
 01A7:9CCB       CLIENTTOSCREEN
 01A7:9CF5       WINScreenToClient
 01A7:9D13       SCREENTOCLIENT
 01A7:9D51       ScreenToWindow
 01A7:9D6F       ISICONIC
 01A7:9D8F       LRectCToS
 01A7:9DBA       LRectSToC
 01A7:9DE1       LRectSToW
 01A7:9E06       GETCLIENTRECT
 01A7:9E47       GetWindowRect
 01A7:9E7C       GETMENU
 01A7:9E99       QUERYSUBMENU
 01A7:9F15       SETSCROLLBARS
 01A7:9FE9       SETMENU
 01A7:A033       GETNAME
 01A7:A0C0       SETNAME
 01A7:A154       SETDESIREDHEIGHT
 01A7:A1A6       NOTIFYWINDOW
 01A7:A1CD       DupBitmap
 01A7:A270       ISWINDOWENABLED
 01A7:A298       SETRECT
 01A7:A2C3       SETRECTEMPTY
 01A7:A2E5       COPYRECT
 01A7:A30A       ISRECTEMPTY
 01A7:A338       PTINRECT
 01A7:A372       OFFSETRECT
 01A7:A39B       INFLATERECT
 01A7:A3C4       INTERSECTRECT
 01A7:A426       UNIONRECT
 01A7:A4B8       FILLRECT
 01A7:A504       INVERTRECT
 01A7:A535       LRCCFRAME
 01A7:A5C2       FRAMERECT
 01A7:A5EC       LRCIFrame
 01A7:A612       ClsSizeIncrease
 01A7:A65F       REGISTERCLASS
 01A7:A771       ClassIndex
 01A7:A7ED       GetClass
 01A7:A840       NextEvent
 01A7:A899       ITProbe
 01A7:A8EF       ITNextEvent
 01A7:A907       ITTestCond
 01A7:A9F3       percent
 01A7:AA33       LFillStruct
 01A7:AA4C       LCmpStruct
 01A7:AA6C       LCopyStruct
 01A7:AA98       WINputs
 01A7:AABC       MSToTics
 01A7:AAE9       breaktext
 01A7:ABEE       POSTMESSAGE
 01A7:AD01       POSTERROR
 01A7:AD53       PostPaint
 01A7:ADDE       PostInput
 01A7:AE1F       InitPost
 01A7:AED0       RegisterCtlMgr
 01A7:AEFA       INITCTLMGR
 01A7:AF10       REGISTERCTLCLASS
 01A7:AF4F       CREATECTL
 01A7:AFF5       SETCTLTEXT
 01A7:B01D       GETCTLTEXT
 01A7:B062       GETCTLTEXTLENGTH
 01A7:B087       CTLMSG0
 01A7:B0AF       CTLMSG1
 01A7:B0D9       CTLMSG2
 01A7:B104       CTLMSG3
 01A7:B12F       CHECKBUTTON
 01A7:B153       ISBUTTONCHECKED
 01A7:B173       NotifyCtl
 01A7:B1C6       ENABLECTL
 01A7:B1F8       DrawText
 01A7:B29F       bltbyte
 01A7:B2E9       BlockMove
 01A7:B310       DebugFree
 01A7:B330       DebugReAlloc
 01A7:B35A       DebugBreak
 01A7:B375       CREATEDLG
 01A7:B7FF       GETDLGITEM
 01A7:B828       SETDLGITEMTEXT
 01A7:B875       GETDLGITEMTEXT
 01A7:B8B5       DLGITEMMSG0
 01A7:B8DC       DLGITEMMSG1
 01A7:B905       DLGITEMMSG2
 01A7:B92F       DLGITEMMSG3
 01A7:B959       DlgItemMsg
 01A7:B991       CHECKDLGBUTTON
 01A7:B9C7       ISDLGBUTTONCHECKED
 01A7:B9FE       GetDlgItem2
 01A7:BA46       DlgDestroy
 01A7:BA95       DlgInput
 01A7:BB4A       SkipSz
 01A7:BB64       NextEditField
 01A7:BBF4       MENULOAD
 01A7:BC5C       MenuLoad2
 01A7:BD1E       RegisterDlg
 01A7:BD97       ButtonDestroy
 01A7:BDCD       ButtonPaint
 01A7:BFB1       ButtonInput
 01A7:C3E0       DrawNewState
 01A7:C446       InvertCheck
 01A7:C47C       DrawHilite
 01A7:C4C6       CalcCheckRect
 01A7:C513       GrayRect
 01A7:C559       UserNotify
 01A7:C598       NotifyParent
 01A7:C5C7       AllocPbtn
 01A7:C680       FPtInWnd
 01A7:C6B3       RegisterButton
 01A7:C72C       StaticDestroy
 01A7:C762       StaticPaint
 01A7:C8CA       StaticInput
 01A7:CA9B       AllocPstat
 01A7:CB46       RegisterStatic
 01A7:CBB1       EditDestroy
 01A7:CC05       EditPaint
 01A7:CCC2       EditInput
 01A7:D051       EditFocus
 01A7:D10D       SetEdText
 01A7:D177       EdCharInput
 01A7:D270       EdClip
 01A7:D2D7       EdTrackMouse
 01A7:D3AB       SetupEdDC
 01A7:D3CF       ChangeEdSel
 01A7:D4D0       DrawEdSel
 01A7:D516       EdDrawCaret
 01A7:D54D       EdIchFromPt
 01A7:D61A       EdPtFromIch
 01A7:D672       GetPosDelta
 01A7:D6C9       CalcEdRect
 01A7:D70A       EdInsert
 01A7:D784       EdDelete
 01A7:D7E5       DrawEdLine
 01A7:D893       RegisterEdit
 01A7:D91B       __lmul
 01A7:D97F       __ldiv
 01A7:DA1E       __ulmul

Program entry point at 01A7:0A8A
